Archive member included to satisfy reference by file (symbol)

/opt/devkitpro/libnds/lib/libnds9.a(video.o)
                              main.o (vramSetPrimaryBanks)
/opt/devkitpro/libnds/lib/libnds9.a(console.o)
                              main.o (consoleInit)
/opt/devkitpro/libnds/lib/libnds9.a(keyboard.o)
                              main.o (keyboardUpdate)
/opt/devkitpro/libnds/lib/libnds9.a(keys.o)
                              main.o (scanKeys)
/opt/devkitpro/libnds/lib/libnds9.a(initSystem.o)
                              /opt/devkitpro/devkitARM/bin/../lib/gcc/arm-none-eabi/12.1.0/../../../../arm-none-eabi/lib/thumb/ds_arm9_crt0.o (initSystem)
/opt/devkitpro/libnds/lib/libnds9.a(securearea.o)
                              /opt/devkitpro/devkitARM/bin/../lib/gcc/arm-none-eabi/12.1.0/../../../../arm-none-eabi/lib/thumb/ds_arm9_crt0.o (__secure_area__)
/opt/devkitpro/libnds/lib/libnds9.a(interrupts.o)
                              /opt/devkitpro/libnds/lib/libnds9.a(initSystem.o) (irqInit)
/opt/devkitpro/libnds/lib/libnds9.a(libnds_exit.arm.o)
                              /opt/devkitpro/devkitARM/bin/../lib/gcc/arm-none-eabi/12.1.0/../../../../arm-none-eabi/lib/thumb/ds_arm9_crt0.o (__libnds_exit)
/opt/devkitpro/libnds/lib/libnds9.a(fifosystem.o)
                              /opt/devkitpro/libnds/lib/libnds9.a(initSystem.o) (fifoSetValue32Handler)
/opt/devkitpro/libnds/lib/libnds9.a(mpu_setup.o)
                              /opt/devkitpro/devkitARM/bin/../lib/gcc/arm-none-eabi/12.1.0/../../../../arm-none-eabi/lib/thumb/ds_arm9_crt0.o (__libnds_mpu_setup)
/opt/devkitpro/libnds/lib/libnds9.a(IntrWait.o)
                              main.o (swiWaitForVBlank)
/opt/devkitpro/libnds/lib/libnds9.a(cpu_clock.o)
                              /opt/devkitpro/libnds/lib/libnds9.a(initSystem.o) (setCpuClock)
/opt/devkitpro/libnds/lib/libnds9.a(interruptDispatcher.o)
                              /opt/devkitpro/libnds/lib/libnds9.a(interrupts.o) (IntrMain)
/opt/devkitpro/libnds/lib/libnds9.a(debugprint.o)
                              /opt/devkitpro/libnds/lib/libnds9.a(console.o) (nocashWrite)
/opt/devkitpro/libnds/lib/libnds9.a(swiSoftReset.o)
                              /opt/devkitpro/libnds/lib/libnds9.a(fifosystem.o) (swiSoftReset)
/opt/devkitpro/libnds/lib/libnds9.a(default_font.bin.o)
                              /opt/devkitpro/libnds/lib/libnds9.a(console.o) (default_font_bin)
/opt/devkitpro/libnds/lib/libnds9.a(keyboardGfx.o)
                              /opt/devkitpro/libnds/lib/libnds9.a(keyboard.o) (keyboardGfxTiles)
/opt/devkitpro/libnds/lib/libnds9.a(background.o)
                              /opt/devkitpro/libnds/lib/libnds9.a(keyboard.o) (bgUpdate)
/opt/devkitpro/libnds/lib/libnds9.a(trig.o)
                              /opt/devkitpro/libnds/lib/libnds9.a(background.o) (sinLerp)
/opt/devkitpro/libnds/lib/libnds9.a(touch.o)
                              /opt/devkitpro/libnds/lib/libnds9.a(keyboard.o) (touchRead)
/opt/devkitpro/libnds/lib/libnds9.a(system.o)
                              /opt/devkitpro/libnds/lib/libnds9.a(initSystem.o) (systemValueHandler)
/opt/devkitpro/libnds/lib/libnds9.a(decompress.o)
                              /opt/devkitpro/libnds/lib/libnds9.a(keyboard.o) (decompress)
/opt/devkitpro/libnds/lib/libnds9.a(syscalls.o)
                              /opt/devkitpro/libnds/lib/libnds9.a(decompress.o) (swiDecompressLZSSVram)
/opt/devkitpro/libnds/lib/libnds9.a(biosCalls.o)
                              /opt/devkitpro/libnds/lib/libnds9.a(system.o) (swiDelay)
/opt/devkitpro/devkitARM/bin/../lib/gcc/arm-none-eabi/12.1.0/../../../../arm-none-eabi/lib/thumb/libstdc++.a(class_type_info.o)
                              console.o (vtable for __cxxabiv1::__class_type_info)
/opt/devkitpro/devkitARM/bin/../lib/gcc/arm-none-eabi/12.1.0/../../../../arm-none-eabi/lib/thumb/libstdc++.a(del_ops.o)
                              nscript.o (operator delete(void*, unsigned int))
/opt/devkitpro/devkitARM/bin/../lib/gcc/arm-none-eabi/12.1.0/../../../../arm-none-eabi/lib/thumb/libstdc++.a(eh_alloc.o)
                              console.o (__cxa_allocate_exception)
/opt/devkitpro/devkitARM/bin/../lib/gcc/arm-none-eabi/12.1.0/../../../../arm-none-eabi/lib/thumb/libstdc++.a(eh_arm.o)
                              nscript.o (__cxa_end_cleanup)
/opt/devkitpro/devkitARM/bin/../lib/gcc/arm-none-eabi/12.1.0/../../../../arm-none-eabi/lib/thumb/libstdc++.a(eh_catch.o)
                              console.o (__cxa_begin_catch)
/opt/devkitpro/devkitARM/bin/../lib/gcc/arm-none-eabi/12.1.0/../../../../arm-none-eabi/lib/thumb/libstdc++.a(eh_exception.o)
                              console.o (std::exception::~exception())
/opt/devkitpro/devkitARM/bin/../lib/gcc/arm-none-eabi/12.1.0/../../../../arm-none-eabi/lib/thumb/libstdc++.a(eh_globals.o)
[...]
Memory Configuration

Name             Origin             Length             Attributes
ewram            0x0000000002000000 0x0000000000380000
dtcm             0x0000000002ff0000 0x0000000000004000
vectors          0x0000000001000000 0x0000000000000100
itcm             0x0000000001000100 0x0000000000007f00
*default*        0x0000000000000000 0xffffffffffffffff

Linker script and memory map

                0x0000000002380000                __ewram_end = (ORIGIN (ewram) + LENGTH (ewram))
                0x0000000002380000                __eheap_end = (ORIGIN (ewram) + LENGTH (ewram))
                0x0000000002ff4000                __dtcm_top = (ORIGIN (dtcm) + LENGTH (dtcm))
                0x0000000002ff3ff8                __irq_flags = (__dtcm_top - 0x8)
                0x0000000002ff3ffc                __irq_vector = (__dtcm_top - 0x4)
                0x0000000002ff3f00                __sp_svc = (__dtcm_top - 0x100)
                0x0000000002ff3e00                __sp_irq = (__sp_svc - 0x100)
                0x0000000002ff3d00                __sp_usr = (__sp_irq - 0x100)

.secure         0x0000000002000000      0x800
 *(.secure)
 .secure        0x0000000002000000      0x800 /opt/devkitpro/libnds/lib/libnds9.a(securearea.o)
                0x0000000002000000                __secure_area__

.crt0           0x0000000002000800      0x300
                0x0000000002000800                __text_start = .
 *(.crt0)
 .crt0          0x0000000002000800      0x300 /opt/devkitpro/devkitARM/bin/../lib/gcc/arm-none-eabi/12.1.0/../../../../arm-none-eabi/lib/thumb/ds_arm9_crt0.o
                0x0000000002000800                _start
                0x0000000002000b00                . = ALIGN (0x4)

.plt
 *(.plt)

.init           0x0000000002000b00        0xc
 *(SORT_NONE(.init))
 .init          0x0000000002000b00        0x4 /opt/devkitpro/devkitARM/bin/../lib/gcc/arm-none-eabi/12.1.0/thumb/crti.o
                0x0000000002000b00                _init
 .init          0x0000000002000b04        0x8 /opt/devkitpro/devkitARM/bin/../lib/gcc/arm-none-eabi/12.1.0/thumb/crtn.o

.text           0x0000000002000b10    0x190f0
 *(EXCLUDE_FILE(*.twl* *.vectors* *.itcm*) .text)
 .text          0x0000000002000b10      0xac0 nscript.o
                0x0000000002000b5c                NScript::Node::toString[abi:cxx11]()
 .text          0x00000000020015d0      0x924 console.o
                0x0000000002001638                NDSConsole::insertChar(char)
                0x00000000020016d4                NDSConsole::removeChar()
                0x0000000002001724                NDSConsole::flushPromptBuffer(unsigned long long, bool)
                0x0000000002001860                NDSConsole::moveCursorIndex(CursorMovingDirection)
                0x0000000002001894                NDSConsole::moveRecentBuffer(BufferMovingDirection)
                0x00000000020018e0                NDSConsole::printPromptParsingError(NScript::ParserError)
                0x00000000020019bc                NDSConsole::printBlinkingCursor(unsigned long long, bool)
                0x0000000002001af8                NDSConsole::processCommand(std::__cxx11::basic_string<char, std::char_traits<char>, std::allocator<char> >)
                0x0000000002001cbc                NDSConsole::returnPrompt()
                0x0000000002001e34                NDSConsole::processVirtualKey(int)
 .text          0x0000000002001ef4      0x150 /opt/devkitpro/devkitARM/bin/../lib/gcc/arm-none-eabi/12.1.0/thumb/libgcc.a(_divsi3.o)
                0x0000000002001ef4                __aeabi_idiv
                0x0000000002001ef4                __divsi3
                0x0000000002002024                __aeabi_idivmod
 .text          0x0000000002002044        0x4 /opt/devkitpro/devkitARM/bin/../lib/gcc/arm-none-eabi/12.1.0/thumb/libgcc.a(_dvmd_tls.o)
                0x0000000002002044                __aeabi_ldiv0
                0x0000000002002044                __aeabi_idiv0
 .text          0x0000000002002048      0x1d8 /opt/devkitpro/devkitARM/bin/../lib/gcc/arm-none-eabi/12.1.0/thumb/libgcc.a(libunwind.o)
                0x0000000002002048                __restore_core_regs
                0x0000000002002048                restore_core_regs
                0x0000000002002064                __gnu_Unwind_Restore_VFP
                0x000000000200206c                __gnu_Unwind_Save_VFP
                0x0000000002002074                __gnu_Unwind_Restore_VFP_D
                0x000000000200207c                __gnu_Unwind_Save_VFP_D
                0x0000000002002084                __gnu_Unwind_Restore_VFP_D_16_to_31
                0x000000000200208c                __gnu_Unwind_Save_VFP_D_16_to_31
                0x0000000002002094                __gnu_Unwind_Restore_WMMXD
                0x00000000020020d8                __gnu_Unwind_Save_WMMXD
                0x000000000200211c                __gnu_Unwind_Restore_WMMXC
                0x0000000002002130                __gnu_Unwind_Save_WMMXC
                0x0000000002002144                ___Unwind_RaiseException
                0x0000000002002144                _Unwind_RaiseException
                0x0000000002002170                ___Unwind_Resume
                0x0000000002002170                _Unwind_Resume
                0x000000000200219c                _Unwind_Resume_or_Rethrow
                0x000000000200219c                ___Unwind_Resume_or_Rethrow
                0x00000000020021c8                ___Unwind_ForcedUnwind
                0x00000000020021c8                _Unwind_ForcedUnwind
                0x00000000020021f4                _Unwind_Backtrace
                0x00000000020021f4                ___Unwind_Backtrace
 .text          0x0000000002002220      0x224 /opt/devkitpro/devkitARM/bin/../lib/gcc/arm-none-eabi/12.1.0/../../../../arm-none-eabi/lib/thumb/libg.a(lib_a-strcmp.o)
                0x0000000002002220                strcmp
 .text          0x0000000002002444       0x14 /opt/devkitpro/devkitARM/bin/../lib/gcc/arm-none-eabi/12.1.0/thumb/libgcc.a(_thumb1_case_uqi.o)
                0x0000000002002444                __gnu_thumb1_case_uqi
 .text          0x0000000002002458       0x14 /opt/devkitpro/devkitARM/bin/../lib/gcc/arm-none-eabi/12.1.0/thumb/libgcc.a(_thumb1_case_uhi.o)
                0x0000000002002458                __gnu_thumb1_case_uhi
 .text          0x000000000200246c      0x11c /opt/devkitpro/devkitARM/bin/../lib/gcc/arm-none-eabi/12.1.0/thumb/libgcc.a(_udivsi3.o)
                0x000000000200246c                __udivsi3
                0x000000000200246c                __aeabi_uidiv
                0x0000000002002568                __aeabi_uidivmod
 .text          0x0000000002002588      0x424 /opt/devkitpro/devkitARM/bin/../lib/gcc/arm-none-eabi/12.1.0/thumb/libgcc.a(_arm_addsubdf3.o)
                0x0000000002002588                __aeabi_drsub
                0x0000000002002590                __aeabi_dsub
                0x0000000002002590                __subdf3
                0x0000000002002594                __adddf3
                0x0000000002002594                __aeabi_dadd
                0x00000000020028a4                __aeabi_ui2d
                0x00000000020028a4                __floatunsidf
                0x00000000020028c8                __floatsidf
                0x00000000020028c8                __aeabi_i2d
                0x00000000020028f0                __extendsfdf2
                0x00000000020028f0                __aeabi_f2d
                0x0000000002002938                __aeabi_ul2d
                0x0000000002002938                __floatundidf
                0x000000000200294c                __floatdidf
                0x000000000200294c                __aeabi_l2d
 .text          0x00000000020029ac      0x49c /opt/devkitpro/devkitARM/bin/../lib/gcc/arm-none-eabi/12.1.0/thumb/libgcc.a(_arm_muldivdf3.o)
                0x00000000020029ac                __aeabi_dmul
                0x00000000020029ac                __muldf3
                0x0000000002002c3c                __aeabi_ddiv
                0x0000000002002c3c                __divdf3
 .text          0x0000000002002e48      0x144 /opt/devkitpro/devkitARM/bin/../lib/gcc/arm-none-eabi/12.1.0/thumb/libgcc.a(_arm_cmpdf2.o)
                0x0000000002002e48                __gtdf2
                0x0000000002002e48                __gedf2
                0x0000000002002e50                __ltdf2
                0x0000000002002e50                __ledf2
                0x0000000002002e58                __cmpdf2
                0x0000000002002e58                __eqdf2
                0x0000000002002e58                __nedf2
                0x0000000002002ee0                __aeabi_cdrcmple
                0x0000000002002efc                __aeabi_cdcmple
                0x0000000002002efc                __aeabi_cdcmpeq
                0x0000000002002f14                __aeabi_dcmpeq
                0x0000000002002f2c                __aeabi_dcmplt
                0x0000000002002f44                __aeabi_dcmple
                0x0000000002002f5c                __aeabi_dcmpge
                0x0000000002002f74                __aeabi_dcmpgt
 .text          0x0000000002002f8c       0x38 /opt/devkitpro/devkitARM/bin/../lib/gcc/arm-none-eabi/12.1.0/thumb/libgcc.a(_arm_unorddf2.o)
                0x0000000002002f8c                __aeabi_dcmpun
                0x0000000002002f8c                __unorddf2
 .text          0x0000000002002fc4       0x5c /opt/devkitpro/devkitARM/bin/../lib/gcc/arm-none-eabi/12.1.0/thumb/libgcc.a(_arm_fixdfsi.o)
                0x0000000002002fc4                __fixdfsi
                0x0000000002002fc4                __aeabi_d2iz
 .text          0x0000000002003020       0x54 /opt/devkitpro/devkitARM/bin/../lib/gcc/arm-none-eabi/12.1.0/thumb/libgcc.a(_arm_fixunsdfsi.o)
                0x0000000002003020                __fixunsdfsi
                0x0000000002003020                __aeabi_d2uiz
 .text          0x0000000002003074       0x3c /opt/devkitpro/devkitARM/bin/../lib/gcc/arm-none-eabi/12.1.0/thumb/libgcc.a(_aeabi_uldivmod.o)
                0x0000000002003074                __aeabi_uldivmod
 .text          0x00000000020030b0       0x28 /opt/devkitpro/devkitARM/bin/../lib/gcc/arm-none-eabi/12.1.0/thumb/libgcc.a(_clzdi2.o)
                0x00000000020030b0                __clzdi2
 .text          0x00000000020030d8       0x48 /opt/devkitpro/devkitARM/bin/../lib/gcc/arm-none-eabi/12.1.0/thumb/libgcc.a(_clzsi2.o)
                0x00000000020030d8                __clzsi2
 *(EXCLUDE_FILE(*.twl* *.vectors* *.itcm*) .stub)
 *(EXCLUDE_FILE(*.twl* *.vectors* *.itcm*) .text.*)
 .text.__do_global_dtors_aux
                0x0000000002003120       0x2c /opt/devkitpro/devkitARM/bin/../lib/gcc/arm-none-eabi/12.1.0/thumb/crtbegin.o
 .text.frame_dummy
                0x000000000200314c       0x24 /opt/devkitpro/devkitARM/bin/../lib/gcc/arm-none-eabi/12.1.0/thumb/crtbegin.o
 .text._ZN9__gnu_cxx12__to_xstringINSt7__cxx1112basic_stringIcSt11char_traitsIcESaIcEEEcEET_PFiPT0_jPKS8_St9__va_listEjSB_z
                0x0000000002003170       0x44 nscript.o
                0x0000000002003170                std::__cxx11::basic_string<char, std::char_traits<char>, std::allocator<char> > __gnu_cxx::__to_xstring<std::__cxx11::basic_string<char, std::char_traits<char>, std::allocator<char> >, char>(int (*)(char*, unsigned int, char const*, std::__va_list), unsigned int, char const*, ...)
 .text._ZNSt17_Function_handlerIFbvEZN7NScript6Parser18collectStringTokenEvEUlvE_E10_M_managerERSt9_Any_dataRKS5_St18_Manager_operation
                0x00000000020031b4       0x20 console.o
                0x00000000020031b4                std::_Function_handler<bool (), NScript::Parser::collectStringToken()::{lambda()#1}>::_M_manager(std::_Any_data&, std::_Any_data const&, std::_Manager_operation)
 .text._ZNSt17_Function_handlerIFbvEZN7NScript6Parser15collectNumTokenEvEUlvE_E10_M_managerERSt9_Any_dataRKS5_St18_Manager_operation
                0x00000000020031d4       0x20 console.o
                0x00000000020031d4                std::_Function_handler<bool (), NScript::Parser::collectNumToken()::{lambda()#1}>::_M_manager(std::_Any_data&, std::_Any_data const&, std::_Manager_operation)
 .text._ZNSt17_Function_handlerIFbvEZN7NScript6Parser22collectIdentifierTokenEvEUlvE_E10_M_managerERSt9_Any_dataRKS5_St18_Manager_operation
                0x00000000020031f4       0x20 console.o
                0x00000000020031f4                std::_Function_handler<bool (), NScript::Parser::collectIdentifierToken()::{lambda()#1}>::_M_manager(std::_Any_data&, std::_Any_data const&, std::_Manager_operation)
 .text._ZNSt17_Function_handlerIFN7NScript4NodeEvEZNS0_6Parser16expectExpressionEvEUlvE_E10_M_managerERSt9_Any_dataRKS6_St18_Manager_operation
                0x0000000002003214       0x20 console.o
                0x0000000002003214                std::_Function_handler<NScript::Node (), NScript::Parser::expectExpression()::{lambda()#1}>::_M_manager(std::_Any_data&, std::_Any_data const&, std::_Manager_operation)
 .text._ZNSt17_Function_handlerIFN7NScript4NodeEvEZZNS0_6Parser16expectExpressionEvENKUlvE_clEvEUlvE_E10_M_managerERSt9_Any_dataRKS7_St18_Manager_operation
                0x0000000002003234       0x20 console.o
                0x0000000002003234                std::_Function_handler<NScript::Node (), NScript::Parser::expectExpression()::{lambda()#1}::operator()() const::{lambda()#1}>::_M_manager(std::_Any_data&, std::_Any_data const&, std::_Manager_operation)
 .text._ZNSt17_Function_handlerIFbvEZN7NScript6Parser18collectStringTokenEvEUlvE_E9_M_invokeERKSt9_Any_data
                0x0000000002003254       0x28 console.o
                0x0000000002003254                std::_Function_handler<bool (), NScript::Parser::collectStringToken()::{lambda()#1}>::_M_invoke(std::_Any_data const&)
 .text._ZNSt17_Function_handlerIFbvEZN7NScript6Parser15collectNumTokenEvEUlvE_E9_M_invokeERKSt9_Any_data
                0x000000000200327c       0x20 console.o
                0x000000000200327c                std::_Function_handler<bool (), NScript::Parser::collectNumToken()::{lambda()#1}>::_M_invoke(std::_Any_data const&)
 .text._ZNSt17_Function_handlerIFbvEZN7NScript6Parser22collectIdentifierTokenEvEUlvE_E9_M_invokeERKSt9_Any_data
                0x000000000200329c       0x34 console.o
                0x000000000200329c                std::_Function_handler<bool (), NScript::Parser::collectIdentifierToken()::{lambda()#1}>::_M_invoke(std::_Any_data const&)
 .text._ZN7NScript11ParserErrorD2Ev
                0x00000000020032d0       0x48 console.o
                0x00000000020032d0                NScript::ParserError::~ParserError()
                0x00000000020032d0                NScript::ParserError::~ParserError()
 .text._ZN7NScript11ParserErrorD0Ev
                0x0000000002003318       0x50 console.o
                0x0000000002003318                NScript::ParserError::~ParserError()
 .text._ZNSt14_Function_baseD2Ev
                0x0000000002003368       0x14 console.o
                0x0000000002003368                std::_Function_base::~_Function_base()
                0x0000000002003368                std::_Function_base::~_Function_base()
 .text._ZN7NScript4Node12kindToStringB5cxx11ENS_8NodeKindE
                0x000000000200337c       0xe8 console.o
                0x000000000200337c                NScript::Node::kindToString[abi:cxx11](NScript::NodeKind)
 .text._ZNSt12_Vector_baseIN7NScript4NodeESaIS1_EED2Ev
                0x0000000002003464       0x18 console.o
                0x0000000002003464                std::_Vector_base<NScript::Node, std::allocator<NScript::Node> >::~_Vector_base()
                0x0000000002003464                std::_Vector_base<NScript::Node, std::allocator<NScript::Node> >::~_Vector_base()
 .text._ZNSt12_Vector_baseINSt7__cxx1112basic_stringIcSt11char_traitsIcESaIcEEESaIS5_EED2Ev
                0x000000000200347c       0x18 console.o
                0x000000000200347c                std::_Vector_base<std::__cxx11::basic_string<char, std::char_traits<char>, std::allocator<char> >, std::allocator<std::__cxx11::basic_string<char, std::char_traits<char>, std::allocator<char> > > >::~_Vector_base()
                0x000000000200347c                std::_Vector_base<std::__cxx11::basic_string<char, std::char_traits<char>, std::allocator<char> >, std::allocator<std::__cxx11::basic_string<char, std::char_traits<char>, std::allocator<char> > > >::~_Vector_base()
 .text._ZNSt6vectorINSt7__cxx1112basic_stringIcSt11char_traitsIcESaIcEEESaIS5_EED2Ev
                0x0000000002003494       0x38 console.o
                0x0000000002003494                std::vector<std::__cxx11::basic_string<char, std::char_traits<char>, std::allocator<char> >, std::allocator<std::__cxx11::basic_string<char, std::char_traits<char>, std::allocator<char> > > >::~vector()
                0x0000000002003494                std::vector<std::__cxx11::basic_string<char, std::char_traits<char>, std::allocator<char> >, std::allocator<std::__cxx11::basic_string<char, std::char_traits<char>, std::allocator<char> > > >::~vector()
 .text._ZNSt6vectorINSt7__cxx1112basic_stringIcSt11char_traitsIcESaIcEEESaIS5_EEC2ESt16initializer_listIS5_ERKS6_
                0x00000000020034cc       0xe4 console.o
                0x00000000020034cc                std::vector<std::__cxx11::basic_string<char, std::char_traits<char>, std::allocator<char> >, std::allocator<std::__cxx11::basic_string<char, std::char_traits<char>, std::allocator<char> > > >::vector(std::initializer_list<std::__cxx11::basic_string<char, std::char_traits<char>, std::allocator<char> > >, std::allocator<std::__cxx11::basic_string<char, std::char_traits<char>, std::allocator<char> > > const&)
                0x00000000020034cc                std::vector<std::__cxx11::basic_string<char, std::char_traits<char>, std::allocator<char> >, std::allocator<std::__cxx11::basic_string<char, std::char_traits<char>, std::allocator<char> > > >::vector(std::initializer_list<std::__cxx11::basic_string<char, std::char_traits<char>, std::allocator<char> > >, std::allocator<std::__cxx11::basic_string<char, std::char_traits<char>, std::allocator<char> > > const&)
 .text._ZNSt12_Vector_baseIN7NScript8NodeKindESaIS1_EED2Ev
                0x00000000020035b0       0x18 console.o
                0x00000000020035b0                std::_Vector_base<NScript::NodeKind, std::allocator<NScript::NodeKind> >::~_Vector_base()
                0x00000000020035b0                std::_Vector_base<NScript::NodeKind, std::allocator<NScript::NodeKind> >::~_Vector_base()
 .text._ZNSt6vectorIPNSt7__cxx1112basic_stringIcSt11char_traitsIcESaIcEEESaIS6_EE17_M_realloc_insertIJRKS6_EEEvN9__gnu_cxx17__normal_iteratorIPS6_S8_EEDpOT_
                0x00000000020035c8       0xf0 console.o
                0x00000000020035c8                void std::vector<std::__cxx11::basic_string<char, std::char_traits<char>, std::allocator<char> >*, std::allocator<std::__cxx11::basic_string<char, std::char_traits<char>, std::allocator<char> >*> >::_M_realloc_insert<std::__cxx11::basic_string<char, std::char_traits<char>, std::allocator<char> >* const&>(__gnu_cxx::__normal_iterator<std::__cxx11::basic_string<char, std::char_traits<char>, std::allocator<char> >**, std::vector<std::__cxx11::basic_string<char, std::char_traits<char>, std::allocator<char> >*, std::allocator<std::__cxx11::basic_string<char, std::char_traits<char>, std::allocator<char> >*> > >, std::__cxx11::basic_string<char, std::char_traits<char>, std::allocator<char> >* const&)
 .text._ZNSt6vectorIN7NScript4NodeESaIS1_EE17_M_realloc_insertIJS1_EEEvN9__gnu_cxx17__normal_iteratorIPS1_S3_EEDpOT_
                0x00000000020036b8       0xf0 console.o
                0x00000000020036b8                void std::vector<NScript::Node, std::allocator<NScript::Node> >::_M_realloc_insert<NScript::Node>(__gnu_cxx::__normal_iterator<NScript::Node*, std::vector<NScript::Node, std::allocator<NScript::Node> > >, NScript::Node&&)
 .text._ZSt16__do_uninit_copyIN9__gnu_cxx17__normal_iteratorIPKNSt7__cxx1112basic_stringIcSt11char_traitsIcESaIcEEESt6vectorIS7_SaIS7_EEEEPS7_ET0_T_SG_SF_
                0x00000000020037a8       0xa4 console.o
                0x00000000020037a8                std::__cxx11::basic_string<char, std::char_traits<char>, std::allocator<char> >* std::__do_uninit_copy<__gnu_cxx::__normal_iterator<std::__cxx11::basic_string<char, std::char_traits<char>, std::allocator<char> > const*, std::vector<std::__cxx11::basic_string<char, std::char_traits<char>, std::allocator<char> >, std::allocator<std::__cxx11::basic_string<char, std::char_traits<char>, std::allocator<char> > > > >, std::__cxx11::basic_string<char, std::char_traits<char>, std::allocator<char> >*>(__gnu_cxx::__normal_iterator<std::__cxx11::basic_string<char, std::char_traits<char>, std::allocator<char> > const*, std::vector<std::__cxx11::basic_string<char, std::char_traits<char>, std::allocator<char> >, std::allocator<std::__cxx11::basic_string<char, std::char_traits<char>, std::allocator<char> > > > >, __gnu_cxx::__normal_iterator<std::__cxx11::basic_string<char, std::char_traits<char>, std::allocator<char> > const*, std::vector<std::__cxx11::basic_string<char, std::char_traits<char>, std::allocator<char> >, std::allocator<std::__cxx11::basic_string<char, std::char_traits<char>, std::allocator<char> > > > >, std::__cxx11::basic_string<char, std::char_traits<char>, std::allocator<char> >*)
 .text._ZN7NScript11ParserErrorC2ESt6vectorINSt7__cxx1112basic_stringIcSt11char_traitsIcESaIcEEESaIS7_EENS_8PositionE
                0x000000000200384c       0xec console.o
                0x000000000200384c                NScript::ParserError::ParserError(std::vector<std::__cxx11::basic_string<char, std::char_traits<char>, std::allocator<char> >, std::allocator<std::__cxx11::basic_string<char, std::char_traits<char>, std::allocator<char> > > >, NScript::Position)
                0x000000000200384c                NScript::ParserError::ParserError(std::vector<std::__cxx11::basic_string<char, std::char_traits<char>, std::allocator<char> >, std::allocator<std::__cxx11::basic_string<char, std::char_traits<char>, std::allocator<char> > > >, NScript::Position)
 .text._ZN7NScript6Parser15collectNumTokenEv
                0x0000000002003938      0x52c console.o
                0x0000000002003938                NScript::Parser::collectNumToken()
 .text._ZN7NScript6Parser18collectStringTokenEv
                0x0000000002003e64      0x4cc console.o
                0x0000000002003e64                NScript::Parser::collectStringToken()
 .text._ZN7NScript6Parser9nextTokenEv
                0x0000000002004330      0x3f0 console.o
                0x0000000002004330                NScript::Parser::nextToken()
 .text._ZN7NScript6Parser18expectBinaryOrTermESt8functionIFNS_4NodeEvEESt6vectorINS_8NodeKindESaIS6_EE
                0x0000000002004720      0x198 console.o
                0x0000000002004720                NScript::Parser::expectBinaryOrTerm(std::function<NScript::Node ()>, std::vector<NScript::NodeKind, std::allocator<NScript::NodeKind> >)
 .text._ZNSt17_Function_handlerIFN7NScript4NodeEvEZNS0_6Parser16expectExpressionEvEUlvE_E9_M_invokeERKSt9_Any_data
                0x00000000020048b8       0x84 console.o
                0x00000000020048b8                std::_Function_handler<NScript::Node (), NScript::Parser::expectExpression()::{lambda()#1}>::_M_invoke(std::_Any_data const&)
 .text._ZN7NScript6Parser15collectCallNodeENS_4NodeE
                0x000000000200493c      0x42c console.o
                0x000000000200493c                NScript::Parser::collectCallNode(NScript::Node)
 .text._ZN7NScript6Parser10expectTermEv
                0x0000000002004d68      0x294 console.o
                0x0000000002004d68                NScript::Parser::expectTerm()
 .text._ZNSt17_Function_handlerIFN7NScript4NodeEvEZZNS0_6Parser16expectExpressionEvENKUlvE_clEvEUlvE_E9_M_invokeERKSt9_Any_data
                0x0000000002004ffc       0x10 console.o
                0x0000000002004ffc                std::_Function_handler<NScript::Node (), NScript::Parser::expectExpression()::{lambda()#1}::operator()() const::{lambda()#1}>::_M_invoke(std::_Any_data const&)
 .text._ZN7NScript11ParserErrorC2ERKS0_
                0x000000000200500c       0x74 console.o
                0x000000000200500c                NScript::ParserError::ParserError(NScript::ParserError const&)
                0x000000000200500c                NScript::ParserError::ParserError(NScript::ParserError const&)
 .text._ZNSt12_Vector_baseIPNSt7__cxx1112basic_stringIcSt11char_traitsIcESaIcEEESaIS6_EED2Ev
                0x0000000002005080       0x18 main.o
                0x0000000002005080                std::_Vector_base<std::__cxx11::basic_string<char, std::char_traits<char>, std::allocator<char> >*, std::allocator<std::__cxx11::basic_string<char, std::char_traits<char>, std::allocator<char> >*> >::~_Vector_base()
                0x0000000002005080                std::_Vector_base<std::__cxx11::basic_string<char, std::char_traits<char>, std::allocator<char> >*, std::allocator<std::__cxx11::basic_string<char, std::char_traits<char>, std::allocator<char> >*> >::~_Vector_base()
 .text.startup  0x0000000002005098      0x1dc main.o
                0x0000000002005098                main
 .text.vramSetPrimaryBanks
                0x0000000002005274       0x44 /opt/devkitpro/libnds/lib/libnds9.a(video.o)
                0x0000000002005274                vramSetPrimaryBanks
 .text.vramDefault
                0x00000000020052b8       0xd0 /opt/devkitpro/libnds/lib/libnds9.a(video.o)
                0x00000000020052b8                vramDefault
 .text.newRow   0x0000000002005388       0xa8 /opt/devkitpro/libnds/lib/libnds9.a(console.o)
 .text.consolePrintChar
                0x0000000002005430       0xe0 /opt/devkitpro/libnds/lib/libnds9.a(console.o)
                0x0000000002005430                consolePrintChar
 .text.con_write
                0x0000000002005510      0x36c /opt/devkitpro/libnds/lib/libnds9.a(console.o)
                0x0000000002005510                con_write
 .text.consoleLoadFont
                0x000000000200587c      0x2a0 /opt/devkitpro/libnds/lib/libnds9.a(console.o)
                0x000000000200587c                consoleLoadFont
 .text.consoleInit
                0x0000000002005b1c      0x18c /opt/devkitpro/libnds/lib/libnds9.a(console.o)
                0x0000000002005b1c                consoleInit
 .text.swapKeyGfx.part.0
                0x0000000002005ca8      0x13c /opt/devkitpro/libnds/lib/libnds9.a(keyboard.o)
 .text.keyboardGetKey
                0x0000000002005de4       0x4c /opt/devkitpro/libnds/lib/libnds9.a(keyboard.o)
                0x0000000002005de4                keyboardGetKey
 .text.keyboardShiftState
                0x0000000002005e30       0x90 /opt/devkitpro/libnds/lib/libnds9.a(keyboard.o)
                0x0000000002005e30                keyboardShiftState
 .text.keyboardUpdate
                0x0000000002005ec0      0x134 /opt/devkitpro/libnds/lib/libnds9.a(keyboard.o)
                0x0000000002005ec0                keyboardUpdate
 .text.keyboardInit
                0x0000000002005ff4      0x204 /opt/devkitpro/libnds/lib/libnds9.a(keyboard.o)
                0x0000000002005ff4                keyboardInit
 .text.keyboardShow
                0x00000000020061f8       0xd4 /opt/devkitpro/libnds/lib/libnds9.a(keyboard.o)
                0x00000000020061f8                keyboardShow
 .text.keyboardHide
                0x00000000020062cc       0x90 /opt/devkitpro/libnds/lib/libnds9.a(keyboard.o)
                0x00000000020062cc                keyboardHide
 .text.keyboardRead
                0x000000000200635c       0xbc /opt/devkitpro/libnds/lib/libnds9.a(keyboard.o)
                0x000000000200635c                keyboardRead
 .text.scanKeys
                0x0000000002006418       0x8c /opt/devkitpro/libnds/lib/libnds9.a(keys.o)
                0x0000000002006418                scanKeys
 .text.keysDown
                0x00000000020064a4       0x14 /opt/devkitpro/libnds/lib/libnds9.a(keys.o)
                0x00000000020064a4                keysDown
 .text.keysCurrent
                0x00000000020064b8       0x38 /opt/devkitpro/libnds/lib/libnds9.a(keys.o)
                0x00000000020064b8                keysCurrent
 .text.__syscall_exit
                0x00000000020064f0        0x8 /opt/devkitpro/libnds/lib/libnds9.a(initSystem.o)
                0x00000000020064f0                __syscall_exit
 .text.initSystem
                0x00000000020064f8      0x180 /opt/devkitpro/libnds/lib/libnds9.a(initSystem.o)
                0x00000000020064f8                initSystem
 .text.irqDummy
                0x0000000002006678        0x4 /opt/devkitpro/libnds/lib/libnds9.a(interrupts.o)
                0x0000000002006678                irqDummy
 .text.irqSet   0x000000000200667c       0x6c /opt/devkitpro/libnds/lib/libnds9.a(interrupts.o)
                0x000000000200667c                irqSet
 .text.irqInit  0x00000000020066e8       0x50 /opt/devkitpro/libnds/lib/libnds9.a(interrupts.o)
                0x00000000020066e8                irqInit
 .text.irqEnable
                0x0000000002006738       0x64 /opt/devkitpro/libnds/lib/libnds9.a(interrupts.o)
                0x0000000002006738                irqEnable
 .text.systemErrorExit
                0x000000000200679c        0x4 /opt/devkitpro/libnds/lib/libnds9.a(libnds_exit.arm.o)
                0x000000000200679c                systemErrorExit
 .text.__libnds_exit
                0x00000000020067a0       0x5c /opt/devkitpro/libnds/lib/libnds9.a(libnds_exit.arm.o)
                0x00000000020067a0                __libnds_exit
 .text.fifo_queueBlock
                0x00000000020067fc       0x44 /opt/devkitpro/libnds/lib/libnds9.a(fifosystem.o)
 .text.fifo_waitBlock
                0x0000000002006840       0x80 /opt/devkitpro/libnds/lib/libnds9.a(fifosystem.o)
 .text.fifoInternalSend.part.0
                0x00000000020068c0       0xd4 /opt/devkitpro/libnds/lib/libnds9.a(fifosystem.o)
 .text.fifoInternalSendInterrupt
                0x0000000002006994       0xb0 /opt/devkitpro/libnds/lib/libnds9.a(fifosystem.o)
 .text.fifoSetValue32Handler
                0x0000000002006a44       0xd4 /opt/devkitpro/libnds/lib/libnds9.a(fifosystem.o)
                0x0000000002006a44                fifoSetValue32Handler
 .text.fifoSendValue32
                0x0000000002006b18       0x4c /opt/devkitpro/libnds/lib/libnds9.a(fifosystem.o)
                0x0000000002006b18                fifoSendValue32
 .text.fifoGetDatamsg
                0x0000000002006b64       0xf4 /opt/devkitpro/libnds/lib/libnds9.a(fifosystem.o)
                0x0000000002006b64                fifoGetDatamsg
 .text.fifoInternalRecvInterrupt
                0x0000000002006c58      0x37c /opt/devkitpro/libnds/lib/libnds9.a(fifosystem.o)
 .text.fifoSetDatamsgHandler
                0x0000000002006fd4       0x9c /opt/devkitpro/libnds/lib/libnds9.a(fifosystem.o)
                0x0000000002006fd4                fifoSetDatamsgHandler
 .text.fifoInit
                0x0000000002007070      0x108 /opt/devkitpro/libnds/lib/libnds9.a(fifosystem.o)
                0x0000000002007070                fifoInit
 .text.__libnds_mpu_setup
                0x0000000002007178      0x174 /opt/devkitpro/libnds/lib/libnds9.a(mpu_setup.o)
                0x0000000002007178                __libnds_mpu_setup
 .text.memUncached
                0x00000000020072ec       0x20 /opt/devkitpro/libnds/lib/libnds9.a(mpu_setup.o)
                0x00000000020072ec                memUncached
 .text.swiWaitForVBlank
                0x000000000200730c        0x8 /opt/devkitpro/libnds/lib/libnds9.a(IntrWait.o)
                0x000000000200730c                swiWaitForVBlank
 .text.swiIntrWait
                0x0000000002007314       0x70 /opt/devkitpro/libnds/lib/libnds9.a(IntrWait.o)
                0x0000000002007314                swiIntrWait
 .text.setCpuClock
                0x0000000002007384       0x50 /opt/devkitpro/libnds/lib/libnds9.a(cpu_clock.o)
                0x0000000002007384                setCpuClock
 .text.swiSoftReset
                0x00000000020073d4       0x2c /opt/devkitpro/libnds/lib/libnds9.a(swiSoftReset.o)
                0x00000000020073d4                swiSoftReset
 .text.checkIfText
                0x0000000002007400       0x5c /opt/devkitpro/libnds/lib/libnds9.a(background.o)
                0x0000000002007400                checkIfText
 .text.bgUpdate
                0x000000000200745c       0xf4 /opt/devkitpro/libnds/lib/libnds9.a(background.o)
                0x000000000200745c                bgUpdate
 .text.bgInit_call
                0x0000000002007550       0xc4 /opt/devkitpro/libnds/lib/libnds9.a(background.o)
                0x0000000002007550                bgInit_call
 .text.bgInitSub_call
                0x0000000002007614       0xcc /opt/devkitpro/libnds/lib/libnds9.a(background.o)
                0x0000000002007614                bgInitSub_call
 .text.sinLutLookup
                0x00000000020076e0       0x4c /opt/devkitpro/libnds/lib/libnds9.a(trig.o)
                0x00000000020076e0                sinLutLookup
 .text.sinLerp  0x000000000200772c       0x40 /opt/devkitpro/libnds/lib/libnds9.a(trig.o)
                0x000000000200772c                sinLerp
 .text.cosLerp  0x000000000200776c       0x4c /opt/devkitpro/libnds/lib/libnds9.a(trig.o)
                0x000000000200776c                cosLerp
 .text.touchRead
                0x00000000020077b8       0x24 /opt/devkitpro/libnds/lib/libnds9.a(touch.o)
                0x00000000020077b8                touchRead
 .text.systemValueHandler
                0x00000000020077dc       0x48 /opt/devkitpro/libnds/lib/libnds9.a(system.o)
                0x00000000020077dc                systemValueHandler
 .text.systemMsgHandler
                0x0000000002007824       0x60 /opt/devkitpro/libnds/lib/libnds9.a(system.o)
                0x0000000002007824                systemMsgHandler
 .text.powerOn  0x0000000002007884       0x2c /opt/devkitpro/libnds/lib/libnds9.a(system.o)
                0x0000000002007884                powerOn
 .text.getHeader
                0x00000000020078b0        0x4 /opt/devkitpro/libnds/lib/libnds9.a(decompress.o)
 .text.readByte
                0x00000000020078b4        0x4 /opt/devkitpro/libnds/lib/libnds9.a(decompress.o)
 .text.decompress
                0x00000000020078b8       0x40 /opt/devkitpro/libnds/lib/libnds9.a(decompress.o)
                0x00000000020078b8                decompress
 .text.swiDecompressLZSSVram
                0x00000000020078f8       0x1c /opt/devkitpro/libnds/lib/libnds9.a(syscalls.o)
                0x00000000020078f8                swiDecompressLZSSVram
 .text.swiDelay
                0x0000000002007914        0x4 /opt/devkitpro/libnds/lib/libnds9.a(biosCalls.o)
                0x0000000002007914                swiDelay
 .text.swiDecompressLZSSWram
                0x0000000002007918        0x4 /opt/devkitpro/libnds/lib/libnds9.a(biosCalls.o)
                0x0000000002007918                swiDecompressLZSSWram
 .text.swiDecompressLZSSVramNTR
                0x000000000200791c        0x4 /opt/devkitpro/libnds/lib/libnds9.a(biosCalls.o)
                0x000000000200791c                swiDecompressLZSSVramNTR
 .text.swiDecompressLZSSVramTWL
                0x0000000002007920        0x4 /opt/devkitpro/libnds/lib/libnds9.a(biosCalls.o)
                0x0000000002007920                swiDecompressLZSSVramTWL
 .text.swiDecompressHuffman
                0x0000000002007924        0x4 /opt/devkitpro/libnds/lib/libnds9.a(biosCalls.o)
                0x0000000002007924                swiDecompressHuffman
 .text.swiDecompressRLEWram
                0x0000000002007928        0x4 /opt/devkitpro/libnds/lib/libnds9.a(biosCalls.o)
                0x0000000002007928                swiDecompressRLEWram
 .text.swiDecompressRLEVram
                0x000000000200792c        0x4 /opt/devkitpro/libnds/lib/libnds9.a(biosCalls.o)
                0x000000000200792c                swiDecompressRLEVram
 .text._ZNK10__cxxabiv117__class_type_info11__do_upcastEPKS0_PPv
                0x0000000002007930       0x3c /opt/devkitpro/devkitARM/bin/../lib/gcc/arm-none-eabi/12.1.0/../../../../arm-none-eabi/lib/thumb/libstdc++.a(class_type_info.o)
                0x0000000002007930                __cxxabiv1::__class_type_info::__do_upcast(__cxxabiv1::__class_type_info const*, void**) const
 .text._ZNK10__cxxabiv117__class_type_info20__do_find_public_srcEiPKvPKS0_S2_
                0x000000000200796c       0x14 /opt/devkitpro/devkitARM/bin/../lib/gcc/arm-none-eabi/12.1.0/../../../../arm-none-eabi/lib/thumb/libstdc++.a(class_type_info.o)
                0x000000000200796c                __cxxabiv1::__class_type_info::__do_find_public_src(int, void const*, __cxxabiv1::__class_type_info const*, void const*) const
 .text._ZN10__cxxabiv117__class_type_infoD2Ev
                0x0000000002007980       0x18 /opt/devkitpro/devkitARM/bin/../lib/gcc/arm-none-eabi/12.1.0/../../../../arm-none-eabi/lib/thumb/libstdc++.a(class_type_info.o)
                0x0000000002007980                __cxxabiv1::__class_type_info::~__class_type_info()
                0x0000000002007980                __cxxabiv1::__class_type_info::~__class_type_info()
 .text._ZN10__cxxabiv117__class_type_infoD0Ev
                0x0000000002007998       0x20 /opt/devkitpro/devkitARM/bin/../lib/gcc/arm-none-eabi/12.1.0/../../../../arm-none-eabi/lib/thumb/libstdc++.a(class_type_info.o)
                0x0000000002007998                __cxxabiv1::__class_type_info::~__class_type_info()
 .text._ZNK10__cxxabiv117__class_type_info12__do_dyncastEiNS0_10__sub_kindEPKS0_PKvS3_S5_RNS0_16__dyncast_resultE
                0x00000000020079b8       0x44 /opt/devkitpro/devkitARM/bin/../lib/gcc/arm-none-eabi/12.1.0/../../../../arm-none-eabi/lib/thumb/libstdc++.a(class_type_info.o)
                0x00000000020079b8                __cxxabiv1::__class_type_info::__do_dyncast(int, __cxxabiv1::__class_type_info::__sub_kind, __cxxabiv1::__class_type_info const*, void const*, __cxxabiv1::__class_type_info const*, void const*, __cxxabiv1::__class_type_info::__dyncast_result&) const
 .text._ZNK10__cxxabiv117__class_type_info11__do_upcastEPKS0_PKvRNS0_15__upcast_resultE
                0x00000000020079fc       0x20 /opt/devkitpro/devkitARM/bin/../lib/gcc/arm-none-eabi/12.1.0/../../../../arm-none-eabi/lib/thumb/libstdc++.a(class_type_info.o)
                0x00000000020079fc                __cxxabiv1::__class_type_info::__do_upcast(__cxxabiv1::__class_type_info const*, void const*, __cxxabiv1::__class_type_info::__upcast_result&) const
 .text._ZNK10__cxxabiv117__class_type_info10__do_catchEPKSt9type_infoPPvj
                0x0000000002007a1c       0x2c /opt/devkitpro/devkitARM/bin/../lib/gcc/arm-none-eabi/12.1.0/../../../../arm-none-eabi/lib/thumb/libstdc++.a(class_type_info.o)
                0x0000000002007a1c                __cxxabiv1::__class_type_info::__do_catch(std::type_info const*, void**, unsigned int) const
 .text._ZdlPvj  0x0000000002007a48        0xc /opt/devkitpro/devkitARM/bin/../lib/gcc/arm-none-eabi/12.1.0/../../../../arm-none-eabi/lib/thumb/libstdc++.a(del_ops.o)
                0x0000000002007a48                operator delete(void*, unsigned int)
 .text._ZN12_GLOBAL__N_14pool4freeEPv.constprop.0
                0x0000000002007a54       0x70 /opt/devkitpro/devkitARM/bin/../lib/gcc/arm-none-eabi/12.1.0/../../../../arm-none-eabi/lib/thumb/libstdc++.a(eh_alloc.o)
 .text._ZN12_GLOBAL__N_14pool8allocateEj.constprop.0
                0x0000000002007ac4       0x54 /opt/devkitpro/devkitARM/bin/../lib/gcc/arm-none-eabi/12.1.0/../../../../arm-none-eabi/lib/thumb/libstdc++.a(eh_alloc.o)
 .text.__cxa_allocate_exception
                0x0000000002007b18       0x30 /opt/devkitpro/devkitARM/bin/../lib/gcc/arm-none-eabi/12.1.0/../../../../arm-none-eabi/lib/thumb/libstdc++.a(eh_alloc.o)
                0x0000000002007b18                __cxa_allocate_exception
 .text.__cxa_free_exception
                0x0000000002007b48       0x28 /opt/devkitpro/devkitARM/bin/../lib/gcc/arm-none-eabi/12.1.0/../../../../arm-none-eabi/lib/thumb/libstdc++.a(eh_alloc.o)
                0x0000000002007b48                __cxa_free_exception
 .text.startup._GLOBAL__sub_I__ZN9__gnu_cxx9__freeresEv
                0x0000000002007b70       0x2c /opt/devkitpro/devkitARM/bin/../lib/gcc/arm-none-eabi/12.1.0/../../../../arm-none-eabi/lib/thumb/libstdc++.a(eh_alloc.o)
 .text.__cxa_end_cleanup
                0x0000000002007b9c        0xc /opt/devkitpro/devkitARM/bin/../lib/gcc/arm-none-eabi/12.1.0/../../../../arm-none-eabi/lib/thumb/libstdc++.a(eh_arm.o)
                0x0000000002007b9c                __cxa_end_cleanup
 .text.__cxa_type_match
                0x0000000002007ba8       0xc8 /opt/devkitpro/devkitARM/bin/../lib/gcc/arm-none-eabi/12.1.0/../../../../arm-none-eabi/lib/thumb/libstdc++.a(eh_arm.o)
                0x0000000002007ba8                __cxa_type_match
 .text.__cxa_begin_cleanup
                0x0000000002007c70       0x64 /opt/devkitpro/devkitARM/bin/../lib/gcc/arm-none-eabi/12.1.0/../../../../arm-none-eabi/lib/thumb/libstdc++.a(eh_arm.o)
                0x0000000002007c70                __cxa_begin_cleanup
 .text.__gnu_end_cleanup
                0x0000000002007cd4       0x74 /opt/devkitpro/devkitARM/bin/../lib/gcc/arm-none-eabi/12.1.0/../../../../arm-none-eabi/lib/thumb/libstdc++.a(eh_arm.o)
                0x0000000002007cd4                __gnu_end_cleanup
 .text.__cxa_begin_catch
                0x0000000002007d48       0x78 /opt/devkitpro/devkitARM/bin/../lib/gcc/arm-none-eabi/12.1.0/../../../../arm-none-eabi/lib/thumb/libstdc++.a(eh_catch.o)
                0x0000000002007d48                __cxa_begin_catch
 .text.__cxa_end_catch
                0x0000000002007dc0       0x94 /opt/devkitpro/devkitARM/bin/../lib/gcc/arm-none-eabi/12.1.0/../../../../arm-none-eabi/lib/thumb/libstdc++.a(eh_catch.o)
                0x0000000002007dc0                __cxa_end_catch
 .text._ZNSt9exceptionD2Ev
                0x0000000002007e54        0x4 /opt/devkitpro/devkitARM/bin/../lib/gcc/arm-none-eabi/12.1.0/../../../../arm-none-eabi/lib/thumb/libstdc++.a(eh_exception.o)
                0x0000000002007e54                std::exception::~exception()
                0x0000000002007e54                std::exception::~exception()
 .text._ZNSt13bad_exceptionD2Ev
                0x0000000002007e58        0x4 /opt/devkitpro/devkitARM/bin/../lib/gcc/arm-none-eabi/12.1.0/../../../../arm-none-eabi/lib/thumb/libstdc++.a(eh_exception.o)
                0x0000000002007e58                std::bad_exception::~bad_exception()
                0x0000000002007e58                std::bad_exception::~bad_exception()
 .text._ZNKSt9exception4whatEv
                0x0000000002007e5c        0x8 /opt/devkitpro/devkitARM/bin/../lib/gcc/arm-none-eabi/12.1.0/../../../../arm-none-eabi/lib/thumb/libstdc++.a(eh_exception.o)
                0x0000000002007e5c                transaction clone for std::exception::what() const
                0x0000000002007e5c                std::exception::what() const
 .text._ZNKSt13bad_exception4whatEv
                0x0000000002007e64        0x8 /opt/devkitpro/devkitARM/bin/../lib/gcc/arm-none-eabi/12.1.0/../../../../arm-none-eabi/lib/thumb/libstdc++.a(eh_exception.o)
                0x0000000002007e64                transaction clone for std::bad_exception::what() const
                0x0000000002007e64                std::bad_exception::what() const
 .text._ZNSt13bad_exceptionD0Ev
                0x0000000002007e6c       0x14 /opt/devkitpro/devkitARM/bin/../lib/gcc/arm-none-eabi/12.1.0/../../../../arm-none-eabi/lib/thumb/libstdc++.a(eh_exception.o)
                0x0000000002007e6c                std::bad_exception::~bad_exception()
 .text.__cxa_get_globals_fast
                0x0000000002007e80        0x8 /opt/devkitpro/devkitARM/bin/../lib/gcc/arm-none-eabi/12.1.0/../../../../arm-none-eabi/lib/thumb/libstdc++.a(eh_globals.o)
                0x0000000002007e80                __cxa_get_globals_fast
 .text.__cxa_get_globals
                0x0000000002007e88        0x8 /opt/devkitpro/devkitARM/bin/../lib/gcc/arm-none-eabi/12.1.0/../../../../arm-none-eabi/lib/thumb/libstdc++.a(eh_globals.o)
                0x0000000002007e88                __cxa_get_globals
 .text._ZL28read_encoded_value_with_basehjPKhPj
                0x0000000002007e90      0x104 /opt/devkitpro/devkitARM/bin/../lib/gcc/arm-none-eabi/12.1.0/../../../../arm-none-eabi/lib/thumb/libstdc++.a(eh_personality.o)
 .text._ZL21base_of_encoded_valuehP15_Unwind_Context
                0x0000000002007f94       0x44 /opt/devkitpro/devkitARM/bin/../lib/gcc/arm-none-eabi/12.1.0/../../../../arm-none-eabi/lib/thumb/libstdc++.a(eh_personality.o)
 .text._ZL17parse_lsda_headerP15_Unwind_ContextPKhP16lsda_header_info
                0x0000000002007fd8       0x94 /opt/devkitpro/devkitARM/bin/../lib/gcc/arm-none-eabi/12.1.0/../../../../arm-none-eabi/lib/thumb/libstdc++.a(eh_personality.o)
 .text.__gxx_personality_v0
                0x000000000200806c      0x49c /opt/devkitpro/devkitARM/bin/../lib/gcc/arm-none-eabi/12.1.0/../../../../arm-none-eabi/lib/thumb/libstdc++.a(eh_personality.o)
                0x000000000200806c                __gxx_personality_v0
 .text._ZN10__cxxabiv111__terminateEPFvvE
                0x0000000002008508       0x14 /opt/devkitpro/devkitARM/bin/../lib/gcc/arm-none-eabi/12.1.0/../../../../arm-none-eabi/lib/thumb/libstdc++.a(eh_terminate.o)
                0x0000000002008508                __cxxabiv1::__terminate(void (*)())
 .text._ZSt9terminatev
                0x000000000200851c       0x10 /opt/devkitpro/devkitARM/bin/../lib/gcc/arm-none-eabi/12.1.0/../../../../arm-none-eabi/lib/thumb/libstdc++.a(eh_terminate.o)
                0x000000000200851c                std::terminate()
 .text._ZN10__cxxabiv112__unexpectedEPFvvE
                0x000000000200852c        0xc /opt/devkitpro/devkitARM/bin/../lib/gcc/arm-none-eabi/12.1.0/../../../../arm-none-eabi/lib/thumb/libstdc++.a(eh_terminate.o)
                0x000000000200852c                __cxxabiv1::__unexpected(void (*)())
 .text._ZSt10unexpectedv
                0x0000000002008538       0x10 /opt/devkitpro/devkitARM/bin/../lib/gcc/arm-none-eabi/12.1.0/../../../../arm-none-eabi/lib/thumb/libstdc++.a(eh_terminate.o)
                0x0000000002008538                std::unexpected()
 .text._ZSt13get_terminatev
                0x0000000002008548        0xc /opt/devkitpro/devkitARM/bin/../lib/gcc/arm-none-eabi/12.1.0/../../../../arm-none-eabi/lib/thumb/libstdc++.a(eh_terminate.o)
                0x0000000002008548                std::get_terminate()
 .text._ZSt14get_unexpectedv
                0x0000000002008554        0xc /opt/devkitpro/devkitARM/bin/../lib/gcc/arm-none-eabi/12.1.0/../../../../arm-none-eabi/lib/thumb/libstdc++.a(eh_terminate.o)
                0x0000000002008554                std::get_unexpected()
 .text._ZL23__gxx_exception_cleanup19_Unwind_Reason_CodeP21_Unwind_Control_Block
                0x0000000002008560       0x3c /opt/devkitpro/devkitARM/bin/../lib/gcc/arm-none-eabi/12.1.0/../../../../arm-none-eabi/lib/thumb/libstdc++.a(eh_throw.o)
 .text.__cxa_init_primary_exception
                0x000000000200859c       0x50 /opt/devkitpro/devkitARM/bin/../lib/gcc/arm-none-eabi/12.1.0/../../../../arm-none-eabi/lib/thumb/libstdc++.a(eh_throw.o)
                0x000000000200859c                __cxa_init_primary_exception
 .text.__cxa_throw
                0x00000000020085ec       0x34 /opt/devkitpro/devkitARM/bin/../lib/gcc/arm-none-eabi/12.1.0/../../../../arm-none-eabi/lib/thumb/libstdc++.a(eh_throw.o)
                0x00000000020085ec                __cxa_throw
 .text.__cxa_rethrow
                0x0000000002008620       0x70 /opt/devkitpro/devkitARM/bin/../lib/gcc/arm-none-eabi/12.1.0/../../../../arm-none-eabi/lib/thumb/libstdc++.a(eh_throw.o)
                0x0000000002008620                __cxa_rethrow
 .text._Znwj    0x0000000002008690       0x48 /opt/devkitpro/devkitARM/bin/../lib/gcc/arm-none-eabi/12.1.0/../../../../arm-none-eabi/lib/thumb/libstdc++.a(new_op.o)
                0x0000000002008690                operator new(unsigned int)
 .text._Znaj    0x00000000020086d8        0xc /opt/devkitpro/devkitARM/bin/../lib/gcc/arm-none-eabi/12.1.0/../../../../arm-none-eabi/lib/thumb/libstdc++.a(new_opv.o)
                0x00000000020086d8                operator new[](unsigned int)
 .text._ZN10__cxxabiv120__si_class_type_infoD2Ev
                0x00000000020086e4       0x18 /opt/devkitpro/devkitARM/bin/../lib/gcc/arm-none-eabi/12.1.0/../../../../arm-none-eabi/lib/thumb/libstdc++.a(si_class_type_info.o)
                0x00000000020086e4                __cxxabiv1::__si_class_type_info::~__si_class_type_info()
                0x00000000020086e4                __cxxabiv1::__si_class_type_info::~__si_class_type_info()
 .text._ZN10__cxxabiv120__si_class_type_infoD0Ev
                0x00000000020086fc       0x20 /opt/devkitpro/devkitARM/bin/../lib/gcc/arm-none-eabi/12.1.0/../../../../arm-none-eabi/lib/thumb/libstdc++.a(si_class_type_info.o)
                0x00000000020086fc                __cxxabiv1::__si_class_type_info::~__si_class_type_info()
 .text._ZNK10__cxxabiv120__si_class_type_info20__do_find_public_srcEiPKvPKNS_17__class_type_infoES2_
                0x000000000200871c       0x40 /opt/devkitpro/devkitARM/bin/../lib/gcc/arm-none-eabi/12.1.0/../../../../arm-none-eabi/lib/thumb/libstdc++.a(si_class_type_info.o)
                0x000000000200871c                __cxxabiv1::__si_class_type_info::__do_find_public_src(int, void const*, __cxxabiv1::__class_type_info const*, void const*) const
 .text._ZNK10__cxxabiv120__si_class_type_info12__do_dyncastEiNS_17__class_type_info10__sub_kindEPKS1_PKvS4_S6_RNS1_16__dyncast_resultE
                0x000000000200875c       0x90 /opt/devkitpro/devkitARM/bin/../lib/gcc/arm-none-eabi/12.1.0/../../../../arm-none-eabi/lib/thumb/libstdc++.a(si_class_type_info.o)
                0x000000000200875c                __cxxabiv1::__si_class_type_info::__do_dyncast(int, __cxxabiv1::__class_type_info::__sub_kind, __cxxabiv1::__class_type_info const*, void const*, __cxxabiv1::__class_type_info const*, void const*, __cxxabiv1::__class_type_info::__dyncast_result&) const
 .text._ZNK10__cxxabiv120__si_class_type_info11__do_upcastEPKNS_17__class_type_infoEPKvRNS1_15__upcast_resultE
                0x00000000020087ec       0x2c /opt/devkitpro/devkitARM/bin/../lib/gcc/arm-none-eabi/12.1.0/../../../../arm-none-eabi/lib/thumb/libstdc++.a(si_class_type_info.o)
                0x00000000020087ec                __cxxabiv1::__si_class_type_info::__do_upcast(__cxxabiv1::__class_type_info const*, void const*, __cxxabiv1::__class_type_info::__upcast_result&) const
 .text._ZNSt9type_infoD2Ev
                0x0000000002008818        0x4 /opt/devkitpro/devkitARM/bin/../lib/gcc/arm-none-eabi/12.1.0/../../../../arm-none-eabi/lib/thumb/libstdc++.a(tinfo.o)
                0x0000000002008818                std::type_info::~type_info()
                0x0000000002008818                std::type_info::~type_info()
 .text._ZNKSt9type_info14__is_pointer_pEv
                0x000000000200881c        0x4 /opt/devkitpro/devkitARM/bin/../lib/gcc/arm-none-eabi/12.1.0/../../../../arm-none-eabi/lib/thumb/libstdc++.a(tinfo.o)
                0x000000000200881c                std::type_info::__is_function_p() const
                0x000000000200881c                std::type_info::__is_pointer_p() const
 .text._ZNKSt9type_infoeqERKS_
                0x0000000002008820       0x30 /opt/devkitpro/devkitARM/bin/../lib/gcc/arm-none-eabi/12.1.0/../../../../arm-none-eabi/lib/thumb/libstdc++.a(tinfo.o)
                0x0000000002008820                std::type_info::__equal(std::type_info const&) const
                0x0000000002008820                std::type_info::operator==(std::type_info const&) const
 .text._ZN10__cxxabiv121__vmi_class_type_infoD2Ev
                0x0000000002008850       0x18 /opt/devkitpro/devkitARM/bin/../lib/gcc/arm-none-eabi/12.1.0/../../../../arm-none-eabi/lib/thumb/libstdc++.a(vmi_class_type_info.o)
                0x0000000002008850                __cxxabiv1::__vmi_class_type_info::~__vmi_class_type_info()
                0x0000000002008850                __cxxabiv1::__vmi_class_type_info::~__vmi_class_type_info()
 .text._ZN10__cxxabiv121__vmi_class_type_infoD0Ev
                0x0000000002008868       0x20 /opt/devkitpro/devkitARM/bin/../lib/gcc/arm-none-eabi/12.1.0/../../../../arm-none-eabi/lib/thumb/libstdc++.a(vmi_class_type_info.o)
                0x0000000002008868                __cxxabiv1::__vmi_class_type_info::~__vmi_class_type_info()
 .text._ZNK10__cxxabiv121__vmi_class_type_info20__do_find_public_srcEiPKvPKNS_17__class_type_infoES2_
                0x0000000002008888       0xa4 /opt/devkitpro/devkitARM/bin/../lib/gcc/arm-none-eabi/12.1.0/../../../../arm-none-eabi/lib/thumb/libstdc++.a(vmi_class_type_info.o)
                0x0000000002008888                __cxxabiv1::__vmi_class_type_info::__do_find_public_src(int, void const*, __cxxabiv1::__class_type_info const*, void const*) const
 .text._ZNK10__cxxabiv121__vmi_class_type_info12__do_dyncastEiNS_17__class_type_info10__sub_kindEPKS1_PKvS4_S6_RNS1_16__dyncast_resultE
                0x000000000200892c      0x478 /opt/devkitpro/devkitARM/bin/../lib/gcc/arm-none-eabi/12.1.0/../../../../arm-none-eabi/lib/thumb/libstdc++.a(vmi_class_type_info.o)
                0x000000000200892c                __cxxabiv1::__vmi_class_type_info::__do_dyncast(int, __cxxabiv1::__class_type_info::__sub_kind, __cxxabiv1::__class_type_info const*, void const*, __cxxabiv1::__class_type_info const*, void const*, __cxxabiv1::__class_type_info::__dyncast_result&) const
 .text._ZNK10__cxxabiv121__vmi_class_type_info11__do_upcastEPKNS_17__class_type_infoEPKvRNS1_15__upcast_resultE
                0x0000000002008da4      0x170 /opt/devkitpro/devkitARM/bin/../lib/gcc/arm-none-eabi/12.1.0/../../../../arm-none-eabi/lib/thumb/libstdc++.a(vmi_class_type_info.o)
                0x0000000002008da4                __cxxabiv1::__vmi_class_type_info::__do_upcast(__cxxabiv1::__class_type_info const*, void const*, __cxxabiv1::__class_type_info::__upcast_result&) const
 .text.unlikely._ZSt17__throw_bad_allocv
                0x0000000002008f14       0x20 /opt/devkitpro/devkitARM/bin/../lib/gcc/arm-none-eabi/12.1.0/../../../../arm-none-eabi/lib/thumb/libstdc++.a(functexcept.o)
                0x0000000002008f14                std::__throw_bad_alloc()
 .text.unlikely._ZSt28__throw_bad_array_new_lengthv
                0x0000000002008f34       0x20 /opt/devkitpro/devkitARM/bin/../lib/gcc/arm-none-eabi/12.1.0/../../../../arm-none-eabi/lib/thumb/libstdc++.a(functexcept.o)
                0x0000000002008f34                std::__throw_bad_array_new_length()
 .text.unlikely._ZSt19__throw_logic_errorPKc
                0x0000000002008f54       0x30 /opt/devkitpro/devkitARM/bin/../lib/gcc/arm-none-eabi/12.1.0/../../../../arm-none-eabi/lib/thumb/libstdc++.a(functexcept.o)
                0x0000000002008f54                std::__throw_logic_error(char const*)
 .text.unlikely._ZSt20__throw_length_errorPKc
                0x0000000002008f84       0x30 /opt/devkitpro/devkitARM/bin/../lib/gcc/arm-none-eabi/12.1.0/../../../../arm-none-eabi/lib/thumb/libstdc++.a(functexcept.o)
                0x0000000002008f84                std::__throw_length_error(char const*)
 .text.unlikely._ZSt20__throw_out_of_rangePKc
                0x0000000002008fb4       0x30 /opt/devkitpro/devkitARM/bin/../lib/gcc/arm-none-eabi/12.1.0/../../../../arm-none-eabi/lib/thumb/libstdc++.a(functexcept.o)
                0x0000000002008fb4                std::__throw_out_of_range(char const*)
 .text.unlikely._ZSt24__throw_out_of_range_fmtPKcz
                0x0000000002008fe4        0xa /opt/devkitpro/devkitARM/bin/../lib/gcc/arm-none-eabi/12.1.0/../../../../arm-none-eabi/lib/thumb/libstdc++.a(functexcept.o)
                0x0000000002008fe4                std::__throw_out_of_range_fmt(char const*, ...)
 *fill*         0x0000000002008fee        0x2 ff
 .text._ZNKSt17bad_function_call4whatEv
                0x0000000002008ff0        0x8 /opt/devkitpro/devkitARM/bin/../lib/gcc/arm-none-eabi/12.1.0/../../../../arm-none-eabi/lib/thumb/libstdc++.a(functional.o)
                0x0000000002008ff0                std::bad_function_call::what() const
 .text._ZNSt17bad_function_callD2Ev
                0x0000000002008ff8       0x18 /opt/devkitpro/devkitARM/bin/../lib/gcc/arm-none-eabi/12.1.0/../../../../arm-none-eabi/lib/thumb/libstdc++.a(functional.o)
                0x0000000002008ff8                std::bad_function_call::~bad_function_call()
                0x0000000002008ff8                std::bad_function_call::~bad_function_call()
 .text._ZNSt17bad_function_callD0Ev
                0x0000000002009010       0x20 /opt/devkitpro/devkitARM/bin/../lib/gcc/arm-none-eabi/12.1.0/../../../../arm-none-eabi/lib/thumb/libstdc++.a(functional.o)
                0x0000000002009010                std::bad_function_call::~bad_function_call()
 .text.unlikely._ZSt25__throw_bad_function_callv
                0x0000000002009030       0x20 /opt/devkitpro/devkitARM/bin/../lib/gcc/arm-none-eabi/12.1.0/../../../../arm-none-eabi/lib/thumb/libstdc++.a(functional.o)
                0x0000000002009030                std::__throw_bad_function_call()
 .text._ZNSt7__cxx1112basic_stringIcSt11char_traitsIcESaIcEE9_M_createERjj
                0x0000000002009050       0x40 /opt/devkitpro/devkitARM/bin/../lib/gcc/arm-none-eabi/12.1.0/../../../../arm-none-eabi/lib/thumb/libstdc++.a(string-inst.o)
                0x0000000002009050                std::__cxx11::basic_string<char, std::char_traits<char>, std::allocator<char> >::_M_create(unsigned int&, unsigned int)
 .text._ZNSt7__cxx1112basic_stringIcSt11char_traitsIcESaIcEE10_M_disposeEv
                0x0000000002009090       0x18 /opt/devkitpro/devkitARM/bin/../lib/gcc/arm-none-eabi/12.1.0/../../../../arm-none-eabi/lib/thumb/libstdc++.a(string-inst.o)
                0x0000000002009090                std::__cxx11::basic_string<char, std::char_traits<char>, std::allocator<char> >::_M_dispose()
 .text._ZNSt7__cxx1112basic_stringIcSt11char_traitsIcESaIcEE12_M_constructEjc
                0x00000000020090a8       0x4c /opt/devkitpro/devkitARM/bin/../lib/gcc/arm-none-eabi/12.1.0/../../../../arm-none-eabi/lib/thumb/libstdc++.a(string-inst.o)
                0x00000000020090a8                std::__cxx11::basic_string<char, std::char_traits<char>, std::allocator<char> >::_M_construct(unsigned int, char)
 .text._ZNSt7__cxx1112basic_stringIcSt11char_traitsIcESaIcEE9_M_assignERKS4_
                0x00000000020090f4       0x74 /opt/devkitpro/devkitARM/bin/../lib/gcc/arm-none-eabi/12.1.0/../../../../arm-none-eabi/lib/thumb/libstdc++.a(string-inst.o)
                0x00000000020090f4                std::__cxx11::basic_string<char, std::char_traits<char>, std::allocator<char> >::_M_assign(std::__cxx11::basic_string<char, std::char_traits<char>, std::allocator<char> > const&)
 .text._ZNSt7__cxx1112basic_stringIcSt11char_traitsIcESaIcEE9_M_mutateEjjPKcj
                0x0000000002009168       0xb8 /opt/devkitpro/devkitARM/bin/../lib/gcc/arm-none-eabi/12.1.0/../../../../arm-none-eabi/lib/thumb/libstdc++.a(string-inst.o)
                0x0000000002009168                std::__cxx11::basic_string<char, std::char_traits<char>, std::allocator<char> >::_M_mutate(unsigned int, unsigned int, char const*, unsigned int)
 .text._ZNSt7__cxx1112basic_stringIcSt11char_traitsIcESaIcEE8_M_eraseEjj
                0x0000000002009220       0x3c /opt/devkitpro/devkitARM/bin/../lib/gcc/arm-none-eabi/12.1.0/../../../../arm-none-eabi/lib/thumb/libstdc++.a(string-inst.o)
                0x0000000002009220                std::__cxx11::basic_string<char, std::char_traits<char>, std::allocator<char> >::_M_erase(unsigned int, unsigned int)
 .text._ZNSt7__cxx1112basic_stringIcSt11char_traitsIcESaIcEE14_M_replace_auxEjjjc
                0x000000000200925c       0xbc /opt/devkitpro/devkitARM/bin/../lib/gcc/arm-none-eabi/12.1.0/../../../../arm-none-eabi/lib/thumb/libstdc++.a(string-inst.o)
                0x000000000200925c                std::__cxx11::basic_string<char, std::char_traits<char>, std::allocator<char> >::_M_replace_aux(unsigned int, unsigned int, unsigned int, char)
 .text._ZNSt7__cxx1112basic_stringIcSt11char_traitsIcESaIcEE10_M_replaceEjjPKcj
                0x0000000002009318      0x19c /opt/devkitpro/devkitARM/bin/../lib/gcc/arm-none-eabi/12.1.0/../../../../arm-none-eabi/lib/thumb/libstdc++.a(string-inst.o)
                0x0000000002009318                std::__cxx11::basic_string<char, std::char_traits<char>, std::allocator<char> >::_M_replace(unsigned int, unsigned int, char const*, unsigned int)
 .text._ZNSt7__cxx1112basic_stringIcSt11char_traitsIcESaIcEE9_M_appendEPKcj
                0x00000000020094b4       0x58 /opt/devkitpro/devkitARM/bin/../lib/gcc/arm-none-eabi/12.1.0/../../../../arm-none-eabi/lib/thumb/libstdc++.a(string-inst.o)
                0x00000000020094b4                std::__cxx11::basic_string<char, std::char_traits<char>, std::allocator<char> >::_M_append(char const*, unsigned int)
 .text._ZNKSt7__cxx1112basic_stringIcSt11char_traitsIcESaIcEE16find_last_not_ofEcj
                0x000000000200950c       0x28 /opt/devkitpro/devkitARM/bin/../lib/gcc/arm-none-eabi/12.1.0/../../../../arm-none-eabi/lib/thumb/libstdc++.a(string-inst.o)
                0x000000000200950c                std::__cxx11::basic_string<char, std::char_traits<char>, std::allocator<char> >::find_last_not_of(char, unsigned int) const
 .text._ZNSt7__cxx1112basic_stringIcSt11char_traitsIcESaIcEE12_M_constructIPKcEEvT_S8_St20forward_iterator_tag
                0x0000000002009534       0x50 /opt/devkitpro/devkitARM/bin/../lib/gcc/arm-none-eabi/12.1.0/../../../../arm-none-eabi/lib/thumb/libstdc++.a(string-inst.o)
                0x0000000002009534                void std::__cxx11::basic_string<char, std::char_traits<char>, std::allocator<char> >::_M_construct<char const*>(char const*, char const*, std::forward_iterator_tag)
 .text._ZNKSt7__cxx1112basic_stringIcSt11char_traitsIcESaIcEE6substrEjj
                0x0000000002009584       0x40 /opt/devkitpro/devkitARM/bin/../lib/gcc/arm-none-eabi/12.1.0/../../../../arm-none-eabi/lib/thumb/libstdc++.a(string-inst.o)
                0x0000000002009584                std::__cxx11::basic_string<char, std::char_traits<char>, std::allocator<char> >::substr(unsigned int, unsigned int) const
 .text._ZNKSt9bad_alloc4whatEv
                0x00000000020095c4        0x8 /opt/devkitpro/devkitARM/bin/../lib/gcc/arm-none-eabi/12.1.0/../../../../arm-none-eabi/lib/thumb/libstdc++.a(bad_alloc.o)
                0x00000000020095c4                std::bad_alloc::what() const
 .text._ZNSt9bad_allocD2Ev
                0x00000000020095cc       0x18 /opt/devkitpro/devkitARM/bin/../lib/gcc/arm-none-eabi/12.1.0/../../../../arm-none-eabi/lib/thumb/libstdc++.a(bad_alloc.o)
                0x00000000020095cc                std::bad_alloc::~bad_alloc()
                0x00000000020095cc                std::bad_alloc::~bad_alloc()
 .text._ZNSt9bad_allocD0Ev
                0x00000000020095e4       0x20 /opt/devkitpro/devkitARM/bin/../lib/gcc/arm-none-eabi/12.1.0/../../../../arm-none-eabi/lib/thumb/libstdc++.a(bad_alloc.o)
                0x00000000020095e4                std::bad_alloc::~bad_alloc()
 .text._ZNKSt20bad_array_new_length4whatEv
                0x0000000002009604        0x8 /opt/devkitpro/devkitARM/bin/../lib/gcc/arm-none-eabi/12.1.0/../../../../arm-none-eabi/lib/thumb/libstdc++.a(bad_array_new.o)
                0x0000000002009604                std::bad_array_new_length::what() const
 .text._ZNSt20bad_array_new_lengthD2Ev
                0x000000000200960c       0x18 /opt/devkitpro/devkitARM/bin/../lib/gcc/arm-none-eabi/12.1.0/../../../../arm-none-eabi/lib/thumb/libstdc++.a(bad_array_new.o)
                0x000000000200960c                std::bad_array_new_length::~bad_array_new_length()
                0x000000000200960c                std::bad_array_new_length::~bad_array_new_length()
 .text._ZNSt20bad_array_new_lengthD0Ev
                0x0000000002009624       0x20 /opt/devkitpro/devkitARM/bin/../lib/gcc/arm-none-eabi/12.1.0/../../../../arm-none-eabi/lib/thumb/libstdc++.a(bad_array_new.o)
                0x0000000002009624                std::bad_array_new_length::~bad_array_new_length()
 .text._ZdlPv   0x0000000002009644        0xc /opt/devkitpro/devkitARM/bin/../lib/gcc/arm-none-eabi/12.1.0/../../../../arm-none-eabi/lib/thumb/libstdc++.a(del_op.o)
                0x0000000002009644                operator delete(void*)
 .text._ZN10__cxxabiv1L24__is_gxx_exception_classEPc
                0x0000000002009650       0x3c /opt/devkitpro/devkitARM/bin/../lib/gcc/arm-none-eabi/12.1.0/../../../../arm-none-eabi/lib/thumb/libstdc++.a(eh_call.o)
 .text.__cxa_call_terminate
                0x000000000200968c       0x20 /opt/devkitpro/devkitARM/bin/../lib/gcc/arm-none-eabi/12.1.0/../../../../arm-none-eabi/lib/thumb/libstdc++.a(eh_call.o)
                0x000000000200968c                __cxa_call_terminate
 .text.unlikely.__cxa_call_unexpected
                0x00000000020096ac       0xf0 /opt/devkitpro/devkitARM/bin/../lib/gcc/arm-none-eabi/12.1.0/../../../../arm-none-eabi/lib/thumb/libstdc++.a(eh_call.o)
                0x00000000020096ac                __cxa_call_unexpected
 .text._ZSt15get_new_handlerv
                0x000000000200979c        0xc /opt/devkitpro/devkitARM/bin/../lib/gcc/arm-none-eabi/12.1.0/../../../../arm-none-eabi/lib/thumb/libstdc++.a(new_handler.o)
                0x000000000200979c                std::get_new_handler()
 .text._ZNKSt11logic_error4whatEv
                0x00000000020097a8        0x4 /opt/devkitpro/devkitARM/bin/../lib/gcc/arm-none-eabi/12.1.0/../../../../arm-none-eabi/lib/thumb/libstdc++.a(stdexcept.o)
                0x00000000020097a8                std::runtime_error::what() const
                0x00000000020097a8                std::logic_error::what() const
 .text._ZNSt11logic_errorD2Ev
                0x00000000020097ac       0x44 /opt/devkitpro/devkitARM/bin/../lib/gcc/arm-none-eabi/12.1.0/../../../../arm-none-eabi/lib/thumb/libstdc++.a(stdexcept.o)
                0x00000000020097ac                std::logic_error::~logic_error()
                0x00000000020097ac                std::logic_error::~logic_error()
 .text._ZNSt12length_errorD2Ev
                0x00000000020097f0       0x44 /opt/devkitpro/devkitARM/bin/../lib/gcc/arm-none-eabi/12.1.0/../../../../arm-none-eabi/lib/thumb/libstdc++.a(stdexcept.o)
                0x00000000020097f0                std::length_error::~length_error()
                0x00000000020097f0                std::length_error::~length_error()
 .text._ZNSt12out_of_rangeD2Ev
                0x0000000002009834       0x44 /opt/devkitpro/devkitARM/bin/../lib/gcc/arm-none-eabi/12.1.0/../../../../arm-none-eabi/lib/thumb/libstdc++.a(stdexcept.o)
                0x0000000002009834                std::out_of_range::~out_of_range()
                0x0000000002009834                std::out_of_range::~out_of_range()
 .text._ZNSt11logic_errorD0Ev
                0x0000000002009878       0x48 /opt/devkitpro/devkitARM/bin/../lib/gcc/arm-none-eabi/12.1.0/../../../../arm-none-eabi/lib/thumb/libstdc++.a(stdexcept.o)
                0x0000000002009878                std::logic_error::~logic_error()
 .text._ZNSt12out_of_rangeD0Ev
                0x00000000020098c0       0x48 /opt/devkitpro/devkitARM/bin/../lib/gcc/arm-none-eabi/12.1.0/../../../../arm-none-eabi/lib/thumb/libstdc++.a(stdexcept.o)
                0x00000000020098c0                std::out_of_range::~out_of_range()
 .text._ZNSt12length_errorD0Ev
                0x0000000002009908       0x48 /opt/devkitpro/devkitARM/bin/../lib/gcc/arm-none-eabi/12.1.0/../../../../arm-none-eabi/lib/thumb/libstdc++.a(stdexcept.o)
                0x0000000002009908                std::length_error::~length_error()
 .text._ZNSt11logic_errorC2EPKc
                0x0000000002009950       0x8c /opt/devkitpro/devkitARM/bin/../lib/gcc/arm-none-eabi/12.1.0/../../../../arm-none-eabi/lib/thumb/libstdc++.a(cow-stdexcept.o)
                0x0000000002009950                std::logic_error::logic_error(char const*)
                0x0000000002009950                std::logic_error::logic_error(char const*)
 .text._ZNSt12length_errorC2EPKc
                0x00000000020099dc       0x18 /opt/devkitpro/devkitARM/bin/../lib/gcc/arm-none-eabi/12.1.0/../../../../arm-none-eabi/lib/thumb/libstdc++.a(cow-stdexcept.o)
                0x00000000020099dc                std::length_error::length_error(char const*)
                0x00000000020099dc                std::length_error::length_error(char const*)
 .text._ZNSt12out_of_rangeC2EPKc
                0x00000000020099f4       0x18 /opt/devkitpro/devkitARM/bin/../lib/gcc/arm-none-eabi/12.1.0/../../../../arm-none-eabi/lib/thumb/libstdc++.a(cow-stdexcept.o)
                0x00000000020099f4                std::out_of_range::out_of_range(char const*)
                0x00000000020099f4                std::out_of_range::out_of_range(char const*)
 .text._ZNSs4_Rep9_S_createEjjRKSaIcE
                0x0000000002009a0c       0x5c /opt/devkitpro/devkitARM/bin/../lib/gcc/arm-none-eabi/12.1.0/../../../../arm-none-eabi/lib/thumb/libstdc++.a(cow-string-inst.o)
                0x0000000002009a0c                std::string::_Rep::_S_create(unsigned int, unsigned int, std::allocator<char> const&)
 .text._ZNSs4_Rep10_M_destroyERKSaIcE
                0x0000000002009a68        0xc /opt/devkitpro/devkitARM/bin/../lib/gcc/arm-none-eabi/12.1.0/../../../../arm-none-eabi/lib/thumb/libstdc++.a(cow-string-inst.o)
                0x0000000002009a68                std::string::_Rep::_M_destroy(std::allocator<char> const&)
 .text.selfrel_offset31
                0x0000000002009a74       0x18 /opt/devkitpro/devkitARM/bin/../lib/gcc/arm-none-eabi/12.1.0/thumb/libgcc.a(unwind-arm.o)
 .text.search_EIT_table
                0x0000000002009a8c       0x74 /opt/devkitpro/devkitARM/bin/../lib/gcc/arm-none-eabi/12.1.0/thumb/libgcc.a(unwind-arm.o)
 .text.__gnu_unwind_get_pr_addr
                0x0000000002009b00       0x2c /opt/devkitpro/devkitARM/bin/../lib/gcc/arm-none-eabi/12.1.0/thumb/libgcc.a(unwind-arm.o)
 .text.get_eit_entry
                0x0000000002009b2c       0x90 /opt/devkitpro/devkitARM/bin/../lib/gcc/arm-none-eabi/12.1.0/thumb/libgcc.a(unwind-arm.o)
 .text.restore_non_core_regs
                0x0000000002009bbc       0x5c /opt/devkitpro/devkitARM/bin/../lib/gcc/arm-none-eabi/12.1.0/thumb/libgcc.a(unwind-arm.o)
 .text._Unwind_decode_typeinfo_ptr.constprop.0
                0x0000000002009c18        0xc /opt/devkitpro/devkitARM/bin/../lib/gcc/arm-none-eabi/12.1.0/thumb/libgcc.a(unwind-arm.o)
 .text._Unwind_DebugHook
                0x0000000002009c24        0x4 /opt/devkitpro/devkitARM/bin/../lib/gcc/arm-none-eabi/12.1.0/thumb/libgcc.a(unwind-arm.o)
 .text.unwind_phase2
                0x0000000002009c28       0x40 /opt/devkitpro/devkitARM/bin/../lib/gcc/arm-none-eabi/12.1.0/thumb/libgcc.a(unwind-arm.o)
 .text.unwind_phase2_forced
                0x0000000002009c68       0xd8 /opt/devkitpro/devkitARM/bin/../lib/gcc/arm-none-eabi/12.1.0/thumb/libgcc.a(unwind-arm.o)
 .text.__gnu_Unwind_RaiseException
                0x0000000002009d40       0x58 /opt/devkitpro/devkitARM/bin/../lib/gcc/arm-none-eabi/12.1.0/thumb/libgcc.a(unwind-arm.o)
                0x0000000002009d40                __gnu_Unwind_RaiseException
 .text.__gnu_Unwind_ForcedUnwind
                0x0000000002009d98       0x18 /opt/devkitpro/devkitARM/bin/../lib/gcc/arm-none-eabi/12.1.0/thumb/libgcc.a(unwind-arm.o)
                0x0000000002009d98                __gnu_Unwind_ForcedUnwind
 .text.__gnu_Unwind_Resume
                0x0000000002009db0       0x4c /opt/devkitpro/devkitARM/bin/../lib/gcc/arm-none-eabi/12.1.0/thumb/libgcc.a(unwind-arm.o)
                0x0000000002009db0                __gnu_Unwind_Resume
 .text.__gnu_Unwind_Resume_or_Rethrow
                0x0000000002009dfc       0x20 /opt/devkitpro/devkitARM/bin/../lib/gcc/arm-none-eabi/12.1.0/thumb/libgcc.a(unwind-arm.o)
                0x0000000002009dfc                __gnu_Unwind_Resume_or_Rethrow
 .text._Unwind_Complete
                0x0000000002009e1c        0x4 /opt/devkitpro/devkitARM/bin/../lib/gcc/arm-none-eabi/12.1.0/thumb/libgcc.a(unwind-arm.o)
                0x0000000002009e1c                _Unwind_Complete
 .text._Unwind_DeleteException
                0x0000000002009e20       0x18 /opt/devkitpro/devkitARM/bin/../lib/gcc/arm-none-eabi/12.1.0/thumb/libgcc.a(unwind-arm.o)
                0x0000000002009e20                _Unwind_DeleteException
 .text._Unwind_VRS_Get
                0x0000000002009e38       0x38 /opt/devkitpro/devkitARM/bin/../lib/gcc/arm-none-eabi/12.1.0/thumb/libgcc.a(unwind-arm.o)
                0x0000000002009e38                _Unwind_VRS_Get
 .text._Unwind_GetGR
                0x0000000002009e70       0x1c /opt/devkitpro/devkitARM/bin/../lib/gcc/arm-none-eabi/12.1.0/thumb/libgcc.a(unwind-arm.o)
 .text._Unwind_VRS_Set
                0x0000000002009e8c       0x38 /opt/devkitpro/devkitARM/bin/../lib/gcc/arm-none-eabi/12.1.0/thumb/libgcc.a(unwind-arm.o)
                0x0000000002009e8c                _Unwind_VRS_Set
 .text._Unwind_SetGR
                0x0000000002009ec4       0x1c /opt/devkitpro/devkitARM/bin/../lib/gcc/arm-none-eabi/12.1.0/thumb/libgcc.a(unwind-arm.o)
 .text.__gnu_Unwind_Backtrace
                0x0000000002009ee0       0x78 /opt/devkitpro/devkitARM/bin/../lib/gcc/arm-none-eabi/12.1.0/thumb/libgcc.a(unwind-arm.o)
                0x0000000002009ee0                __gnu_Unwind_Backtrace
 .text.__gnu_unwind_pr_common
                0x0000000002009f58      0x2f0 /opt/devkitpro/devkitARM/bin/../lib/gcc/arm-none-eabi/12.1.0/thumb/libgcc.a(unwind-arm.o)
 .text.__aeabi_unwind_cpp_pr0
                0x000000000200a248       0x10 /opt/devkitpro/devkitARM/bin/../lib/gcc/arm-none-eabi/12.1.0/thumb/libgcc.a(unwind-arm.o)
                0x000000000200a248                __aeabi_unwind_cpp_pr0
 .text.__aeabi_unwind_cpp_pr1
                0x000000000200a258       0x10 /opt/devkitpro/devkitARM/bin/../lib/gcc/arm-none-eabi/12.1.0/thumb/libgcc.a(unwind-arm.o)
                0x000000000200a258                __aeabi_unwind_cpp_pr1
 .text.__aeabi_unwind_cpp_pr2
                0x000000000200a268       0x10 /opt/devkitpro/devkitARM/bin/../lib/gcc/arm-none-eabi/12.1.0/thumb/libgcc.a(unwind-arm.o)
                0x000000000200a268                __aeabi_unwind_cpp_pr2
 .text._Unwind_VRS_Pop
                0x000000000200a278      0x2bc /opt/devkitpro/devkitARM/bin/../lib/gcc/arm-none-eabi/12.1.0/thumb/libgcc.a(unwind-arm.o)
                0x000000000200a278                _Unwind_VRS_Pop
 .text.next_unwind_byte
                0x000000000200a534       0x34 /opt/devkitpro/devkitARM/bin/../lib/gcc/arm-none-eabi/12.1.0/thumb/libgcc.a(pr-support.o)
 .text._Unwind_GetGR.constprop.0
                0x000000000200a568       0x1c /opt/devkitpro/devkitARM/bin/../lib/gcc/arm-none-eabi/12.1.0/thumb/libgcc.a(pr-support.o)
 .text.unwind_UCB_from_context
                0x000000000200a584        0xc /opt/devkitpro/devkitARM/bin/../lib/gcc/arm-none-eabi/12.1.0/thumb/libgcc.a(pr-support.o)
 .text.__gnu_unwind_execute
                0x000000000200a590      0x2d0 /opt/devkitpro/devkitARM/bin/../lib/gcc/arm-none-eabi/12.1.0/thumb/libgcc.a(pr-support.o)
                0x000000000200a590                __gnu_unwind_execute
 .text.__gnu_unwind_frame
                0x000000000200a860       0x2c /opt/devkitpro/devkitARM/bin/../lib/gcc/arm-none-eabi/12.1.0/thumb/libgcc.a(pr-support.o)
                0x000000000200a860                __gnu_unwind_frame
 .text._Unwind_GetRegionStart
                0x000000000200a88c       0x10 /opt/devkitpro/devkitARM/bin/../lib/gcc/arm-none-eabi/12.1.0/thumb/libgcc.a(pr-support.o)
                0x000000000200a88c                _Unwind_GetRegionStart
 .text._Unwind_GetLanguageSpecificData
                0x000000000200a89c       0x18 /opt/devkitpro/devkitARM/bin/../lib/gcc/arm-none-eabi/12.1.0/thumb/libgcc.a(pr-support.o)
                0x000000000200a89c                _Unwind_GetLanguageSpecificData
 .text.unlikely._Unwind_GetDataRelBase
                0x000000000200a8b4        0x6 /opt/devkitpro/devkitARM/bin/../lib/gcc/arm-none-eabi/12.1.0/thumb/libgcc.a(pr-support.o)
                0x000000000200a8b4                _Unwind_GetDataRelBase
 .text.unlikely._Unwind_GetTextRelBase
                0x000000000200a8ba        0x6 /opt/devkitpro/devkitARM/bin/../lib/gcc/arm-none-eabi/12.1.0/thumb/libgcc.a(pr-support.o)
                0x000000000200a8ba                _Unwind_GetTextRelBase
 .text.abort    0x000000000200a8c0       0x10 /opt/devkitpro/devkitARM/bin/../lib/gcc/arm-none-eabi/12.1.0/../../../../arm-none-eabi/lib/thumb/libg.a(lib_a-abort.o)
                0x000000000200a8c0                abort
 .text.atof     0x000000000200a8d0       0x10 /opt/devkitpro/devkitARM/bin/../lib/gcc/arm-none-eabi/12.1.0/../../../../arm-none-eabi/lib/thumb/libg.a(lib_a-atof.o)
                0x000000000200a8d0                atof
 .text.__libc_init_array
                0x000000000200a8e0       0x54 /opt/devkitpro/devkitARM/bin/../lib/gcc/arm-none-eabi/12.1.0/../../../../arm-none-eabi/lib/thumb/libg.a(lib_a-init.o)
                0x000000000200a8e0                __libc_init_array
 .text.iprintf  0x000000000200a934       0x24 /opt/devkitpro/devkitARM/bin/../lib/gcc/arm-none-eabi/12.1.0/../../../../arm-none-eabi/lib/thumb/libg.a(lib_a-iprintf.o)
                0x000000000200a934                iprintf
 .text.malloc   0x000000000200a958       0x14 /opt/devkitpro/devkitARM/bin/../lib/gcc/arm-none-eabi/12.1.0/../../../../arm-none-eabi/lib/thumb/libg.a(lib_a-malloc.o)
                0x000000000200a958                malloc
 .text.free     0x000000000200a96c       0x14 /opt/devkitpro/devkitARM/bin/../lib/gcc/arm-none-eabi/12.1.0/../../../../arm-none-eabi/lib/thumb/libg.a(lib_a-malloc.o)
                0x000000000200a96c                free
 .text._malloc_r
                0x000000000200a980      0x560 /opt/devkitpro/devkitARM/bin/../lib/gcc/arm-none-eabi/12.1.0/../../../../arm-none-eabi/lib/thumb/libg.a(lib_a-mallocr.o)
                0x000000000200a980                _malloc_r
 .text.memchr   0x000000000200aee0       0x78 /opt/devkitpro/devkitARM/bin/../lib/gcc/arm-none-eabi/12.1.0/../../../../arm-none-eabi/lib/thumb/libg.a(lib_a-memchr-stub.o)
                0x000000000200aee0                memchr
 .text.memcpy   0x000000000200af58       0x94 /opt/devkitpro/devkitARM/bin/../lib/gcc/arm-none-eabi/12.1.0/../../../../arm-none-eabi/lib/thumb/libg.a(lib_a-memcpy-stub.o)
                0x000000000200af58                memcpy
 .text.memmove  0x000000000200afec       0xc0 /opt/devkitpro/devkitARM/bin/../lib/gcc/arm-none-eabi/12.1.0/../../../../arm-none-eabi/lib/thumb/libg.a(lib_a-memmove.o)
                0x000000000200afec                memmove
 .text.memset   0x000000000200b0ac       0xb0 /opt/devkitpro/devkitARM/bin/../lib/gcc/arm-none-eabi/12.1.0/../../../../arm-none-eabi/lib/thumb/libg.a(lib_a-memset.o)
                0x000000000200b0ac                memset
 .text.__malloc_lock
                0x000000000200b15c       0x14 /opt/devkitpro/devkitARM/bin/../lib/gcc/arm-none-eabi/12.1.0/../../../../arm-none-eabi/lib/thumb/libg.a(lib_a-mlock.o)
                0x000000000200b15c                __malloc_lock
 .text.__malloc_unlock
                0x000000000200b170       0x14 /opt/devkitpro/devkitARM/bin/../lib/gcc/arm-none-eabi/12.1.0/../../../../arm-none-eabi/lib/thumb/libg.a(lib_a-mlock.o)
                0x000000000200b170                __malloc_unlock
 .text.printf   0x000000000200b184       0x24 /opt/devkitpro/devkitARM/bin/../lib/gcc/arm-none-eabi/12.1.0/../../../../arm-none-eabi/lib/thumb/libg.a(lib_a-printf.o)
                0x000000000200b184                printf
 .text.setvbuf  0x000000000200b1a8      0x19c /opt/devkitpro/devkitARM/bin/../lib/gcc/arm-none-eabi/12.1.0/../../../../arm-none-eabi/lib/thumb/libg.a(lib_a-setvbuf.o)
                0x000000000200b1a8                setvbuf
 .text._raise_r
                0x000000000200b344       0x60 /opt/devkitpro/devkitARM/bin/../lib/gcc/arm-none-eabi/12.1.0/../../../../arm-none-eabi/lib/thumb/libg.a(lib_a-signal.o)
                0x000000000200b344                _raise_r
 .text.raise    0x000000000200b3a4       0x14 /opt/devkitpro/devkitARM/bin/../lib/gcc/arm-none-eabi/12.1.0/../../../../arm-none-eabi/lib/thumb/libg.a(lib_a-signal.o)
                0x000000000200b3a4                raise
 .text.siscanf  0x000000000200b3b8       0x4c /opt/devkitpro/devkitARM/bin/../lib/gcc/arm-none-eabi/12.1.0/../../../../arm-none-eabi/lib/thumb/libg.a(lib_a-siscanf.o)
                0x000000000200b3b8                siscanf
 .text.__sread  0x000000000200b404       0x34 /opt/devkitpro/devkitARM/bin/../lib/gcc/arm-none-eabi/12.1.0/../../../../arm-none-eabi/lib/thumb/libg.a(lib_a-stdio.o)
                0x000000000200b404                __sread
 .text.__seofread
                0x000000000200b438        0x4 /opt/devkitpro/devkitARM/bin/../lib/gcc/arm-none-eabi/12.1.0/../../../../arm-none-eabi/lib/thumb/libg.a(lib_a-stdio.o)
                0x000000000200b438                __seofread
 .text.__swrite
                0x000000000200b43c       0x4c /opt/devkitpro/devkitARM/bin/../lib/gcc/arm-none-eabi/12.1.0/../../../../arm-none-eabi/lib/thumb/libg.a(lib_a-stdio.o)
                0x000000000200b43c                __swrite
 .text.__sseek  0x000000000200b488       0x44 /opt/devkitpro/devkitARM/bin/../lib/gcc/arm-none-eabi/12.1.0/../../../../arm-none-eabi/lib/thumb/libg.a(lib_a-stdio.o)
                0x000000000200b488                __sseek
 .text.__sclose
                0x000000000200b4cc       0x10 /opt/devkitpro/devkitARM/bin/../lib/gcc/arm-none-eabi/12.1.0/../../../../arm-none-eabi/lib/thumb/libg.a(lib_a-stdio.o)
                0x000000000200b4cc                __sclose
 .text.strcpy   0x000000000200b4dc       0x10 /opt/devkitpro/devkitARM/bin/../lib/gcc/arm-none-eabi/12.1.0/../../../../arm-none-eabi/lib/thumb/libg.a(lib_a-strcpy.o)
                0x000000000200b4dc                strcpy
 .text.strlen   0x000000000200b4ec       0x60 /opt/devkitpro/devkitARM/bin/../lib/gcc/arm-none-eabi/12.1.0/../../../../arm-none-eabi/lib/thumb/libg.a(lib_a-strlen-stub.o)
                0x000000000200b4ec                strlen
 .text.sulp     0x000000000200b54c       0x34 /opt/devkitpro/devkitARM/bin/../lib/gcc/arm-none-eabi/12.1.0/../../../../arm-none-eabi/lib/thumb/libg.a(lib_a-strtod.o)
 .text._strtod_l
                0x000000000200b580      0xebc /opt/devkitpro/devkitARM/bin/../lib/gcc/arm-none-eabi/12.1.0/../../../../arm-none-eabi/lib/thumb/libg.a(lib_a-strtod.o)
                0x000000000200b580                _strtod_l
 .text.strtod   0x000000000200c43c       0x20 /opt/devkitpro/devkitARM/bin/../lib/gcc/arm-none-eabi/12.1.0/../../../../arm-none-eabi/lib/thumb/libg.a(lib_a-strtod.o)
                0x000000000200c43c                strtod
 .text._strtoul_l.constprop.0
                0x000000000200c45c      0x144 /opt/devkitpro/devkitARM/bin/../lib/gcc/arm-none-eabi/12.1.0/../../../../arm-none-eabi/lib/thumb/libg.a(lib_a-strtoul.o)
 .text._strtoul_r
                0x000000000200c5a0        0xc /opt/devkitpro/devkitARM/bin/../lib/gcc/arm-none-eabi/12.1.0/../../../../arm-none-eabi/lib/thumb/libg.a(lib_a-strtoul.o)
                0x000000000200c5a0                _strtoul_r
 .text.get_arg  0x000000000200c5ac       0x32 /opt/devkitpro/devkitARM/bin/../lib/gcc/arm-none-eabi/12.1.0/../../../../arm-none-eabi/lib/thumb/libg.a(lib_a-svfiscanf.o)
 .text._sungetc_r
                0x000000000200c5de       0x7e /opt/devkitpro/devkitARM/bin/../lib/gcc/arm-none-eabi/12.1.0/../../../../arm-none-eabi/lib/thumb/libg.a(lib_a-svfiscanf.o)
                0x000000000200c5de                _sungetc_r
 .text.__ssrefill_r
                0x000000000200c65c       0x42 /opt/devkitpro/devkitARM/bin/../lib/gcc/arm-none-eabi/12.1.0/../../../../arm-none-eabi/lib/thumb/libg.a(lib_a-svfiscanf.o)
                0x000000000200c65c                __ssrefill_r
 .text._sfread_r
                0x000000000200c69e       0x88 /opt/devkitpro/devkitARM/bin/../lib/gcc/arm-none-eabi/12.1.0/../../../../arm-none-eabi/lib/thumb/libg.a(lib_a-svfiscanf.o)
                0x000000000200c69e                _sfread_r
 *fill*         0x000000000200c726        0x2 ff
 .text.__ssvfiscanf_r
                0x000000000200c728     0x1ae0 /opt/devkitpro/devkitARM/bin/../lib/gcc/arm-none-eabi/12.1.0/../../../../arm-none-eabi/lib/thumb/libg.a(lib_a-svfiscanf.o)
                0x000000000200c728                __ssvfiscanf_r
 .text.__submore
                0x000000000200e208       0x88 /opt/devkitpro/devkitARM/bin/../lib/gcc/arm-none-eabi/12.1.0/../../../../arm-none-eabi/lib/thumb/libg.a(lib_a-ungetc.o)
                0x000000000200e208                __submore
 .text.get_arg  0x000000000200e290      0x42c /opt/devkitpro/devkitARM/bin/../lib/gcc/arm-none-eabi/12.1.0/../../../../arm-none-eabi/lib/thumb/libg.a(lib_a-vfiprintf.o)
 .text.__sprint_r
                0x000000000200e6bc       0x24 /opt/devkitpro/devkitARM/bin/../lib/gcc/arm-none-eabi/12.1.0/../../../../arm-none-eabi/lib/thumb/libg.a(lib_a-vfiprintf.o)
                0x000000000200e6bc                __sprint_r
 .text._vfiprintf_r
                0x000000000200e6e0     0x173c /opt/devkitpro/devkitARM/bin/../lib/gcc/arm-none-eabi/12.1.0/../../../../arm-none-eabi/lib/thumb/libg.a(lib_a-vfiprintf.o)
                0x000000000200e6e0                _vfiprintf_r
 .text.__sbprintf
                0x000000000200fe1c       0x8c /opt/devkitpro/devkitARM/bin/../lib/gcc/arm-none-eabi/12.1.0/../../../../arm-none-eabi/lib/thumb/libg.a(lib_a-vfiprintf.o)
 .text.get_arg  0x000000000200fea8      0x42c /opt/devkitpro/devkitARM/bin/../lib/gcc/arm-none-eabi/12.1.0/../../../../arm-none-eabi/lib/thumb/libg.a(lib_a-vfprintf.o)
 .text._vfprintf_r
                0x00000000020102d4     0x2360 /opt/devkitpro/devkitARM/bin/../lib/gcc/arm-none-eabi/12.1.0/../../../../arm-none-eabi/lib/thumb/libg.a(lib_a-vfprintf.o)
                0x00000000020102d4                _vfprintf_r
 .text.__sbprintf
                0x0000000002012634       0x8c /opt/devkitpro/devkitARM/bin/../lib/gcc/arm-none-eabi/12.1.0/../../../../arm-none-eabi/lib/thumb/libg.a(lib_a-vfprintf.o)
 .text._vsnprintf_r
                0x00000000020126c0       0x74 /opt/devkitpro/devkitARM/bin/../lib/gcc/arm-none-eabi/12.1.0/../../../../arm-none-eabi/lib/thumb/libg.a(lib_a-vsnprintf.o)
                0x00000000020126c0                _vsnprintf_r
 .text.vsnprintf
                0x0000000002012734       0x24 /opt/devkitpro/devkitARM/bin/../lib/gcc/arm-none-eabi/12.1.0/../../../../arm-none-eabi/lib/thumb/libg.a(lib_a-vsnprintf.o)
                0x0000000002012734                vsnprintf
 .text._wcrtomb_r
                0x0000000002012758       0x5c /opt/devkitpro/devkitARM/bin/../lib/gcc/arm-none-eabi/12.1.0/../../../../arm-none-eabi/lib/thumb/libg.a(lib_a-wcrtomb.o)
                0x0000000002012758                _wcrtomb_r
 .text._wcsrtombs_r
                0x00000000020127b4       0x1c /opt/devkitpro/devkitARM/bin/../lib/gcc/arm-none-eabi/12.1.0/../../../../arm-none-eabi/lib/thumb/libg.a(lib_a-wcsrtombs.o)
                0x00000000020127b4                _wcsrtombs_r
 .text.__swsetup_r
                0x00000000020127d0       0xd0 /opt/devkitpro/devkitARM/bin/../lib/gcc/arm-none-eabi/12.1.0/../../../../arm-none-eabi/lib/thumb/libg.a(lib_a-wsetup.o)
                0x00000000020127d0                __swsetup_r
 .text.quorem   0x00000000020128a0      0x158 /opt/devkitpro/devkitARM/bin/../lib/gcc/arm-none-eabi/12.1.0/../../../../arm-none-eabi/lib/thumb/libg.a(lib_a-dtoa.o)
 .text._dtoa_r  0x00000000020129f8      0xfcc /opt/devkitpro/devkitARM/bin/../lib/gcc/arm-none-eabi/12.1.0/../../../../arm-none-eabi/lib/thumb/libg.a(lib_a-dtoa.o)
                0x00000000020129f8                _dtoa_r
 .text.__errno  0x00000000020139c4        0xc /opt/devkitpro/devkitARM/bin/../lib/gcc/arm-none-eabi/12.1.0/../../../../arm-none-eabi/lib/thumb/libg.a(lib_a-errno.o)
                0x00000000020139c4                __errno
 .text.__sflush_r
                0x00000000020139d0      0x18c /opt/devkitpro/devkitARM/bin/../lib/gcc/arm-none-eabi/12.1.0/../../../../arm-none-eabi/lib/thumb/libg.a(lib_a-fflush.o)
                0x00000000020139d0                __sflush_r
 .text._fflush_r
                0x0000000002013b5c       0x70 /opt/devkitpro/devkitARM/bin/../lib/gcc/arm-none-eabi/12.1.0/../../../../arm-none-eabi/lib/thumb/libg.a(lib_a-fflush.o)
                0x0000000002013b5c                _fflush_r
 .text._cleanup_r
                0x0000000002013bcc       0x14 /opt/devkitpro/devkitARM/bin/../lib/gcc/arm-none-eabi/12.1.0/../../../../arm-none-eabi/lib/thumb/libg.a(lib_a-findfp.o)
                0x0000000002013bcc                _cleanup_r
 .text.__sinit  0x0000000002013be0      0x124 /opt/devkitpro/devkitARM/bin/../lib/gcc/arm-none-eabi/12.1.0/../../../../arm-none-eabi/lib/thumb/libg.a(lib_a-findfp.o)
                0x0000000002013be0                __sinit
 .text.__sfp_lock_acquire
                0x0000000002013d04       0x14 /opt/devkitpro/devkitARM/bin/../lib/gcc/arm-none-eabi/12.1.0/../../../../arm-none-eabi/lib/thumb/libg.a(lib_a-findfp.o)
                0x0000000002013d04                __sfp_lock_acquire
 .text.__sfp_lock_release
                0x0000000002013d18       0x14 /opt/devkitpro/devkitARM/bin/../lib/gcc/arm-none-eabi/12.1.0/../../../../arm-none-eabi/lib/thumb/libg.a(lib_a-findfp.o)
                0x0000000002013d18                __sfp_lock_release
 .text._malloc_trim_r
                0x0000000002013d2c       0xac /opt/devkitpro/devkitARM/bin/../lib/gcc/arm-none-eabi/12.1.0/../../../../arm-none-eabi/lib/thumb/libg.a(lib_a-freer.o)
                0x0000000002013d2c                _malloc_trim_r
 .text._free_r  0x0000000002013dd8      0x1d8 /opt/devkitpro/devkitARM/bin/../lib/gcc/arm-none-eabi/12.1.0/../../../../arm-none-eabi/lib/thumb/libg.a(lib_a-freer.o)
                0x0000000002013dd8                _free_r
 .text.__sfvwrite_r
                0x0000000002013fb0      0x334 /opt/devkitpro/devkitARM/bin/../lib/gcc/arm-none-eabi/12.1.0/../../../../arm-none-eabi/lib/thumb/libg.a(lib_a-fvwrite.o)
                0x0000000002013fb0                __sfvwrite_r
 .text._fwalk_reent
                0x00000000020142e4       0x50 /opt/devkitpro/devkitARM/bin/../lib/gcc/arm-none-eabi/12.1.0/../../../../arm-none-eabi/lib/thumb/libg.a(lib_a-fwalk.o)
                0x00000000020142e4                _fwalk_reent
 .text.rshift   0x0000000002014334       0xb4 /opt/devkitpro/devkitARM/bin/../lib/gcc/arm-none-eabi/12.1.0/../../../../arm-none-eabi/lib/thumb/libg.a(lib_a-gdtoa-gethex.o)
 .text.__gethex
                0x00000000020143e8      0x5c0 /opt/devkitpro/devkitARM/bin/../lib/gcc/arm-none-eabi/12.1.0/../../../../arm-none-eabi/lib/thumb/libg.a(lib_a-gdtoa-gethex.o)
                0x00000000020143e8                __gethex
 .text.__match  0x00000000020149a8       0x34 /opt/devkitpro/devkitARM/bin/../lib/gcc/arm-none-eabi/12.1.0/../../../../arm-none-eabi/lib/thumb/libg.a(lib_a-gdtoa-hexnan.o)
                0x00000000020149a8                __match
 .text.__hexnan
                0x00000000020149dc      0x204 /opt/devkitpro/devkitARM/bin/../lib/gcc/arm-none-eabi/12.1.0/../../../../arm-none-eabi/lib/thumb/libg.a(lib_a-gdtoa-hexnan.o)
                0x00000000020149dc                __hexnan
 .text.iswspace
                0x0000000002014be0       0x10 /opt/devkitpro/devkitARM/bin/../lib/gcc/arm-none-eabi/12.1.0/../../../../arm-none-eabi/lib/thumb/libg.a(lib_a-iswspace.o)
                0x0000000002014be0                iswspace
 .text._localeconv_r
                0x0000000002014bf0        0x8 /opt/devkitpro/devkitARM/bin/../lib/gcc/arm-none-eabi/12.1.0/../../../../arm-none-eabi/lib/thumb/libg.a(lib_a-localeconv.o)
                0x0000000002014bf0                _localeconv_r
 .text.__locale_mb_cur_max
                0x0000000002014bf8       0x10 /opt/devkitpro/devkitARM/bin/../lib/gcc/arm-none-eabi/12.1.0/../../../../arm-none-eabi/lib/thumb/libg.a(lib_a-locale.o)
                0x0000000002014bf8                __locale_mb_cur_max
 .text.__smakebuf_r
                0x0000000002014c08       0xf0 /opt/devkitpro/devkitARM/bin/../lib/gcc/arm-none-eabi/12.1.0/../../../../arm-none-eabi/lib/thumb/libg.a(lib_a-makebuf.o)
                0x0000000002014c08                __smakebuf_r
 .text.__swhatbuf_r
                0x0000000002014cf8       0x5c /opt/devkitpro/devkitARM/bin/../lib/gcc/arm-none-eabi/12.1.0/../../../../arm-none-eabi/lib/thumb/libg.a(lib_a-makebuf.o)
                0x0000000002014cf8                __swhatbuf_r
 .text._mbrtowc_r
                0x0000000002014d54       0x60 /opt/devkitpro/devkitARM/bin/../lib/gcc/arm-none-eabi/12.1.0/../../../../arm-none-eabi/lib/thumb/libg.a(lib_a-mbrtowc.o)
                0x0000000002014d54                _mbrtowc_r
 .text.__utf8_mbtowc
                0x0000000002014db4      0x27c /opt/devkitpro/devkitARM/bin/../lib/gcc/arm-none-eabi/12.1.0/../../../../arm-none-eabi/lib/thumb/libg.a(lib_a-mbtowc_r.o)
                0x0000000002014db4                __utf8_mbtowc
 .text._Balloc  0x0000000002015030       0x54 /opt/devkitpro/devkitARM/bin/../lib/gcc/arm-none-eabi/12.1.0/../../../../arm-none-eabi/lib/thumb/libg.a(lib_a-mprec.o)
                0x0000000002015030                _Balloc
 .text._Bfree   0x0000000002015084       0x14 /opt/devkitpro/devkitARM/bin/../lib/gcc/arm-none-eabi/12.1.0/../../../../arm-none-eabi/lib/thumb/libg.a(lib_a-mprec.o)
                0x0000000002015084                _Bfree
 .text.__multadd
                0x0000000002015098       0xac /opt/devkitpro/devkitARM/bin/../lib/gcc/arm-none-eabi/12.1.0/../../../../arm-none-eabi/lib/thumb/libg.a(lib_a-mprec.o)
                0x0000000002015098                __multadd