Archive member included to satisfy reference by file (symbol)

/opt/devkitpro/libnds/lib/libnds9.a(video.o)
                              main.o (vramSetPrimaryBanks)
/opt/devkitpro/libnds/lib/libnds9.a(console.o)
                              main.o (consoleInit)
/opt/devkitpro/libnds/lib/libnds9.a(keyboard.o)
                              main.o (keyboardUpdate)
/opt/devkitpro/libnds/lib/libnds9.a(keys.o)
                              main.o (scanKeys)
/opt/devkitpro/libnds/lib/libnds9.a(initSystem.o)
                              /opt/devkitpro/devkitARM/bin/../lib/gcc/arm-none-eabi/12.1.0/../../../../arm-none-eabi/lib/thumb/ds_arm9_crt0.o (initSystem)
/opt/devkitpro/libnds/lib/libnds9.a(securearea.o)
                              /opt/devkitpro/devkitARM/bin/../lib/gcc/arm-none-eabi/12.1.0/../../../../arm-none-eabi/lib/thumb/ds_arm9_crt0.o (__secure_area__)
/opt/devkitpro/libnds/lib/libnds9.a(interrupts.o)
                              /opt/devkitpro/libnds/lib/libnds9.a(initSystem.o) (irqInit)
/opt/devkitpro/libnds/lib/libnds9.a(libnds_exit.arm.o)
                              /opt/devkitpro/devkitARM/bin/../lib/gcc/arm-none-eabi/12.1.0/../../../../arm-none-eabi/lib/thumb/ds_arm9_crt0.o (__libnds_exit)
/opt/devkitpro/libnds/lib/libnds9.a(fifosystem.o)
                              /opt/devkitpro/libnds/lib/libnds9.a(initSystem.o) (fifoSetValue32Handler)
/opt/devkitpro/libnds/lib/libnds9.a(mpu_setup.o)
                              /opt/devkitpro/devkitARM/bin/../lib/gcc/arm-none-eabi/12.1.0/../../../../arm-none-eabi/lib/thumb/ds_arm9_crt0.o (__libnds_mpu_setup)
/opt/devkitpro/libnds/lib/libnds9.a(IntrWait.o)
                              main.o (swiWaitForVBlank)
/opt/devkitpro/libnds/lib/libnds9.a(cpu_clock.o)
                              /opt/devkitpro/libnds/lib/libnds9.a(initSystem.o) (setCpuClock)
/opt/devkitpro/libnds/lib/libnds9.a(interruptDispatcher.o)
                              /opt/devkitpro/libnds/lib/libnds9.a(interrupts.o) (IntrMain)
/opt/devkitpro/libnds/lib/libnds9.a(debugprint.o)
                              /opt/devkitpro/libnds/lib/libnds9.a(console.o) (nocashWrite)
/opt/devkitpro/libnds/lib/libnds9.a(swiSoftReset.o)
                              /opt/devkitpro/libnds/lib/libnds9.a(fifosystem.o) (swiSoftReset)
/opt/devkitpro/libnds/lib/libnds9.a(default_font.bin.o)
                              /opt/devkitpro/libnds/lib/libnds9.a(console.o) (default_font_bin)
/opt/devkitpro/libnds/lib/libnds9.a(keyboardGfx.o)
                              /opt/devkitpro/libnds/lib/libnds9.a(keyboard.o) (keyboardGfxTiles)
/opt/devkitpro/libnds/lib/libnds9.a(background.o)
                              /opt/devkitpro/libnds/lib/libnds9.a(keyboard.o) (bgUpdate)
/opt/devkitpro/libnds/lib/libnds9.a(trig.o)
                              /opt/devkitpro/libnds/lib/libnds9.a(background.o) (sinLerp)
/opt/devkitpro/libnds/lib/libnds9.a(touch.o)
                              /opt/devkitpro/libnds/lib/libnds9.a(keyboard.o) (touchRead)
/opt/devkitpro/libnds/lib/libnds9.a(system.o)
                              /opt/devkitpro/libnds/lib/libnds9.a(initSystem.o) (systemValueHandler)
/opt/devkitpro/libnds/lib/libnds9.a(decompress.o)
                              /opt/devkitpro/libnds/lib/libnds9.a(keyboard.o) (decompress)
/opt/devkitpro/libnds/lib/libnds9.a(syscalls.o)
                              /opt/devkitpro/libnds/lib/libnds9.a(decompress.o) (swiDecompressLZSSVram)
/opt/devkitpro/libnds/lib/libnds9.a(biosCalls.o)
                              /opt/devkitpro/libnds/lib/libnds9.a(system.o) (swiDelay)
/opt/devkitpro/devkitARM/bin/../lib/gcc/arm-none-eabi/12.1.0/../../../../arm-none-eabi/lib/thumb/libstdc++.a(class_type_info.o)
                              nscript.o (vtable for __cxxabiv1::__class_type_info)
/opt/devkitpro/devkitARM/bin/../lib/gcc/arm-none-eabi/12.1.0/../../../../arm-none-eabi/lib/thumb/libstdc++.a(del_ops.o)
                              nscript.o (operator delete(void*, unsigned int))
/opt/devkitpro/devkitARM/bin/../lib/gcc/arm-none-eabi/12.1.0/../../../../arm-none-eabi/lib/thumb/libstdc++.a(eh_alloc.o)
                              nscript.o (__cxa_allocate_exception)
/opt/devkitpro/devkitARM/bin/../lib/gcc/arm-none-eabi/12.1.0/../../../../arm-none-eabi/lib/thumb/libstdc++.a(eh_arm.o)
                              nscript.o (__cxa_end_cleanup)
/opt/devkitpro/devkitARM/bin/../lib/gcc/arm-none-eabi/12.1.0/../../../../arm-none-eabi/lib/thumb/libstdc++.a(eh_catch.o)
                              nscript.o (__cxa_begin_catch)
/opt/devkitpro/devkitARM/bin/../lib/gcc/arm-none-eabi/12.1.0/../../../../arm-none-eabi/lib/thumb/libstdc++.a(eh_exception.o)
                              nscript.o (std::exception::~exception())
/opt/devkitpro/devkitARM/bin/../lib/gcc/arm-none-eabi/12.1.0/../../../../arm-none-eabi/lib/thumb/libstdc++.a(eh_globals.o)
[...]
Memory Configuration

Name             Origin             Length             Attributes
ewram            0x0000000002000000 0x0000000000380000
dtcm             0x0000000002ff0000 0x0000000000004000
vectors          0x0000000001000000 0x0000000000000100
itcm             0x0000000001000100 0x0000000000007f00
*default*        0x0000000000000000 0xffffffffffffffff

Linker script and memory map

                0x0000000002380000                __ewram_end = (ORIGIN (ewram) + LENGTH (ewram))
                0x0000000002380000                __eheap_end = (ORIGIN (ewram) + LENGTH (ewram))
                0x0000000002ff4000                __dtcm_top = (ORIGIN (dtcm) + LENGTH (dtcm))
                0x0000000002ff3ff8                __irq_flags = (__dtcm_top - 0x8)
                0x0000000002ff3ffc                __irq_vector = (__dtcm_top - 0x4)
                0x0000000002ff3f00                __sp_svc = (__dtcm_top - 0x100)
                0x0000000002ff3e00                __sp_irq = (__sp_svc - 0x100)
                0x0000000002ff3d00                __sp_usr = (__sp_irq - 0x100)

.secure         0x0000000002000000      0x800
 *(.secure)
 .secure        0x0000000002000000      0x800 /opt/devkitpro/libnds/lib/libnds9.a(securearea.o)
                0x0000000002000000                __secure_area__

.crt0           0x0000000002000800      0x300
                0x0000000002000800                __text_start = .
 *(.crt0)
 .crt0          0x0000000002000800      0x300 /opt/devkitpro/devkitARM/bin/../lib/gcc/arm-none-eabi/12.1.0/../../../../arm-none-eabi/lib/thumb/ds_arm9_crt0.o
                0x0000000002000800                _start
                0x0000000002000b00                . = ALIGN (0x4)

.plt
 *(.plt)

.init           0x0000000002000b00        0xc
 *(SORT_NONE(.init))
 .init          0x0000000002000b00        0x4 /opt/devkitpro/devkitARM/bin/../lib/gcc/arm-none-eabi/12.1.0/thumb/crti.o
                0x0000000002000b00                _init
 .init          0x0000000002000b04        0x8 /opt/devkitpro/devkitARM/bin/../lib/gcc/arm-none-eabi/12.1.0/thumb/crtn.o

.text           0x0000000002000b10    0x192a0
 *(EXCLUDE_FILE(*.twl* *.vectors* *.itcm*) .text)
 .text          0x0000000002000b10     0x2198 nscript.o
                0x0000000002000c54                NScript::Parser::convertToKeywordWhenPossible(NScript::Node)
                0x0000000002000c70                NScript::Parser::collectSequence[abi:cxx11](std::function<bool ()>)
                0x0000000002000d50                NScript::Parser::collectIdentifierToken()
                0x0000000002000dfc                NScript::Node::toString[abi:cxx11]()
                0x0000000002001888                NScript::Parser::collectNumToken()
                0x0000000002001ce4                NScript::Parser::escapesToEscaped(std::__cxx11::basic_string<char, std::char_traits<char>, std::allocator<char> >, NScript::Position)
                0x0000000002001ef0                NScript::Parser::collectStringToken()
                0x00000000020020e4                NScript::Parser::nextToken()
                0x000000000200233c                NScript::Parser::expectBinaryOrTerm(std::function<NScript::Node ()>, std::vector<NScript::NodeKind, std::allocator<NScript::NodeKind> >)
                0x00000000020025e8                NScript::Parser::collectCallNode(NScript::Node)
                0x0000000002002a14                NScript::Parser::expectTerm()
 .text          0x0000000002002ca8      0x9f8 console.o
                0x0000000002002cf4                NDSConsole::insertChar(char)
                0x0000000002002d90                NDSConsole::removeChar()
                0x0000000002002de0                NDSConsole::flushPromptBuffer(unsigned long long, bool)
                0x0000000002002f40                NDSConsole::moveCursorIndex(CursorMovingDirection)
                0x0000000002002f74                NDSConsole::moveRecentBuffer(BufferMovingDirection)
                0x0000000002002fc0                NDSConsole::printPromptParsingError(NScript::ParserError)
                0x00000000020030c0                NDSConsole::printBlinkingCursor(unsigned long long, bool)
                0x00000000020030e8                NDSConsole::processCommand(std::__cxx11::basic_string<char, std::char_traits<char>, std::allocator<char> >)
                0x0000000002003468                NDSConsole::returnPrompt()
                0x00000000020035e0                NDSConsole::processVirtualKey(int)
 .text          0x00000000020036a0      0x150 /opt/devkitpro/devkitARM/bin/../lib/gcc/arm-none-eabi/12.1.0/thumb/libgcc.a(_divsi3.o)
                0x00000000020036a0                __aeabi_idiv
                0x00000000020036a0                __divsi3
                0x00000000020037d0                __aeabi_idivmod
 .text          0x00000000020037f0        0x4 /opt/devkitpro/devkitARM/bin/../lib/gcc/arm-none-eabi/12.1.0/thumb/libgcc.a(_dvmd_tls.o)
                0x00000000020037f0                __aeabi_ldiv0
                0x00000000020037f0                __aeabi_idiv0
 .text          0x00000000020037f4      0x1d8 /opt/devkitpro/devkitARM/bin/../lib/gcc/arm-none-eabi/12.1.0/thumb/libgcc.a(libunwind.o)
                0x00000000020037f4                __restore_core_regs
                0x00000000020037f4                restore_core_regs
                0x0000000002003810                __gnu_Unwind_Restore_VFP
                0x0000000002003818                __gnu_Unwind_Save_VFP
                0x0000000002003820                __gnu_Unwind_Restore_VFP_D
                0x0000000002003828                __gnu_Unwind_Save_VFP_D
                0x0000000002003830                __gnu_Unwind_Restore_VFP_D_16_to_31
                0x0000000002003838                __gnu_Unwind_Save_VFP_D_16_to_31
                0x0000000002003840                __gnu_Unwind_Restore_WMMXD
                0x0000000002003884                __gnu_Unwind_Save_WMMXD
                0x00000000020038c8                __gnu_Unwind_Restore_WMMXC
                0x00000000020038dc                __gnu_Unwind_Save_WMMXC
                0x00000000020038f0                ___Unwind_RaiseException
                0x00000000020038f0                _Unwind_RaiseException
                0x000000000200391c                ___Unwind_Resume
                0x000000000200391c                _Unwind_Resume
                0x0000000002003948                _Unwind_Resume_or_Rethrow
                0x0000000002003948                ___Unwind_Resume_or_Rethrow
                0x0000000002003974                ___Unwind_ForcedUnwind
                0x0000000002003974                _Unwind_ForcedUnwind
                0x00000000020039a0                _Unwind_Backtrace
                0x00000000020039a0                ___Unwind_Backtrace
 .text          0x00000000020039cc      0x224 /opt/devkitpro/devkitARM/bin/../lib/gcc/arm-none-eabi/12.1.0/../../../../arm-none-eabi/lib/thumb/libg.a(lib_a-strcmp.o)
                0x00000000020039cc                strcmp
 .text          0x0000000002003bf0       0x14 /opt/devkitpro/devkitARM/bin/../lib/gcc/arm-none-eabi/12.1.0/thumb/libgcc.a(_thumb1_case_uqi.o)
                0x0000000002003bf0                __gnu_thumb1_case_uqi
 .text          0x0000000002003c04       0x14 /opt/devkitpro/devkitARM/bin/../lib/gcc/arm-none-eabi/12.1.0/thumb/libgcc.a(_thumb1_case_uhi.o)
                0x0000000002003c04                __gnu_thumb1_case_uhi
 .text          0x0000000002003c18      0x11c /opt/devkitpro/devkitARM/bin/../lib/gcc/arm-none-eabi/12.1.0/thumb/libgcc.a(_udivsi3.o)
                0x0000000002003c18                __udivsi3
                0x0000000002003c18                __aeabi_uidiv
                0x0000000002003d14                __aeabi_uidivmod
 .text          0x0000000002003d34      0x424 /opt/devkitpro/devkitARM/bin/../lib/gcc/arm-none-eabi/12.1.0/thumb/libgcc.a(_arm_addsubdf3.o)
                0x0000000002003d34                __aeabi_drsub
                0x0000000002003d3c                __aeabi_dsub
                0x0000000002003d3c                __subdf3
                0x0000000002003d40                __adddf3
                0x0000000002003d40                __aeabi_dadd
                0x0000000002004050                __aeabi_ui2d
                0x0000000002004050                __floatunsidf
                0x0000000002004074                __floatsidf
                0x0000000002004074                __aeabi_i2d
                0x000000000200409c                __extendsfdf2
                0x000000000200409c                __aeabi_f2d
                0x00000000020040e4                __aeabi_ul2d
                0x00000000020040e4                __floatundidf
                0x00000000020040f8                __floatdidf
                0x00000000020040f8                __aeabi_l2d
 .text          0x0000000002004158      0x49c /opt/devkitpro/devkitARM/bin/../lib/gcc/arm-none-eabi/12.1.0/thumb/libgcc.a(_arm_muldivdf3.o)
                0x0000000002004158                __aeabi_dmul
                0x0000000002004158                __muldf3
                0x00000000020043e8                __aeabi_ddiv
                0x00000000020043e8                __divdf3
 .text          0x00000000020045f4      0x144 /opt/devkitpro/devkitARM/bin/../lib/gcc/arm-none-eabi/12.1.0/thumb/libgcc.a(_arm_cmpdf2.o)
                0x00000000020045f4                __gtdf2
                0x00000000020045f4                __gedf2
                0x00000000020045fc                __ltdf2
                0x00000000020045fc                __ledf2
                0x0000000002004604                __cmpdf2
                0x0000000002004604                __eqdf2
                0x0000000002004604                __nedf2
                0x000000000200468c                __aeabi_cdrcmple
                0x00000000020046a8                __aeabi_cdcmple
                0x00000000020046a8                __aeabi_cdcmpeq
                0x00000000020046c0                __aeabi_dcmpeq
                0x00000000020046d8                __aeabi_dcmplt
                0x00000000020046f0                __aeabi_dcmple
                0x0000000002004708                __aeabi_dcmpge
                0x0000000002004720                __aeabi_dcmpgt
 .text          0x0000000002004738       0x38 /opt/devkitpro/devkitARM/bin/../lib/gcc/arm-none-eabi/12.1.0/thumb/libgcc.a(_arm_unorddf2.o)
                0x0000000002004738                __aeabi_dcmpun
                0x0000000002004738                __unorddf2
 .text          0x0000000002004770       0x5c /opt/devkitpro/devkitARM/bin/../lib/gcc/arm-none-eabi/12.1.0/thumb/libgcc.a(_arm_fixdfsi.o)
                0x0000000002004770                __fixdfsi
                0x0000000002004770                __aeabi_d2iz
 .text          0x00000000020047cc       0x54 /opt/devkitpro/devkitARM/bin/../lib/gcc/arm-none-eabi/12.1.0/thumb/libgcc.a(_arm_fixunsdfsi.o)
                0x00000000020047cc                __fixunsdfsi
                0x00000000020047cc                __aeabi_d2uiz
 .text          0x0000000002004820       0x3c /opt/devkitpro/devkitARM/bin/../lib/gcc/arm-none-eabi/12.1.0/thumb/libgcc.a(_aeabi_uldivmod.o)
                0x0000000002004820                __aeabi_uldivmod
 .text          0x000000000200485c       0x28 /opt/devkitpro/devkitARM/bin/../lib/gcc/arm-none-eabi/12.1.0/thumb/libgcc.a(_clzdi2.o)
                0x000000000200485c                __clzdi2
 .text          0x0000000002004884       0x48 /opt/devkitpro/devkitARM/bin/../lib/gcc/arm-none-eabi/12.1.0/thumb/libgcc.a(_clzsi2.o)
                0x0000000002004884                __clzsi2
 *(EXCLUDE_FILE(*.twl* *.vectors* *.itcm*) .stub)
 *(EXCLUDE_FILE(*.twl* *.vectors* *.itcm*) .text.*)
 .text.__do_global_dtors_aux
                0x00000000020048cc       0x2c /opt/devkitpro/devkitARM/bin/../lib/gcc/arm-none-eabi/12.1.0/thumb/crtbegin.o
 .text.frame_dummy
                0x00000000020048f8       0x24 /opt/devkitpro/devkitARM/bin/../lib/gcc/arm-none-eabi/12.1.0/thumb/crtbegin.o
 .text._ZNSt17_Function_handlerIFN7NScript4NodeEvEZNS0_6Parser16expectExpressionEvEUlvE_E10_M_managerERSt9_Any_dataRKS6_St18_Manager_operation
                0x000000000200491c       0x20 nscript.o
                0x000000000200491c                std::_Function_handler<NScript::Node (), NScript::Parser::expectExpression()::{lambda()#1}>::_M_manager(std::_Any_data&, std::_Any_data const&, std::_Manager_operation)
 .text._ZNSt17_Function_handlerIFN7NScript4NodeEvEZZNS0_6Parser16expectExpressionEvENKUlvE_clEvEUlvE_E10_M_managerERSt9_Any_dataRKS7_St18_Manager_operation
                0x000000000200493c       0x20 nscript.o
                0x000000000200493c                std::_Function_handler<NScript::Node (), NScript::Parser::expectExpression()::{lambda()#1}::operator()() const::{lambda()#1}>::_M_manager(std::_Any_data&, std::_Any_data const&, std::_Manager_operation)
 .text._ZN7NScript11ParserErrorD2Ev
                0x000000000200495c       0x48 nscript.o
                0x000000000200495c                NScript::ParserError::~ParserError()
                0x000000000200495c                NScript::ParserError::~ParserError()
 .text._ZN7NScript11ParserErrorD0Ev
                0x00000000020049a4       0x50 nscript.o
                0x00000000020049a4                NScript::ParserError::~ParserError()
 .text._ZNSt14_Function_baseD2Ev
                0x00000000020049f4       0x14 nscript.o
                0x00000000020049f4                std::_Function_base::~_Function_base()
                0x00000000020049f4                std::_Function_base::~_Function_base()
 .text._ZN7NScript4Node12kindToStringB5cxx11ENS_8NodeKindE
                0x0000000002004a08       0xe8 nscript.o
                0x0000000002004a08                NScript::Node::kindToString[abi:cxx11](NScript::NodeKind)
 .text._ZN9__gnu_cxx12__to_xstringINSt7__cxx1112basic_stringIcSt11char_traitsIcESaIcEEEcEET_PFiPT0_jPKS8_St9__va_listEjSB_z
                0x0000000002004af0       0x74 nscript.o
                0x0000000002004af0                std::__cxx11::basic_string<char, std::char_traits<char>, std::allocator<char> > __gnu_cxx::__to_xstring<std::__cxx11::basic_string<char, std::char_traits<char>, std::allocator<char> >, char>(int (*)(char*, unsigned int, char const*, std::__va_list), unsigned int, char const*, ...)
 .text._ZNSt12_Vector_baseIN7NScript4NodeESaIS1_EED2Ev
                0x0000000002004b64       0x18 nscript.o
                0x0000000002004b64                std::_Vector_base<NScript::Node, std::allocator<NScript::Node> >::~_Vector_base()
                0x0000000002004b64                std::_Vector_base<NScript::Node, std::allocator<NScript::Node> >::~_Vector_base()
 .text._ZNSt6vectorINSt7__cxx1112basic_stringIcSt11char_traitsIcESaIcEEESaIS5_EED2Ev
                0x0000000002004b7c       0x38 nscript.o
                0x0000000002004b7c                std::vector<std::__cxx11::basic_string<char, std::char_traits<char>, std::allocator<char> >, std::allocator<std::__cxx11::basic_string<char, std::char_traits<char>, std::allocator<char> > > >::~vector()
                0x0000000002004b7c                std::vector<std::__cxx11::basic_string<char, std::char_traits<char>, std::allocator<char> >, std::allocator<std::__cxx11::basic_string<char, std::char_traits<char>, std::allocator<char> > > >::~vector()
 .text._ZN7NScript11ParserErrorC2ESt6vectorINSt7__cxx1112basic_stringIcSt11char_traitsIcESaIcEEESaIS7_EENS_8PositionE
                0x0000000002004bb4      0x16c nscript.o
                0x0000000002004bb4                NScript::ParserError::ParserError(std::vector<std::__cxx11::basic_string<char, std::char_traits<char>, std::allocator<char> >, std::allocator<std::__cxx11::basic_string<char, std::char_traits<char>, std::allocator<char> > > >, NScript::Position)
                0x0000000002004bb4                NScript::ParserError::ParserError(std::vector<std::__cxx11::basic_string<char, std::char_traits<char>, std::allocator<char> >, std::allocator<std::__cxx11::basic_string<char, std::char_traits<char>, std::allocator<char> > > >, NScript::Position)
 .text._ZNSt6vectorINSt7__cxx1112basic_stringIcSt11char_traitsIcESaIcEEESaIS5_EEC2ESt16initializer_listIS5_ERKS6_
                0x0000000002004d20       0xec nscript.o
                0x0000000002004d20                std::vector<std::__cxx11::basic_string<char, std::char_traits<char>, std::allocator<char> >, std::allocator<std::__cxx11::basic_string<char, std::char_traits<char>, std::allocator<char> > > >::vector(std::initializer_list<std::__cxx11::basic_string<char, std::char_traits<char>, std::allocator<char> > >, std::allocator<std::__cxx11::basic_string<char, std::char_traits<char>, std::allocator<char> > > const&)
                0x0000000002004d20                std::vector<std::__cxx11::basic_string<char, std::char_traits<char>, std::allocator<char> >, std::allocator<std::__cxx11::basic_string<char, std::char_traits<char>, std::allocator<char> > > >::vector(std::initializer_list<std::__cxx11::basic_string<char, std::char_traits<char>, std::allocator<char> > >, std::allocator<std::__cxx11::basic_string<char, std::char_traits<char>, std::allocator<char> > > const&)
 .text._ZNSt12_Vector_baseIN7NScript8NodeKindESaIS1_EED2Ev
                0x0000000002004e0c       0x18 nscript.o
                0x0000000002004e0c                std::_Vector_base<NScript::NodeKind, std::allocator<NScript::NodeKind> >::~_Vector_base()
                0x0000000002004e0c                std::_Vector_base<NScript::NodeKind, std::allocator<NScript::NodeKind> >::~_Vector_base()
 .text._ZNSt17_Function_handlerIFN7NScript4NodeEvEZNS0_6Parser16expectExpressionEvEUlvE_E9_M_invokeERKSt9_Any_data
                0x0000000002004e24       0x84 nscript.o
                0x0000000002004e24                std::_Function_handler<NScript::Node (), NScript::Parser::expectExpression()::{lambda()#1}>::_M_invoke(std::_Any_data const&)
 .text._ZNSt6vectorIN7NScript4NodeESaIS1_EE17_M_realloc_insertIJS1_EEEvN9__gnu_cxx17__normal_iteratorIPS1_S3_EEDpOT_
                0x0000000002004ea8       0xf0 nscript.o
                0x0000000002004ea8                void std::vector<NScript::Node, std::allocator<NScript::Node> >::_M_realloc_insert<NScript::Node>(__gnu_cxx::__normal_iterator<NScript::Node*, std::vector<NScript::Node, std::allocator<NScript::Node> > >, NScript::Node&&)
 .text._ZNSt17_Function_handlerIFN7NScript4NodeEvEZZNS0_6Parser16expectExpressionEvENKUlvE_clEvEUlvE_E9_M_invokeERKSt9_Any_data
                0x0000000002004f98       0x10 nscript.o
                0x0000000002004f98                std::_Function_handler<NScript::Node (), NScript::Parser::expectExpression()::{lambda()#1}::operator()() const::{lambda()#1}>::_M_invoke(std::_Any_data const&)
 .text._ZNSt7__cxx1112basic_stringIcSt11char_traitsIcESaIcEEC2IS3_EEPKcRKS3_
                0x0000000002004fa8       0x68 console.o
                0x0000000002004fa8                std::__cxx11::basic_string<char, std::char_traits<char>, std::allocator<char> >::basic_string<std::allocator<char> >(char const*, std::allocator<char> const&)
                0x0000000002004fa8                std::__cxx11::basic_string<char, std::char_traits<char>, std::allocator<char> >::basic_string<std::allocator<char> >(char const*, std::allocator<char> const&)
 .text._ZNSt12_Vector_baseINSt7__cxx1112basic_stringIcSt11char_traitsIcESaIcEEESaIS5_EED2Ev
                0x0000000002005010       0x18 console.o
                0x0000000002005010                std::_Vector_base<std::__cxx11::basic_string<char, std::char_traits<char>, std::allocator<char> >, std::allocator<std::__cxx11::basic_string<char, std::char_traits<char>, std::allocator<char> > > >::~_Vector_base()
                0x0000000002005010                std::_Vector_base<std::__cxx11::basic_string<char, std::char_traits<char>, std::allocator<char> >, std::allocator<std::__cxx11::basic_string<char, std::char_traits<char>, std::allocator<char> > > >::~_Vector_base()
 .text._ZNSt6vectorIPNSt7__cxx1112basic_stringIcSt11char_traitsIcESaIcEEESaIS6_EE17_M_realloc_insertIJRKS6_EEEvN9__gnu_cxx17__normal_iteratorIPS6_S8_EEDpOT_
                0x0000000002005028       0xf0 console.o
                0x0000000002005028                void std::vector<std::__cxx11::basic_string<char, std::char_traits<char>, std::allocator<char> >*, std::allocator<std::__cxx11::basic_string<char, std::char_traits<char>, std::allocator<char> >*> >::_M_realloc_insert<std::__cxx11::basic_string<char, std::char_traits<char>, std::allocator<char> >* const&>(__gnu_cxx::__normal_iterator<std::__cxx11::basic_string<char, std::char_traits<char>, std::allocator<char> >**, std::vector<std::__cxx11::basic_string<char, std::char_traits<char>, std::allocator<char> >*, std::allocator<std::__cxx11::basic_string<char, std::char_traits<char>, std::allocator<char> >*> > >, std::__cxx11::basic_string<char, std::char_traits<char>, std::allocator<char> >* const&)
 .text._ZSt16__do_uninit_copyIN9__gnu_cxx17__normal_iteratorIPKNSt7__cxx1112basic_stringIcSt11char_traitsIcESaIcEEESt6vectorIS7_SaIS7_EEEEPS7_ET0_T_SG_SF_
                0x0000000002005118       0xa4 console.o
                0x0000000002005118                std::__cxx11::basic_string<char, std::char_traits<char>, std::allocator<char> >* std::__do_uninit_copy<__gnu_cxx::__normal_iterator<std::__cxx11::basic_string<char, std::char_traits<char>, std::allocator<char> > const*, std::vector<std::__cxx11::basic_string<char, std::char_traits<char>, std::allocator<char> >, std::allocator<std::__cxx11::basic_string<char, std::char_traits<char>, std::allocator<char> > > > >, std::__cxx11::basic_string<char, std::char_traits<char>, std::allocator<char> >*>(__gnu_cxx::__normal_iterator<std::__cxx11::basic_string<char, std::char_traits<char>, std::allocator<char> > const*, std::vector<std::__cxx11::basic_string<char, std::char_traits<char>, std::allocator<char> >, std::allocator<std::__cxx11::basic_string<char, std::char_traits<char>, std::allocator<char> > > > >, __gnu_cxx::__normal_iterator<std::__cxx11::basic_string<char, std::char_traits<char>, std::allocator<char> > const*, std::vector<std::__cxx11::basic_string<char, std::char_traits<char>, std::allocator<char> >, std::allocator<std::__cxx11::basic_string<char, std::char_traits<char>, std::allocator<char> > > > >, std::__cxx11::basic_string<char, std::char_traits<char>, std::allocator<char> >*)
 .text._ZN7NScript11ParserErrorC2ERKS0_
                0x00000000020051bc       0x74 console.o
                0x00000000020051bc                NScript::ParserError::ParserError(NScript::ParserError const&)
                0x00000000020051bc                NScript::ParserError::ParserError(NScript::ParserError const&)
 .text._ZNSt12_Vector_baseIPNSt7__cxx1112basic_stringIcSt11char_traitsIcESaIcEEESaIS6_EED2Ev
                0x0000000002005230       0x18 main.o
                0x0000000002005230                std::_Vector_base<std::__cxx11::basic_string<char, std::char_traits<char>, std::allocator<char> >*, std::allocator<std::__cxx11::basic_string<char, std::char_traits<char>, std::allocator<char> >*> >::~_Vector_base()
                0x0000000002005230                std::_Vector_base<std::__cxx11::basic_string<char, std::char_traits<char>, std::allocator<char> >*, std::allocator<std::__cxx11::basic_string<char, std::char_traits<char>, std::allocator<char> >*> >::~_Vector_base()
 .text.startup  0x0000000002005248      0x1dc main.o
                0x0000000002005248                main
 .text.vramSetPrimaryBanks
                0x0000000002005424       0x44 /opt/devkitpro/libnds/lib/libnds9.a(video.o)
                0x0000000002005424                vramSetPrimaryBanks
 .text.vramDefault
                0x0000000002005468       0xd0 /opt/devkitpro/libnds/lib/libnds9.a(video.o)
                0x0000000002005468                vramDefault
 .text.newRow   0x0000000002005538       0xa8 /opt/devkitpro/libnds/lib/libnds9.a(console.o)
 .text.consolePrintChar
                0x00000000020055e0       0xe0 /opt/devkitpro/libnds/lib/libnds9.a(console.o)
                0x00000000020055e0                consolePrintChar
 .text.con_write
                0x00000000020056c0      0x36c /opt/devkitpro/libnds/lib/libnds9.a(console.o)
                0x00000000020056c0                con_write
 .text.consoleLoadFont
                0x0000000002005a2c      0x2a0 /opt/devkitpro/libnds/lib/libnds9.a(console.o)
                0x0000000002005a2c                consoleLoadFont
 .text.consoleInit
                0x0000000002005ccc      0x18c /opt/devkitpro/libnds/lib/libnds9.a(console.o)
                0x0000000002005ccc                consoleInit
 .text.swapKeyGfx.part.0
                0x0000000002005e58      0x13c /opt/devkitpro/libnds/lib/libnds9.a(keyboard.o)
 .text.keyboardGetKey
                0x0000000002005f94       0x4c /opt/devkitpro/libnds/lib/libnds9.a(keyboard.o)
                0x0000000002005f94                keyboardGetKey
 .text.keyboardShiftState
                0x0000000002005fe0       0x90 /opt/devkitpro/libnds/lib/libnds9.a(keyboard.o)
                0x0000000002005fe0                keyboardShiftState
 .text.keyboardUpdate
                0x0000000002006070      0x134 /opt/devkitpro/libnds/lib/libnds9.a(keyboard.o)
                0x0000000002006070                keyboardUpdate
 .text.keyboardInit
                0x00000000020061a4      0x204 /opt/devkitpro/libnds/lib/libnds9.a(keyboard.o)
                0x00000000020061a4                keyboardInit
 .text.keyboardShow
                0x00000000020063a8       0xd4 /opt/devkitpro/libnds/lib/libnds9.a(keyboard.o)
                0x00000000020063a8                keyboardShow
 .text.keyboardHide
                0x000000000200647c       0x90 /opt/devkitpro/libnds/lib/libnds9.a(keyboard.o)
                0x000000000200647c                keyboardHide
 .text.keyboardRead
                0x000000000200650c       0xbc /opt/devkitpro/libnds/lib/libnds9.a(keyboard.o)
                0x000000000200650c                keyboardRead
 .text.scanKeys
                0x00000000020065c8       0x8c /opt/devkitpro/libnds/lib/libnds9.a(keys.o)
                0x00000000020065c8                scanKeys
 .text.keysDown
                0x0000000002006654       0x14 /opt/devkitpro/libnds/lib/libnds9.a(keys.o)
                0x0000000002006654                keysDown
 .text.keysCurrent
                0x0000000002006668       0x38 /opt/devkitpro/libnds/lib/libnds9.a(keys.o)
                0x0000000002006668                keysCurrent
 .text.__syscall_exit
                0x00000000020066a0        0x8 /opt/devkitpro/libnds/lib/libnds9.a(initSystem.o)
                0x00000000020066a0                __syscall_exit
 .text.initSystem
                0x00000000020066a8      0x180 /opt/devkitpro/libnds/lib/libnds9.a(initSystem.o)
                0x00000000020066a8                initSystem
 .text.irqDummy
                0x0000000002006828        0x4 /opt/devkitpro/libnds/lib/libnds9.a(interrupts.o)
                0x0000000002006828                irqDummy
 .text.irqSet   0x000000000200682c       0x6c /opt/devkitpro/libnds/lib/libnds9.a(interrupts.o)
                0x000000000200682c                irqSet
 .text.irqInit  0x0000000002006898       0x50 /opt/devkitpro/libnds/lib/libnds9.a(interrupts.o)
                0x0000000002006898                irqInit
 .text.irqEnable
                0x00000000020068e8       0x64 /opt/devkitpro/libnds/lib/libnds9.a(interrupts.o)
                0x00000000020068e8                irqEnable
 .text.systemErrorExit
                0x000000000200694c        0x4 /opt/devkitpro/libnds/lib/libnds9.a(libnds_exit.arm.o)
                0x000000000200694c                systemErrorExit
 .text.__libnds_exit
                0x0000000002006950       0x5c /opt/devkitpro/libnds/lib/libnds9.a(libnds_exit.arm.o)
                0x0000000002006950                __libnds_exit
 .text.fifo_queueBlock
                0x00000000020069ac       0x44 /opt/devkitpro/libnds/lib/libnds9.a(fifosystem.o)
 .text.fifo_waitBlock
                0x00000000020069f0       0x80 /opt/devkitpro/libnds/lib/libnds9.a(fifosystem.o)
 .text.fifoInternalSend.part.0
                0x0000000002006a70       0xd4 /opt/devkitpro/libnds/lib/libnds9.a(fifosystem.o)
 .text.fifoInternalSendInterrupt
                0x0000000002006b44       0xb0 /opt/devkitpro/libnds/lib/libnds9.a(fifosystem.o)
 .text.fifoSetValue32Handler
                0x0000000002006bf4       0xd4 /opt/devkitpro/libnds/lib/libnds9.a(fifosystem.o)
                0x0000000002006bf4                fifoSetValue32Handler
 .text.fifoSendValue32
                0x0000000002006cc8       0x4c /opt/devkitpro/libnds/lib/libnds9.a(fifosystem.o)
                0x0000000002006cc8                fifoSendValue32
 .text.fifoGetDatamsg
                0x0000000002006d14       0xf4 /opt/devkitpro/libnds/lib/libnds9.a(fifosystem.o)
                0x0000000002006d14                fifoGetDatamsg
 .text.fifoInternalRecvInterrupt
                0x0000000002006e08      0x37c /opt/devkitpro/libnds/lib/libnds9.a(fifosystem.o)
 .text.fifoSetDatamsgHandler
                0x0000000002007184       0x9c /opt/devkitpro/libnds/lib/libnds9.a(fifosystem.o)
                0x0000000002007184                fifoSetDatamsgHandler
 .text.fifoInit
                0x0000000002007220      0x108 /opt/devkitpro/libnds/lib/libnds9.a(fifosystem.o)
                0x0000000002007220                fifoInit
 .text.__libnds_mpu_setup
                0x0000000002007328      0x174 /opt/devkitpro/libnds/lib/libnds9.a(mpu_setup.o)
                0x0000000002007328                __libnds_mpu_setup
 .text.memUncached
                0x000000000200749c       0x20 /opt/devkitpro/libnds/lib/libnds9.a(mpu_setup.o)
                0x000000000200749c                memUncached
 .text.swiWaitForVBlank
                0x00000000020074bc        0x8 /opt/devkitpro/libnds/lib/libnds9.a(IntrWait.o)
                0x00000000020074bc                swiWaitForVBlank
 .text.swiIntrWait
                0x00000000020074c4       0x70 /opt/devkitpro/libnds/lib/libnds9.a(IntrWait.o)
                0x00000000020074c4                swiIntrWait
 .text.setCpuClock
                0x0000000002007534       0x50 /opt/devkitpro/libnds/lib/libnds9.a(cpu_clock.o)
                0x0000000002007534                setCpuClock
 .text.swiSoftReset
                0x0000000002007584       0x2c /opt/devkitpro/libnds/lib/libnds9.a(swiSoftReset.o)
                0x0000000002007584                swiSoftReset
 .text.checkIfText
                0x00000000020075b0       0x5c /opt/devkitpro/libnds/lib/libnds9.a(background.o)
                0x00000000020075b0                checkIfText
 .text.bgUpdate
                0x000000000200760c       0xf4 /opt/devkitpro/libnds/lib/libnds9.a(background.o)
                0x000000000200760c                bgUpdate
 .text.bgInit_call
                0x0000000002007700       0xc4 /opt/devkitpro/libnds/lib/libnds9.a(background.o)
                0x0000000002007700                bgInit_call
 .text.bgInitSub_call
                0x00000000020077c4       0xcc /opt/devkitpro/libnds/lib/libnds9.a(background.o)
                0x00000000020077c4                bgInitSub_call
 .text.sinLutLookup
                0x0000000002007890       0x4c /opt/devkitpro/libnds/lib/libnds9.a(trig.o)
                0x0000000002007890                sinLutLookup
 .text.sinLerp  0x00000000020078dc       0x40 /opt/devkitpro/libnds/lib/libnds9.a(trig.o)
                0x00000000020078dc                sinLerp
 .text.cosLerp  0x000000000200791c       0x4c /opt/devkitpro/libnds/lib/libnds9.a(trig.o)
                0x000000000200791c                cosLerp
 .text.touchRead
                0x0000000002007968       0x24 /opt/devkitpro/libnds/lib/libnds9.a(touch.o)
                0x0000000002007968                touchRead
 .text.systemValueHandler
                0x000000000200798c       0x48 /opt/devkitpro/libnds/lib/libnds9.a(system.o)
                0x000000000200798c                systemValueHandler
 .text.systemMsgHandler
                0x00000000020079d4       0x60 /opt/devkitpro/libnds/lib/libnds9.a(system.o)
                0x00000000020079d4                systemMsgHandler
 .text.powerOn  0x0000000002007a34       0x2c /opt/devkitpro/libnds/lib/libnds9.a(system.o)
                0x0000000002007a34                powerOn
 .text.getHeader
                0x0000000002007a60        0x4 /opt/devkitpro/libnds/lib/libnds9.a(decompress.o)
 .text.readByte
                0x0000000002007a64        0x4 /opt/devkitpro/libnds/lib/libnds9.a(decompress.o)
 .text.decompress
                0x0000000002007a68       0x40 /opt/devkitpro/libnds/lib/libnds9.a(decompress.o)
                0x0000000002007a68                decompress
 .text.swiDecompressLZSSVram
                0x0000000002007aa8       0x1c /opt/devkitpro/libnds/lib/libnds9.a(syscalls.o)
                0x0000000002007aa8                swiDecompressLZSSVram
 .text.swiDelay
                0x0000000002007ac4        0x4 /opt/devkitpro/libnds/lib/libnds9.a(biosCalls.o)
                0x0000000002007ac4                swiDelay
 .text.swiDecompressLZSSWram
                0x0000000002007ac8        0x4 /opt/devkitpro/libnds/lib/libnds9.a(biosCalls.o)
                0x0000000002007ac8                swiDecompressLZSSWram
 .text.swiDecompressLZSSVramNTR
                0x0000000002007acc        0x4 /opt/devkitpro/libnds/lib/libnds9.a(biosCalls.o)
                0x0000000002007acc                swiDecompressLZSSVramNTR
 .text.swiDecompressLZSSVramTWL
                0x0000000002007ad0        0x4 /opt/devkitpro/libnds/lib/libnds9.a(biosCalls.o)
                0x0000000002007ad0                swiDecompressLZSSVramTWL
 .text.swiDecompressHuffman
                0x0000000002007ad4        0x4 /opt/devkitpro/libnds/lib/libnds9.a(biosCalls.o)
                0x0000000002007ad4                swiDecompressHuffman
 .text.swiDecompressRLEWram
                0x0000000002007ad8        0x4 /opt/devkitpro/libnds/lib/libnds9.a(biosCalls.o)
                0x0000000002007ad8                swiDecompressRLEWram
 .text.swiDecompressRLEVram
                0x0000000002007adc        0x4 /opt/devkitpro/libnds/lib/libnds9.a(biosCalls.o)
                0x0000000002007adc                swiDecompressRLEVram
 .text._ZNK10__cxxabiv117__class_type_info11__do_upcastEPKS0_PPv
                0x0000000002007ae0       0x3c /opt/devkitpro/devkitARM/bin/../lib/gcc/arm-none-eabi/12.1.0/../../../../arm-none-eabi/lib/thumb/libstdc++.a(class_type_info.o)
                0x0000000002007ae0                __cxxabiv1::__class_type_info::__do_upcast(__cxxabiv1::__class_type_info const*, void**) const
 .text._ZNK10__cxxabiv117__class_type_info20__do_find_public_srcEiPKvPKS0_S2_
                0x0000000002007b1c       0x14 /opt/devkitpro/devkitARM/bin/../lib/gcc/arm-none-eabi/12.1.0/../../../../arm-none-eabi/lib/thumb/libstdc++.a(class_type_info.o)
                0x0000000002007b1c                __cxxabiv1::__class_type_info::__do_find_public_src(int, void const*, __cxxabiv1::__class_type_info const*, void const*) const
 .text._ZN10__cxxabiv117__class_type_infoD2Ev
                0x0000000002007b30       0x18 /opt/devkitpro/devkitARM/bin/../lib/gcc/arm-none-eabi/12.1.0/../../../../arm-none-eabi/lib/thumb/libstdc++.a(class_type_info.o)
                0x0000000002007b30                __cxxabiv1::__class_type_info::~__class_type_info()
                0x0000000002007b30                __cxxabiv1::__class_type_info::~__class_type_info()
 .text._ZN10__cxxabiv117__class_type_infoD0Ev
                0x0000000002007b48       0x20 /opt/devkitpro/devkitARM/bin/../lib/gcc/arm-none-eabi/12.1.0/../../../../arm-none-eabi/lib/thumb/libstdc++.a(class_type_info.o)
                0x0000000002007b48                __cxxabiv1::__class_type_info::~__class_type_info()
 .text._ZNK10__cxxabiv117__class_type_info12__do_dyncastEiNS0_10__sub_kindEPKS0_PKvS3_S5_RNS0_16__dyncast_resultE
                0x0000000002007b68       0x44 /opt/devkitpro/devkitARM/bin/../lib/gcc/arm-none-eabi/12.1.0/../../../../arm-none-eabi/lib/thumb/libstdc++.a(class_type_info.o)
                0x0000000002007b68                __cxxabiv1::__class_type_info::__do_dyncast(int, __cxxabiv1::__class_type_info::__sub_kind, __cxxabiv1::__class_type_info const*, void const*, __cxxabiv1::__class_type_info const*, void const*, __cxxabiv1::__class_type_info::__dyncast_result&) const
 .text._ZNK10__cxxabiv117__class_type_info11__do_upcastEPKS0_PKvRNS0_15__upcast_resultE
                0x0000000002007bac       0x20 /opt/devkitpro/devkitARM/bin/../lib/gcc/arm-none-eabi/12.1.0/../../../../arm-none-eabi/lib/thumb/libstdc++.a(class_type_info.o)
                0x0000000002007bac                __cxxabiv1::__class_type_info::__do_upcast(__cxxabiv1::__class_type_info const*, void const*, __cxxabiv1::__class_type_info::__upcast_result&) const
 .text._ZNK10__cxxabiv117__class_type_info10__do_catchEPKSt9type_infoPPvj
                0x0000000002007bcc       0x2c /opt/devkitpro/devkitARM/bin/../lib/gcc/arm-none-eabi/12.1.0/../../../../arm-none-eabi/lib/thumb/libstdc++.a(class_type_info.o)
                0x0000000002007bcc                __cxxabiv1::__class_type_info::__do_catch(std::type_info const*, void**, unsigned int) const
 .text._ZdlPvj  0x0000000002007bf8        0xc /opt/devkitpro/devkitARM/bin/../lib/gcc/arm-none-eabi/12.1.0/../../../../arm-none-eabi/lib/thumb/libstdc++.a(del_ops.o)
                0x0000000002007bf8                operator delete(void*, unsigned int)
 .text._ZN12_GLOBAL__N_14pool4freeEPv.constprop.0
                0x0000000002007c04       0x70 /opt/devkitpro/devkitARM/bin/../lib/gcc/arm-none-eabi/12.1.0/../../../../arm-none-eabi/lib/thumb/libstdc++.a(eh_alloc.o)
 .text._ZN12_GLOBAL__N_14pool8allocateEj.constprop.0
                0x0000000002007c74       0x54 /opt/devkitpro/devkitARM/bin/../lib/gcc/arm-none-eabi/12.1.0/../../../../arm-none-eabi/lib/thumb/libstdc++.a(eh_alloc.o)
 .text.__cxa_allocate_exception
                0x0000000002007cc8       0x30 /opt/devkitpro/devkitARM/bin/../lib/gcc/arm-none-eabi/12.1.0/../../../../arm-none-eabi/lib/thumb/libstdc++.a(eh_alloc.o)
                0x0000000002007cc8                __cxa_allocate_exception
 .text.__cxa_free_exception
                0x0000000002007cf8       0x28 /opt/devkitpro/devkitARM/bin/../lib/gcc/arm-none-eabi/12.1.0/../../../../arm-none-eabi/lib/thumb/libstdc++.a(eh_alloc.o)
                0x0000000002007cf8                __cxa_free_exception
 .text.startup._GLOBAL__sub_I__ZN9__gnu_cxx9__freeresEv
                0x0000000002007d20       0x2c /opt/devkitpro/devkitARM/bin/../lib/gcc/arm-none-eabi/12.1.0/../../../../arm-none-eabi/lib/thumb/libstdc++.a(eh_alloc.o)
 .text.__cxa_end_cleanup
                0x0000000002007d4c        0xc /opt/devkitpro/devkitARM/bin/../lib/gcc/arm-none-eabi/12.1.0/../../../../arm-none-eabi/lib/thumb/libstdc++.a(eh_arm.o)
                0x0000000002007d4c                __cxa_end_cleanup
 .text.__cxa_type_match
                0x0000000002007d58       0xc8 /opt/devkitpro/devkitARM/bin/../lib/gcc/arm-none-eabi/12.1.0/../../../../arm-none-eabi/lib/thumb/libstdc++.a(eh_arm.o)
                0x0000000002007d58                __cxa_type_match
 .text.__cxa_begin_cleanup
                0x0000000002007e20       0x64 /opt/devkitpro/devkitARM/bin/../lib/gcc/arm-none-eabi/12.1.0/../../../../arm-none-eabi/lib/thumb/libstdc++.a(eh_arm.o)
                0x0000000002007e20                __cxa_begin_cleanup
 .text.__gnu_end_cleanup
                0x0000000002007e84       0x74 /opt/devkitpro/devkitARM/bin/../lib/gcc/arm-none-eabi/12.1.0/../../../../arm-none-eabi/lib/thumb/libstdc++.a(eh_arm.o)
                0x0000000002007e84                __gnu_end_cleanup
 .text.__cxa_begin_catch
                0x0000000002007ef8       0x78 /opt/devkitpro/devkitARM/bin/../lib/gcc/arm-none-eabi/12.1.0/../../../../arm-none-eabi/lib/thumb/libstdc++.a(eh_catch.o)
                0x0000000002007ef8                __cxa_begin_catch
 .text.__cxa_end_catch
                0x0000000002007f70       0x94 /opt/devkitpro/devkitARM/bin/../lib/gcc/arm-none-eabi/12.1.0/../../../../arm-none-eabi/lib/thumb/libstdc++.a(eh_catch.o)
                0x0000000002007f70                __cxa_end_catch
 .text._ZNSt9exceptionD2Ev
                0x0000000002008004        0x4 /opt/devkitpro/devkitARM/bin/../lib/gcc/arm-none-eabi/12.1.0/../../../../arm-none-eabi/lib/thumb/libstdc++.a(eh_exception.o)
                0x0000000002008004                std::exception::~exception()
                0x0000000002008004                std::exception::~exception()
 .text._ZNSt13bad_exceptionD2Ev
                0x0000000002008008        0x4 /opt/devkitpro/devkitARM/bin/../lib/gcc/arm-none-eabi/12.1.0/../../../../arm-none-eabi/lib/thumb/libstdc++.a(eh_exception.o)
                0x0000000002008008                std::bad_exception::~bad_exception()
                0x0000000002008008                std::bad_exception::~bad_exception()
 .text._ZNKSt9exception4whatEv
                0x000000000200800c        0x8 /opt/devkitpro/devkitARM/bin/../lib/gcc/arm-none-eabi/12.1.0/../../../../arm-none-eabi/lib/thumb/libstdc++.a(eh_exception.o)
                0x000000000200800c                transaction clone for std::exception::what() const
                0x000000000200800c                std::exception::what() const
 .text._ZNKSt13bad_exception4whatEv
                0x0000000002008014        0x8 /opt/devkitpro/devkitARM/bin/../lib/gcc/arm-none-eabi/12.1.0/../../../../arm-none-eabi/lib/thumb/libstdc++.a(eh_exception.o)
                0x0000000002008014                transaction clone for std::bad_exception::what() const
                0x0000000002008014                std::bad_exception::what() const
 .text._ZNSt13bad_exceptionD0Ev
                0x000000000200801c       0x14 /opt/devkitpro/devkitARM/bin/../lib/gcc/arm-none-eabi/12.1.0/../../../../arm-none-eabi/lib/thumb/libstdc++.a(eh_exception.o)
                0x000000000200801c                std::bad_exception::~bad_exception()
 .text.__cxa_get_globals_fast
                0x0000000002008030        0x8 /opt/devkitpro/devkitARM/bin/../lib/gcc/arm-none-eabi/12.1.0/../../../../arm-none-eabi/lib/thumb/libstdc++.a(eh_globals.o)
                0x0000000002008030                __cxa_get_globals_fast
 .text.__cxa_get_globals
                0x0000000002008038        0x8 /opt/devkitpro/devkitARM/bin/../lib/gcc/arm-none-eabi/12.1.0/../../../../arm-none-eabi/lib/thumb/libstdc++.a(eh_globals.o)
                0x0000000002008038                __cxa_get_globals
 .text._ZL28read_encoded_value_with_basehjPKhPj
                0x0000000002008040      0x104 /opt/devkitpro/devkitARM/bin/../lib/gcc/arm-none-eabi/12.1.0/../../../../arm-none-eabi/lib/thumb/libstdc++.a(eh_personality.o)
 .text._ZL21base_of_encoded_valuehP15_Unwind_Context
                0x0000000002008144       0x44 /opt/devkitpro/devkitARM/bin/../lib/gcc/arm-none-eabi/12.1.0/../../../../arm-none-eabi/lib/thumb/libstdc++.a(eh_personality.o)
 .text._ZL17parse_lsda_headerP15_Unwind_ContextPKhP16lsda_header_info
                0x0000000002008188       0x94 /opt/devkitpro/devkitARM/bin/../lib/gcc/arm-none-eabi/12.1.0/../../../../arm-none-eabi/lib/thumb/libstdc++.a(eh_personality.o)
 .text.__gxx_personality_v0
                0x000000000200821c      0x49c /opt/devkitpro/devkitARM/bin/../lib/gcc/arm-none-eabi/12.1.0/../../../../arm-none-eabi/lib/thumb/libstdc++.a(eh_personality.o)
                0x000000000200821c                __gxx_personality_v0
 .text._ZN10__cxxabiv111__terminateEPFvvE
                0x00000000020086b8       0x14 /opt/devkitpro/devkitARM/bin/../lib/gcc/arm-none-eabi/12.1.0/../../../../arm-none-eabi/lib/thumb/libstdc++.a(eh_terminate.o)
                0x00000000020086b8                __cxxabiv1::__terminate(void (*)())
 .text._ZSt9terminatev
                0x00000000020086cc       0x10 /opt/devkitpro/devkitARM/bin/../lib/gcc/arm-none-eabi/12.1.0/../../../../arm-none-eabi/lib/thumb/libstdc++.a(eh_terminate.o)
                0x00000000020086cc                std::terminate()
 .text._ZN10__cxxabiv112__unexpectedEPFvvE
                0x00000000020086dc        0xc /opt/devkitpro/devkitARM/bin/../lib/gcc/arm-none-eabi/12.1.0/../../../../arm-none-eabi/lib/thumb/libstdc++.a(eh_terminate.o)
                0x00000000020086dc                __cxxabiv1::__unexpected(void (*)())
 .text._ZSt10unexpectedv
                0x00000000020086e8       0x10 /opt/devkitpro/devkitARM/bin/../lib/gcc/arm-none-eabi/12.1.0/../../../../arm-none-eabi/lib/thumb/libstdc++.a(eh_terminate.o)
                0x00000000020086e8                std::unexpected()
 .text._ZSt13get_terminatev
                0x00000000020086f8        0xc /opt/devkitpro/devkitARM/bin/../lib/gcc/arm-none-eabi/12.1.0/../../../../arm-none-eabi/lib/thumb/libstdc++.a(eh_terminate.o)
                0x00000000020086f8                std::get_terminate()
 .text._ZSt14get_unexpectedv
                0x0000000002008704        0xc /opt/devkitpro/devkitARM/bin/../lib/gcc/arm-none-eabi/12.1.0/../../../../arm-none-eabi/lib/thumb/libstdc++.a(eh_terminate.o)
                0x0000000002008704                std::get_unexpected()
 .text._ZL23__gxx_exception_cleanup19_Unwind_Reason_CodeP21_Unwind_Control_Block
                0x0000000002008710       0x3c /opt/devkitpro/devkitARM/bin/../lib/gcc/arm-none-eabi/12.1.0/../../../../arm-none-eabi/lib/thumb/libstdc++.a(eh_throw.o)
 .text.__cxa_init_primary_exception
                0x000000000200874c       0x50 /opt/devkitpro/devkitARM/bin/../lib/gcc/arm-none-eabi/12.1.0/../../../../arm-none-eabi/lib/thumb/libstdc++.a(eh_throw.o)
                0x000000000200874c                __cxa_init_primary_exception
 .text.__cxa_throw
                0x000000000200879c       0x34 /opt/devkitpro/devkitARM/bin/../lib/gcc/arm-none-eabi/12.1.0/../../../../arm-none-eabi/lib/thumb/libstdc++.a(eh_throw.o)
                0x000000000200879c                __cxa_throw
 .text.__cxa_rethrow
                0x00000000020087d0       0x70 /opt/devkitpro/devkitARM/bin/../lib/gcc/arm-none-eabi/12.1.0/../../../../arm-none-eabi/lib/thumb/libstdc++.a(eh_throw.o)
                0x00000000020087d0                __cxa_rethrow
 .text._Znwj    0x0000000002008840       0x48 /opt/devkitpro/devkitARM/bin/../lib/gcc/arm-none-eabi/12.1.0/../../../../arm-none-eabi/lib/thumb/libstdc++.a(new_op.o)
                0x0000000002008840                operator new(unsigned int)
 .text._Znaj    0x0000000002008888        0xc /opt/devkitpro/devkitARM/bin/../lib/gcc/arm-none-eabi/12.1.0/../../../../arm-none-eabi/lib/thumb/libstdc++.a(new_opv.o)
                0x0000000002008888                operator new[](unsigned int)
 .text._ZN10__cxxabiv120__si_class_type_infoD2Ev
                0x0000000002008894       0x18 /opt/devkitpro/devkitARM/bin/../lib/gcc/arm-none-eabi/12.1.0/../../../../arm-none-eabi/lib/thumb/libstdc++.a(si_class_type_info.o)
                0x0000000002008894                __cxxabiv1::__si_class_type_info::~__si_class_type_info()
                0x0000000002008894                __cxxabiv1::__si_class_type_info::~__si_class_type_info()
 .text._ZN10__cxxabiv120__si_class_type_infoD0Ev
                0x00000000020088ac       0x20 /opt/devkitpro/devkitARM/bin/../lib/gcc/arm-none-eabi/12.1.0/../../../../arm-none-eabi/lib/thumb/libstdc++.a(si_class_type_info.o)
                0x00000000020088ac                __cxxabiv1::__si_class_type_info::~__si_class_type_info()
 .text._ZNK10__cxxabiv120__si_class_type_info20__do_find_public_srcEiPKvPKNS_17__class_type_infoES2_
                0x00000000020088cc       0x40 /opt/devkitpro/devkitARM/bin/../lib/gcc/arm-none-eabi/12.1.0/../../../../arm-none-eabi/lib/thumb/libstdc++.a(si_class_type_info.o)
                0x00000000020088cc                __cxxabiv1::__si_class_type_info::__do_find_public_src(int, void const*, __cxxabiv1::__class_type_info const*, void const*) const
 .text._ZNK10__cxxabiv120__si_class_type_info12__do_dyncastEiNS_17__class_type_info10__sub_kindEPKS1_PKvS4_S6_RNS1_16__dyncast_resultE
                0x000000000200890c       0x90 /opt/devkitpro/devkitARM/bin/../lib/gcc/arm-none-eabi/12.1.0/../../../../arm-none-eabi/lib/thumb/libstdc++.a(si_class_type_info.o)
                0x000000000200890c                __cxxabiv1::__si_class_type_info::__do_dyncast(int, __cxxabiv1::__class_type_info::__sub_kind, __cxxabiv1::__class_type_info const*, void const*, __cxxabiv1::__class_type_info const*, void const*, __cxxabiv1::__class_type_info::__dyncast_result&) const
 .text._ZNK10__cxxabiv120__si_class_type_info11__do_upcastEPKNS_17__class_type_infoEPKvRNS1_15__upcast_resultE
                0x000000000200899c       0x2c /opt/devkitpro/devkitARM/bin/../lib/gcc/arm-none-eabi/12.1.0/../../../../arm-none-eabi/lib/thumb/libstdc++.a(si_class_type_info.o)
                0x000000000200899c                __cxxabiv1::__si_class_type_info::__do_upcast(__cxxabiv1::__class_type_info const*, void const*, __cxxabiv1::__class_type_info::__upcast_result&) const
 .text._ZNSt9type_infoD2Ev
                0x00000000020089c8        0x4 /opt/devkitpro/devkitARM/bin/../lib/gcc/arm-none-eabi/12.1.0/../../../../arm-none-eabi/lib/thumb/libstdc++.a(tinfo.o)
                0x00000000020089c8                std::type_info::~type_info()
                0x00000000020089c8                std::type_info::~type_info()
 .text._ZNKSt9type_info14__is_pointer_pEv
                0x00000000020089cc        0x4 /opt/devkitpro/devkitARM/bin/../lib/gcc/arm-none-eabi/12.1.0/../../../../arm-none-eabi/lib/thumb/libstdc++.a(tinfo.o)
                0x00000000020089cc                std::type_info::__is_function_p() const
                0x00000000020089cc                std::type_info::__is_pointer_p() const
 .text._ZNKSt9type_infoeqERKS_
                0x00000000020089d0       0x30 /opt/devkitpro/devkitARM/bin/../lib/gcc/arm-none-eabi/12.1.0/../../../../arm-none-eabi/lib/thumb/libstdc++.a(tinfo.o)
                0x00000000020089d0                std::type_info::__equal(std::type_info const&) const
                0x00000000020089d0                std::type_info::operator==(std::type_info const&) const
 .text._ZN10__cxxabiv121__vmi_class_type_infoD2Ev
                0x0000000002008a00       0x18 /opt/devkitpro/devkitARM/bin/../lib/gcc/arm-none-eabi/12.1.0/../../../../arm-none-eabi/lib/thumb/libstdc++.a(vmi_class_type_info.o)
                0x0000000002008a00                __cxxabiv1::__vmi_class_type_info::~__vmi_class_type_info()
                0x0000000002008a00                __cxxabiv1::__vmi_class_type_info::~__vmi_class_type_info()
 .text._ZN10__cxxabiv121__vmi_class_type_infoD0Ev
                0x0000000002008a18       0x20 /opt/devkitpro/devkitARM/bin/../lib/gcc/arm-none-eabi/12.1.0/../../../../arm-none-eabi/lib/thumb/libstdc++.a(vmi_class_type_info.o)
                0x0000000002008a18                __cxxabiv1::__vmi_class_type_info::~__vmi_class_type_info()
 .text._ZNK10__cxxabiv121__vmi_class_type_info20__do_find_public_srcEiPKvPKNS_17__class_type_infoES2_
                0x0000000002008a38       0xa4 /opt/devkitpro/devkitARM/bin/../lib/gcc/arm-none-eabi/12.1.0/../../../../arm-none-eabi/lib/thumb/libstdc++.a(vmi_class_type_info.o)
                0x0000000002008a38                __cxxabiv1::__vmi_class_type_info::__do_find_public_src(int, void const*, __cxxabiv1::__class_type_info const*, void const*) const
 .text._ZNK10__cxxabiv121__vmi_class_type_info12__do_dyncastEiNS_17__class_type_info10__sub_kindEPKS1_PKvS4_S6_RNS1_16__dyncast_resultE
                0x0000000002008adc      0x478 /opt/devkitpro/devkitARM/bin/../lib/gcc/arm-none-eabi/12.1.0/../../../../arm-none-eabi/lib/thumb/libstdc++.a(vmi_class_type_info.o)
                0x0000000002008adc                __cxxabiv1::__vmi_class_type_info::__do_dyncast(int, __cxxabiv1::__class_type_info::__sub_kind, __cxxabiv1::__class_type_info const*, void const*, __cxxabiv1::__class_type_info const*, void const*, __cxxabiv1::__class_type_info::__dyncast_result&) const
 .text._ZNK10__cxxabiv121__vmi_class_type_info11__do_upcastEPKNS_17__class_type_infoEPKvRNS1_15__upcast_resultE
                0x0000000002008f54      0x170 /opt/devkitpro/devkitARM/bin/../lib/gcc/arm-none-eabi/12.1.0/../../../../arm-none-eabi/lib/thumb/libstdc++.a(vmi_class_type_info.o)
                0x0000000002008f54                __cxxabiv1::__vmi_class_type_info::__do_upcast(__cxxabiv1::__class_type_info const*, void const*, __cxxabiv1::__class_type_info::__upcast_result&) const
 .text.unlikely._ZSt17__throw_bad_allocv
                0x00000000020090c4       0x20 /opt/devkitpro/devkitARM/bin/../lib/gcc/arm-none-eabi/12.1.0/../../../../arm-none-eabi/lib/thumb/libstdc++.a(functexcept.o)
                0x00000000020090c4                std::__throw_bad_alloc()
 .text.unlikely._ZSt28__throw_bad_array_new_lengthv
                0x00000000020090e4       0x20 /opt/devkitpro/devkitARM/bin/../lib/gcc/arm-none-eabi/12.1.0/../../../../arm-none-eabi/lib/thumb/libstdc++.a(functexcept.o)
                0x00000000020090e4                std::__throw_bad_array_new_length()
 .text.unlikely._ZSt19__throw_logic_errorPKc
                0x0000000002009104       0x30 /opt/devkitpro/devkitARM/bin/../lib/gcc/arm-none-eabi/12.1.0/../../../../arm-none-eabi/lib/thumb/libstdc++.a(functexcept.o)
                0x0000000002009104                std::__throw_logic_error(char const*)
 .text.unlikely._ZSt20__throw_length_errorPKc
                0x0000000002009134       0x30 /opt/devkitpro/devkitARM/bin/../lib/gcc/arm-none-eabi/12.1.0/../../../../arm-none-eabi/lib/thumb/libstdc++.a(functexcept.o)
                0x0000000002009134                std::__throw_length_error(char const*)
 .text.unlikely._ZSt20__throw_out_of_rangePKc
                0x0000000002009164       0x30 /opt/devkitpro/devkitARM/bin/../lib/gcc/arm-none-eabi/12.1.0/../../../../arm-none-eabi/lib/thumb/libstdc++.a(functexcept.o)
                0x0000000002009164                std::__throw_out_of_range(char const*)
 .text.unlikely._ZSt24__throw_out_of_range_fmtPKcz
                0x0000000002009194        0xa /opt/devkitpro/devkitARM/bin/../lib/gcc/arm-none-eabi/12.1.0/../../../../arm-none-eabi/lib/thumb/libstdc++.a(functexcept.o)
                0x0000000002009194                std::__throw_out_of_range_fmt(char const*, ...)
 *fill*         0x000000000200919e        0x2 ff
 .text._ZNKSt17bad_function_call4whatEv
                0x00000000020091a0        0x8 /opt/devkitpro/devkitARM/bin/../lib/gcc/arm-none-eabi/12.1.0/../../../../arm-none-eabi/lib/thumb/libstdc++.a(functional.o)
                0x00000000020091a0                std::bad_function_call::what() const
 .text._ZNSt17bad_function_callD2Ev
                0x00000000020091a8       0x18 /opt/devkitpro/devkitARM/bin/../lib/gcc/arm-none-eabi/12.1.0/../../../../arm-none-eabi/lib/thumb/libstdc++.a(functional.o)
                0x00000000020091a8                std::bad_function_call::~bad_function_call()
                0x00000000020091a8                std::bad_function_call::~bad_function_call()
 .text._ZNSt17bad_function_callD0Ev
                0x00000000020091c0       0x20 /opt/devkitpro/devkitARM/bin/../lib/gcc/arm-none-eabi/12.1.0/../../../../arm-none-eabi/lib/thumb/libstdc++.a(functional.o)
                0x00000000020091c0                std::bad_function_call::~bad_function_call()
 .text.unlikely._ZSt25__throw_bad_function_callv
                0x00000000020091e0       0x20 /opt/devkitpro/devkitARM/bin/../lib/gcc/arm-none-eabi/12.1.0/../../../../arm-none-eabi/lib/thumb/libstdc++.a(functional.o)
                0x00000000020091e0                std::__throw_bad_function_call()
 .text._ZNSt7__cxx1112basic_stringIcSt11char_traitsIcESaIcEE9_M_createERjj
                0x0000000002009200       0x40 /opt/devkitpro/devkitARM/bin/../lib/gcc/arm-none-eabi/12.1.0/../../../../arm-none-eabi/lib/thumb/libstdc++.a(string-inst.o)
                0x0000000002009200                std::__cxx11::basic_string<char, std::char_traits<char>, std::allocator<char> >::_M_create(unsigned int&, unsigned int)
 .text._ZNSt7__cxx1112basic_stringIcSt11char_traitsIcESaIcEE10_M_disposeEv
                0x0000000002009240       0x18 /opt/devkitpro/devkitARM/bin/../lib/gcc/arm-none-eabi/12.1.0/../../../../arm-none-eabi/lib/thumb/libstdc++.a(string-inst.o)
                0x0000000002009240                std::__cxx11::basic_string<char, std::char_traits<char>, std::allocator<char> >::_M_dispose()
 .text._ZNSt7__cxx1112basic_stringIcSt11char_traitsIcESaIcEE12_M_constructEjc
                0x0000000002009258       0x4c /opt/devkitpro/devkitARM/bin/../lib/gcc/arm-none-eabi/12.1.0/../../../../arm-none-eabi/lib/thumb/libstdc++.a(string-inst.o)
                0x0000000002009258                std::__cxx11::basic_string<char, std::char_traits<char>, std::allocator<char> >::_M_construct(unsigned int, char)
 .text._ZNSt7__cxx1112basic_stringIcSt11char_traitsIcESaIcEE9_M_assignERKS4_
                0x00000000020092a4       0x74 /opt/devkitpro/devkitARM/bin/../lib/gcc/arm-none-eabi/12.1.0/../../../../arm-none-eabi/lib/thumb/libstdc++.a(string-inst.o)
                0x00000000020092a4                std::__cxx11::basic_string<char, std::char_traits<char>, std::allocator<char> >::_M_assign(std::__cxx11::basic_string<char, std::char_traits<char>, std::allocator<char> > const&)
 .text._ZNSt7__cxx1112basic_stringIcSt11char_traitsIcESaIcEE9_M_mutateEjjPKcj
                0x0000000002009318       0xb8 /opt/devkitpro/devkitARM/bin/../lib/gcc/arm-none-eabi/12.1.0/../../../../arm-none-eabi/lib/thumb/libstdc++.a(string-inst.o)
                0x0000000002009318                std::__cxx11::basic_string<char, std::char_traits<char>, std::allocator<char> >::_M_mutate(unsigned int, unsigned int, char const*, unsigned int)
 .text._ZNSt7__cxx1112basic_stringIcSt11char_traitsIcESaIcEE8_M_eraseEjj
                0x00000000020093d0       0x3c /opt/devkitpro/devkitARM/bin/../lib/gcc/arm-none-eabi/12.1.0/../../../../arm-none-eabi/lib/thumb/libstdc++.a(string-inst.o)
                0x00000000020093d0                std::__cxx11::basic_string<char, std::char_traits<char>, std::allocator<char> >::_M_erase(unsigned int, unsigned int)
 .text._ZNSt7__cxx1112basic_stringIcSt11char_traitsIcESaIcEE14_M_replace_auxEjjjc
                0x000000000200940c       0xbc /opt/devkitpro/devkitARM/bin/../lib/gcc/arm-none-eabi/12.1.0/../../../../arm-none-eabi/lib/thumb/libstdc++.a(string-inst.o)
                0x000000000200940c                std::__cxx11::basic_string<char, std::char_traits<char>, std::allocator<char> >::_M_replace_aux(unsigned int, unsigned int, unsigned int, char)
 .text._ZNSt7__cxx1112basic_stringIcSt11char_traitsIcESaIcEE10_M_replaceEjjPKcj
                0x00000000020094c8      0x19c /opt/devkitpro/devkitARM/bin/../lib/gcc/arm-none-eabi/12.1.0/../../../../arm-none-eabi/lib/thumb/libstdc++.a(string-inst.o)
                0x00000000020094c8                std::__cxx11::basic_string<char, std::char_traits<char>, std::allocator<char> >::_M_replace(unsigned int, unsigned int, char const*, unsigned int)
 .text._ZNSt7__cxx1112basic_stringIcSt11char_traitsIcESaIcEE9_M_appendEPKcj
                0x0000000002009664       0x58 /opt/devkitpro/devkitARM/bin/../lib/gcc/arm-none-eabi/12.1.0/../../../../arm-none-eabi/lib/thumb/libstdc++.a(string-inst.o)
                0x0000000002009664                std::__cxx11::basic_string<char, std::char_traits<char>, std::allocator<char> >::_M_append(char const*, unsigned int)
 .text._ZNKSt7__cxx1112basic_stringIcSt11char_traitsIcESaIcEE16find_last_not_ofEcj
                0x00000000020096bc       0x28 /opt/devkitpro/devkitARM/bin/../lib/gcc/arm-none-eabi/12.1.0/../../../../arm-none-eabi/lib/thumb/libstdc++.a(string-inst.o)
                0x00000000020096bc                std::__cxx11::basic_string<char, std::char_traits<char>, std::allocator<char> >::find_last_not_of(char, unsigned int) const
 .text._ZNSt7__cxx1112basic_stringIcSt11char_traitsIcESaIcEE12_M_constructIPKcEEvT_S8_St20forward_iterator_tag
                0x00000000020096e4       0x50 /opt/devkitpro/devkitARM/bin/../lib/gcc/arm-none-eabi/12.1.0/../../../../arm-none-eabi/lib/thumb/libstdc++.a(string-inst.o)
                0x00000000020096e4                void std::__cxx11::basic_string<char, std::char_traits<char>, std::allocator<char> >::_M_construct<char const*>(char const*, char const*, std::forward_iterator_tag)
 .text._ZNKSt7__cxx1112basic_stringIcSt11char_traitsIcESaIcEE6substrEjj
                0x0000000002009734       0x40 /opt/devkitpro/devkitARM/bin/../lib/gcc/arm-none-eabi/12.1.0/../../../../arm-none-eabi/lib/thumb/libstdc++.a(string-inst.o)
                0x0000000002009734                std::__cxx11::basic_string<char, std::char_traits<char>, std::allocator<char> >::substr(unsigned int, unsigned int) const
 .text._ZNKSt9bad_alloc4whatEv
                0x0000000002009774        0x8 /opt/devkitpro/devkitARM/bin/../lib/gcc/arm-none-eabi/12.1.0/../../../../arm-none-eabi/lib/thumb/libstdc++.a(bad_alloc.o)
                0x0000000002009774                std::bad_alloc::what() const
 .text._ZNSt9bad_allocD2Ev
                0x000000000200977c       0x18 /opt/devkitpro/devkitARM/bin/../lib/gcc/arm-none-eabi/12.1.0/../../../../arm-none-eabi/lib/thumb/libstdc++.a(bad_alloc.o)
                0x000000000200977c                std::bad_alloc::~bad_alloc()
                0x000000000200977c                std::bad_alloc::~bad_alloc()
 .text._ZNSt9bad_allocD0Ev
                0x0000000002009794       0x20 /opt/devkitpro/devkitARM/bin/../lib/gcc/arm-none-eabi/12.1.0/../../../../arm-none-eabi/lib/thumb/libstdc++.a(bad_alloc.o)
                0x0000000002009794                std::bad_alloc::~bad_alloc()
 .text._ZNKSt20bad_array_new_length4whatEv
                0x00000000020097b4        0x8 /opt/devkitpro/devkitARM/bin/../lib/gcc/arm-none-eabi/12.1.0/../../../../arm-none-eabi/lib/thumb/libstdc++.a(bad_array_new.o)
                0x00000000020097b4                std::bad_array_new_length::what() const
 .text._ZNSt20bad_array_new_lengthD2Ev
                0x00000000020097bc       0x18 /opt/devkitpro/devkitARM/bin/../lib/gcc/arm-none-eabi/12.1.0/../../../../arm-none-eabi/lib/thumb/libstdc++.a(bad_array_new.o)
                0x00000000020097bc                std::bad_array_new_length::~bad_array_new_length()
                0x00000000020097bc                std::bad_array_new_length::~bad_array_new_length()
 .text._ZNSt20bad_array_new_lengthD0Ev
                0x00000000020097d4       0x20 /opt/devkitpro/devkitARM/bin/../lib/gcc/arm-none-eabi/12.1.0/../../../../arm-none-eabi/lib/thumb/libstdc++.a(bad_array_new.o)
                0x00000000020097d4                std::bad_array_new_length::~bad_array_new_length()
 .text._ZdlPv   0x00000000020097f4        0xc /opt/devkitpro/devkitARM/bin/../lib/gcc/arm-none-eabi/12.1.0/../../../../arm-none-eabi/lib/thumb/libstdc++.a(del_op.o)
                0x00000000020097f4                operator delete(void*)
 .text._ZN10__cxxabiv1L24__is_gxx_exception_classEPc
                0x0000000002009800       0x3c /opt/devkitpro/devkitARM/bin/../lib/gcc/arm-none-eabi/12.1.0/../../../../arm-none-eabi/lib/thumb/libstdc++.a(eh_call.o)
 .text.__cxa_call_terminate
                0x000000000200983c       0x20 /opt/devkitpro/devkitARM/bin/../lib/gcc/arm-none-eabi/12.1.0/../../../../arm-none-eabi/lib/thumb/libstdc++.a(eh_call.o)
                0x000000000200983c                __cxa_call_terminate
 .text.unlikely.__cxa_call_unexpected
                0x000000000200985c       0xf0 /opt/devkitpro/devkitARM/bin/../lib/gcc/arm-none-eabi/12.1.0/../../../../arm-none-eabi/lib/thumb/libstdc++.a(eh_call.o)
                0x000000000200985c                __cxa_call_unexpected
 .text._ZSt15get_new_handlerv
                0x000000000200994c        0xc /opt/devkitpro/devkitARM/bin/../lib/gcc/arm-none-eabi/12.1.0/../../../../arm-none-eabi/lib/thumb/libstdc++.a(new_handler.o)
                0x000000000200994c                std::get_new_handler()
 .text._ZNKSt11logic_error4whatEv
                0x0000000002009958        0x4 /opt/devkitpro/devkitARM/bin/../lib/gcc/arm-none-eabi/12.1.0/../../../../arm-none-eabi/lib/thumb/libstdc++.a(stdexcept.o)
                0x0000000002009958                std::runtime_error::what() const
                0x0000000002009958                std::logic_error::what() const
 .text._ZNSt11logic_errorD2Ev
                0x000000000200995c       0x44 /opt/devkitpro/devkitARM/bin/../lib/gcc/arm-none-eabi/12.1.0/../../../../arm-none-eabi/lib/thumb/libstdc++.a(stdexcept.o)
                0x000000000200995c                std::logic_error::~logic_error()
                0x000000000200995c                std::logic_error::~logic_error()
 .text._ZNSt12length_errorD2Ev
                0x00000000020099a0       0x44 /opt/devkitpro/devkitARM/bin/../lib/gcc/arm-none-eabi/12.1.0/../../../../arm-none-eabi/lib/thumb/libstdc++.a(stdexcept.o)
                0x00000000020099a0                std::length_error::~length_error()
                0x00000000020099a0                std::length_error::~length_error()
 .text._ZNSt12out_of_rangeD2Ev
                0x00000000020099e4       0x44 /opt/devkitpro/devkitARM/bin/../lib/gcc/arm-none-eabi/12.1.0/../../../../arm-none-eabi/lib/thumb/libstdc++.a(stdexcept.o)
                0x00000000020099e4                std::out_of_range::~out_of_range()
                0x00000000020099e4                std::out_of_range::~out_of_range()
 .text._ZNSt11logic_errorD0Ev
                0x0000000002009a28       0x48 /opt/devkitpro/devkitARM/bin/../lib/gcc/arm-none-eabi/12.1.0/../../../../arm-none-eabi/lib/thumb/libstdc++.a(stdexcept.o)
                0x0000000002009a28                std::logic_error::~logic_error()
 .text._ZNSt12out_of_rangeD0Ev
                0x0000000002009a70       0x48 /opt/devkitpro/devkitARM/bin/../lib/gcc/arm-none-eabi/12.1.0/../../../../arm-none-eabi/lib/thumb/libstdc++.a(stdexcept.o)
                0x0000000002009a70                std::out_of_range::~out_of_range()
 .text._ZNSt12length_errorD0Ev
                0x0000000002009ab8       0x48 /opt/devkitpro/devkitARM/bin/../lib/gcc/arm-none-eabi/12.1.0/../../../../arm-none-eabi/lib/thumb/libstdc++.a(stdexcept.o)
                0x0000000002009ab8                std::length_error::~length_error()
 .text._ZNSt11logic_errorC2EPKc
                0x0000000002009b00       0x8c /opt/devkitpro/devkitARM/bin/../lib/gcc/arm-none-eabi/12.1.0/../../../../arm-none-eabi/lib/thumb/libstdc++.a(cow-stdexcept.o)
                0x0000000002009b00                std::logic_error::logic_error(char const*)
                0x0000000002009b00                std::logic_error::logic_error(char const*)
 .text._ZNSt12length_errorC2EPKc
                0x0000000002009b8c       0x18 /opt/devkitpro/devkitARM/bin/../lib/gcc/arm-none-eabi/12.1.0/../../../../arm-none-eabi/lib/thumb/libstdc++.a(cow-stdexcept.o)
                0x0000000002009b8c                std::length_error::length_error(char const*)
                0x0000000002009b8c                std::length_error::length_error(char const*)
 .text._ZNSt12out_of_rangeC2EPKc
                0x0000000002009ba4       0x18 /opt/devkitpro/devkitARM/bin/../lib/gcc/arm-none-eabi/12.1.0/../../../../arm-none-eabi/lib/thumb/libstdc++.a(cow-stdexcept.o)
                0x0000000002009ba4                std::out_of_range::out_of_range(char const*)
                0x0000000002009ba4                std::out_of_range::out_of_range(char const*)
 .text._ZNSs4_Rep9_S_createEjjRKSaIcE
                0x0000000002009bbc       0x5c /opt/devkitpro/devkitARM/bin/../lib/gcc/arm-none-eabi/12.1.0/../../../../arm-none-eabi/lib/thumb/libstdc++.a(cow-string-inst.o)
                0x0000000002009bbc                std::string::_Rep::_S_create(unsigned int, unsigned int, std::allocator<char> const&)
 .text._ZNSs4_Rep10_M_destroyERKSaIcE
                0x0000000002009c18        0xc /opt/devkitpro/devkitARM/bin/../lib/gcc/arm-none-eabi/12.1.0/../../../../arm-none-eabi/lib/thumb/libstdc++.a(cow-string-inst.o)
                0x0000000002009c18                std::string::_Rep::_M_destroy(std::allocator<char> const&)
 .text.selfrel_offset31
                0x0000000002009c24       0x18 /opt/devkitpro/devkitARM/bin/../lib/gcc/arm-none-eabi/12.1.0/thumb/libgcc.a(unwind-arm.o)
 .text.search_EIT_table
                0x0000000002009c3c       0x74 /opt/devkitpro/devkitARM/bin/../lib/gcc/arm-none-eabi/12.1.0/thumb/libgcc.a(unwind-arm.o)
 .text.__gnu_unwind_get_pr_addr
                0x0000000002009cb0       0x2c /opt/devkitpro/devkitARM/bin/../lib/gcc/arm-none-eabi/12.1.0/thumb/libgcc.a(unwind-arm.o)
 .text.get_eit_entry
                0x0000000002009cdc       0x90 /opt/devkitpro/devkitARM/bin/../lib/gcc/arm-none-eabi/12.1.0/thumb/libgcc.a(unwind-arm.o)
 .text.restore_non_core_regs
                0x0000000002009d6c       0x5c /opt/devkitpro/devkitARM/bin/../lib/gcc/arm-none-eabi/12.1.0/thumb/libgcc.a(unwind-arm.o)
 .text._Unwind_decode_typeinfo_ptr.constprop.0
                0x0000000002009dc8        0xc /opt/devkitpro/devkitARM/bin/../lib/gcc/arm-none-eabi/12.1.0/thumb/libgcc.a(unwind-arm.o)
 .text._Unwind_DebugHook
                0x0000000002009dd4        0x4 /opt/devkitpro/devkitARM/bin/../lib/gcc/arm-none-eabi/12.1.0/thumb/libgcc.a(unwind-arm.o)
 .text.unwind_phase2
                0x0000000002009dd8       0x40 /opt/devkitpro/devkitARM/bin/../lib/gcc/arm-none-eabi/12.1.0/thumb/libgcc.a(unwind-arm.o)
 .text.unwind_phase2_forced
                0x0000000002009e18       0xd8 /opt/devkitpro/devkitARM/bin/../lib/gcc/arm-none-eabi/12.1.0/thumb/libgcc.a(unwind-arm.o)
 .text.__gnu_Unwind_RaiseException
                0x0000000002009ef0       0x58 /opt/devkitpro/devkitARM/bin/../lib/gcc/arm-none-eabi/12.1.0/thumb/libgcc.a(unwind-arm.o)
                0x0000000002009ef0                __gnu_Unwind_RaiseException
 .text.__gnu_Unwind_ForcedUnwind
                0x0000000002009f48       0x18 /opt/devkitpro/devkitARM/bin/../lib/gcc/arm-none-eabi/12.1.0/thumb/libgcc.a(unwind-arm.o)
                0x0000000002009f48                __gnu_Unwind_ForcedUnwind
 .text.__gnu_Unwind_Resume
                0x0000000002009f60       0x4c /opt/devkitpro/devkitARM/bin/../lib/gcc/arm-none-eabi/12.1.0/thumb/libgcc.a(unwind-arm.o)
                0x0000000002009f60                __gnu_Unwind_Resume
 .text.__gnu_Unwind_Resume_or_Rethrow
                0x0000000002009fac       0x20 /opt/devkitpro/devkitARM/bin/../lib/gcc/arm-none-eabi/12.1.0/thumb/libgcc.a(unwind-arm.o)
                0x0000000002009fac                __gnu_Unwind_Resume_or_Rethrow
 .text._Unwind_Complete
                0x0000000002009fcc        0x4 /opt/devkitpro/devkitARM/bin/../lib/gcc/arm-none-eabi/12.1.0/thumb/libgcc.a(unwind-arm.o)
                0x0000000002009fcc                _Unwind_Complete
 .text._Unwind_DeleteException
                0x0000000002009fd0       0x18 /opt/devkitpro/devkitARM/bin/../lib/gcc/arm-none-eabi/12.1.0/thumb/libgcc.a(unwind-arm.o)
                0x0000000002009fd0                _Unwind_DeleteException
 .text._Unwind_VRS_Get
                0x0000000002009fe8       0x38 /opt/devkitpro/devkitARM/bin/../lib/gcc/arm-none-eabi/12.1.0/thumb/libgcc.a(unwind-arm.o)
                0x0000000002009fe8                _Unwind_VRS_Get
 .text._Unwind_GetGR
                0x000000000200a020       0x1c /opt/devkitpro/devkitARM/bin/../lib/gcc/arm-none-eabi/12.1.0/thumb/libgcc.a(unwind-arm.o)
 .text._Unwind_VRS_Set
                0x000000000200a03c       0x38 /opt/devkitpro/devkitARM/bin/../lib/gcc/arm-none-eabi/12.1.0/thumb/libgcc.a(unwind-arm.o)
                0x000000000200a03c                _Unwind_VRS_Set
 .text._Unwind_SetGR
                0x000000000200a074       0x1c /opt/devkitpro/devkitARM/bin/../lib/gcc/arm-none-eabi/12.1.0/thumb/libgcc.a(unwind-arm.o)
 .text.__gnu_Unwind_Backtrace
                0x000000000200a090       0x78 /opt/devkitpro/devkitARM/bin/../lib/gcc/arm-none-eabi/12.1.0/thumb/libgcc.a(unwind-arm.o)
                0x000000000200a090                __gnu_Unwind_Backtrace
 .text.__gnu_unwind_pr_common
                0x000000000200a108      0x2f0 /opt/devkitpro/devkitARM/bin/../lib/gcc/arm-none-eabi/12.1.0/thumb/libgcc.a(unwind-arm.o)
 .text.__aeabi_unwind_cpp_pr0
                0x000000000200a3f8       0x10 /opt/devkitpro/devkitARM/bin/../lib/gcc/arm-none-eabi/12.1.0/thumb/libgcc.a(unwind-arm.o)
                0x000000000200a3f8                __aeabi_unwind_cpp_pr0
 .text.__aeabi_unwind_cpp_pr1
                0x000000000200a408       0x10 /opt/devkitpro/devkitARM/bin/../lib/gcc/arm-none-eabi/12.1.0/thumb/libgcc.a(unwind-arm.o)
                0x000000000200a408                __aeabi_unwind_cpp_pr1
 .text.__aeabi_unwind_cpp_pr2
                0x000000000200a418       0x10 /opt/devkitpro/devkitARM/bin/../lib/gcc/arm-none-eabi/12.1.0/thumb/libgcc.a(unwind-arm.o)
                0x000000000200a418                __aeabi_unwind_cpp_pr2
 .text._Unwind_VRS_Pop
                0x000000000200a428      0x2bc /opt/devkitpro/devkitARM/bin/../lib/gcc/arm-none-eabi/12.1.0/thumb/libgcc.a(unwind-arm.o)
                0x000000000200a428                _Unwind_VRS_Pop
 .text.next_unwind_byte
                0x000000000200a6e4       0x34 /opt/devkitpro/devkitARM/bin/../lib/gcc/arm-none-eabi/12.1.0/thumb/libgcc.a(pr-support.o)
 .text._Unwind_GetGR.constprop.0
                0x000000000200a718       0x1c /opt/devkitpro/devkitARM/bin/../lib/gcc/arm-none-eabi/12.1.0/thumb/libgcc.a(pr-support.o)
 .text.unwind_UCB_from_context
                0x000000000200a734        0xc /opt/devkitpro/devkitARM/bin/../lib/gcc/arm-none-eabi/12.1.0/thumb/libgcc.a(pr-support.o)
 .text.__gnu_unwind_execute
                0x000000000200a740      0x2d0 /opt/devkitpro/devkitARM/bin/../lib/gcc/arm-none-eabi/12.1.0/thumb/libgcc.a(pr-support.o)
                0x000000000200a740                __gnu_unwind_execute
 .text.__gnu_unwind_frame
                0x000000000200aa10       0x2c /opt/devkitpro/devkitARM/bin/../lib/gcc/arm-none-eabi/12.1.0/thumb/libgcc.a(pr-support.o)
                0x000000000200aa10                __gnu_unwind_frame
 .text._Unwind_GetRegionStart
                0x000000000200aa3c       0x10 /opt/devkitpro/devkitARM/bin/../lib/gcc/arm-none-eabi/12.1.0/thumb/libgcc.a(pr-support.o)
                0x000000000200aa3c                _Unwind_GetRegionStart
 .text._Unwind_GetLanguageSpecificData
                0x000000000200aa4c       0x18 /opt/devkitpro/devkitARM/bin/../lib/gcc/arm-none-eabi/12.1.0/thumb/libgcc.a(pr-support.o)
                0x000000000200aa4c                _Unwind_GetLanguageSpecificData
 .text.unlikely._Unwind_GetDataRelBase
                0x000000000200aa64        0x6 /opt/devkitpro/devkitARM/bin/../lib/gcc/arm-none-eabi/12.1.0/thumb/libgcc.a(pr-support.o)
                0x000000000200aa64                _Unwind_GetDataRelBase
 .text.unlikely._Unwind_GetTextRelBase
                0x000000000200aa6a        0x6 /opt/devkitpro/devkitARM/bin/../lib/gcc/arm-none-eabi/12.1.0/thumb/libgcc.a(pr-support.o)
                0x000000000200aa6a                _Unwind_GetTextRelBase
 .text.abort    0x000000000200aa70       0x10 /opt/devkitpro/devkitARM/bin/../lib/gcc/arm-none-eabi/12.1.0/../../../../arm-none-eabi/lib/thumb/libg.a(lib_a-abort.o)
                0x000000000200aa70                abort
 .text.atof     0x000000000200aa80       0x10 /opt/devkitpro/devkitARM/bin/../lib/gcc/arm-none-eabi/12.1.0/../../../../arm-none-eabi/lib/thumb/libg.a(lib_a-atof.o)
                0x000000000200aa80                atof
 .text.__libc_init_array
                0x000000000200aa90       0x54 /opt/devkitpro/devkitARM/bin/../lib/gcc/arm-none-eabi/12.1.0/../../../../arm-none-eabi/lib/thumb/libg.a(lib_a-init.o)
                0x000000000200aa90                __libc_init_array
 .text.iprintf  0x000000000200aae4       0x24 /opt/devkitpro/devkitARM/bin/../lib/gcc/arm-none-eabi/12.1.0/../../../../arm-none-eabi/lib/thumb/libg.a(lib_a-iprintf.o)
                0x000000000200aae4                iprintf
 .text.malloc   0x000000000200ab08       0x14 /opt/devkitpro/devkitARM/bin/../lib/gcc/arm-none-eabi/12.1.0/../../../../arm-none-eabi/lib/thumb/libg.a(lib_a-malloc.o)
                0x000000000200ab08                malloc
 .text.free     0x000000000200ab1c       0x14 /opt/devkitpro/devkitARM/bin/../lib/gcc/arm-none-eabi/12.1.0/../../../../arm-none-eabi/lib/thumb/libg.a(lib_a-malloc.o)
                0x000000000200ab1c                free
 .text._malloc_r
                0x000000000200ab30      0x560 /opt/devkitpro/devkitARM/bin/../lib/gcc/arm-none-eabi/12.1.0/../../../../arm-none-eabi/lib/thumb/libg.a(lib_a-mallocr.o)
                0x000000000200ab30                _malloc_r
 .text.memchr   0x000000000200b090       0x78 /opt/devkitpro/devkitARM/bin/../lib/gcc/arm-none-eabi/12.1.0/../../../../arm-none-eabi/lib/thumb/libg.a(lib_a-memchr-stub.o)
                0x000000000200b090                memchr
 .text.memcpy   0x000000000200b108       0x94 /opt/devkitpro/devkitARM/bin/../lib/gcc/arm-none-eabi/12.1.0/../../../../arm-none-eabi/lib/thumb/libg.a(lib_a-memcpy-stub.o)
                0x000000000200b108                memcpy
 .text.memmove  0x000000000200b19c       0xc0 /opt/devkitpro/devkitARM/bin/../lib/gcc/arm-none-eabi/12.1.0/../../../../arm-none-eabi/lib/thumb/libg.a(lib_a-memmove.o)
                0x000000000200b19c                memmove
 .text.memset   0x000000000200b25c       0xb0 /opt/devkitpro/devkitARM/bin/../lib/gcc/arm-none-eabi/12.1.0/../../../../arm-none-eabi/lib/thumb/libg.a(lib_a-memset.o)
                0x000000000200b25c                memset
 .text.__malloc_lock
                0x000000000200b30c       0x14 /opt/devkitpro/devkitARM/bin/../lib/gcc/arm-none-eabi/12.1.0/../../../../arm-none-eabi/lib/thumb/libg.a(lib_a-mlock.o)
                0x000000000200b30c                __malloc_lock
 .text.__malloc_unlock
                0x000000000200b320       0x14 /opt/devkitpro/devkitARM/bin/../lib/gcc/arm-none-eabi/12.1.0/../../../../arm-none-eabi/lib/thumb/libg.a(lib_a-mlock.o)
                0x000000000200b320                __malloc_unlock
 .text.printf   0x000000000200b334       0x24 /opt/devkitpro/devkitARM/bin/../lib/gcc/arm-none-eabi/12.1.0/../../../../arm-none-eabi/lib/thumb/libg.a(lib_a-printf.o)
                0x000000000200b334                printf
 .text.setvbuf  0x000000000200b358      0x19c /opt/devkitpro/devkitARM/bin/../lib/gcc/arm-none-eabi/12.1.0/../../../../arm-none-eabi/lib/thumb/libg.a(lib_a-setvbuf.o)
                0x000000000200b358                setvbuf
 .text._raise_r
                0x000000000200b4f4       0x60 /opt/devkitpro/devkitARM/bin/../lib/gcc/arm-none-eabi/12.1.0/../../../../arm-none-eabi/lib/thumb/libg.a(lib_a-signal.o)
                0x000000000200b4f4                _raise_r
 .text.raise    0x000000000200b554       0x14 /opt/devkitpro/devkitARM/bin/../lib/gcc/arm-none-eabi/12.1.0/../../../../arm-none-eabi/lib/thumb/libg.a(lib_a-signal.o)
                0x000000000200b554                raise
 .text.siscanf  0x000000000200b568       0x4c /opt/devkitpro/devkitARM/bin/../lib/gcc/arm-none-eabi/12.1.0/../../../../arm-none-eabi/lib/thumb/libg.a(lib_a-siscanf.o)
                0x000000000200b568                siscanf
 .text.__sread  0x000000000200b5b4       0x34 /opt/devkitpro/devkitARM/bin/../lib/gcc/arm-none-eabi/12.1.0/../../../../arm-none-eabi/lib/thumb/libg.a(lib_a-stdio.o)
                0x000000000200b5b4                __sread
 .text.__seofread
                0x000000000200b5e8        0x4 /opt/devkitpro/devkitARM/bin/../lib/gcc/arm-none-eabi/12.1.0/../../../../arm-none-eabi/lib/thumb/libg.a(lib_a-stdio.o)
                0x000000000200b5e8                __seofread
 .text.__swrite
                0x000000000200b5ec       0x4c /opt/devkitpro/devkitARM/bin/../lib/gcc/arm-none-eabi/12.1.0/../../../../arm-none-eabi/lib/thumb/libg.a(lib_a-stdio.o)
                0x000000000200b5ec                __swrite
 .text.__sseek  0x000000000200b638       0x44 /opt/devkitpro/devkitARM/bin/../lib/gcc/arm-none-eabi/12.1.0/../../../../arm-none-eabi/lib/thumb/libg.a(lib_a-stdio.o)
                0x000000000200b638                __sseek
 .text.__sclose
                0x000000000200b67c       0x10 /opt/devkitpro/devkitARM/bin/../lib/gcc/arm-none-eabi/12.1.0/../../../../arm-none-eabi/lib/thumb/libg.a(lib_a-stdio.o)
                0x000000000200b67c                __sclose
 .text.strcpy   0x000000000200b68c       0x10 /opt/devkitpro/devkitARM/bin/../lib/gcc/arm-none-eabi/12.1.0/../../../../arm-none-eabi/lib/thumb/libg.a(lib_a-strcpy.o)
                0x000000000200b68c                strcpy
 .text.strlen   0x000000000200b69c       0x60 /opt/devkitpro/devkitARM/bin/../lib/gcc/arm-none-eabi/12.1.0/../../../../arm-none-eabi/lib/thumb/libg.a(lib_a-strlen-stub.o)
                0x000000000200b69c                strlen
 .text.sulp     0x000000000200b6fc       0x34 /opt/devkitpro/devkitARM/bin/../lib/gcc/arm-none-eabi/12.1.0/../../../../arm-none-eabi/lib/thumb/libg.a(lib_a-strtod.o)
 .text._strtod_l
                0x000000000200b730      0xebc /opt/devkitpro/devkitARM/bin/../lib/gcc/arm-none-eabi/12.1.0/../../../../arm-none-eabi/lib/thumb/libg.a(lib_a-strtod.o)
                0x000000000200b730                _strtod_l
 .text.strtod   0x000000000200c5ec       0x20 /opt/devkitpro/devkitARM/bin/../lib/gcc/arm-none-eabi/12.1.0/../../../../arm-none-eabi/lib/thumb/libg.a(lib_a-strtod.o)
                0x000000000200c5ec                strtod
 .text._strtoul_l.constprop.0
                0x000000000200c60c      0x144 /opt/devkitpro/devkitARM/bin/../lib/gcc/arm-none-eabi/12.1.0/../../../../arm-none-eabi/lib/thumb/libg.a(lib_a-strtoul.o)
 .text._strtoul_r
                0x000000000200c750        0xc /opt/devkitpro/devkitARM/bin/../lib/gcc/arm-none-eabi/12.1.0/../../../../arm-none-eabi/lib/thumb/libg.a(lib_a-strtoul.o)
                0x000000000200c750                _strtoul_r
 .text.get_arg  0x000000000200c75c       0x32 /opt/devkitpro/devkitARM/bin/../lib/gcc/arm-none-eabi/12.1.0/../../../../arm-none-eabi/lib/thumb/libg.a(lib_a-svfiscanf.o)
 .text._sungetc_r
                0x000000000200c78e       0x7e /opt/devkitpro/devkitARM/bin/../lib/gcc/arm-none-eabi/12.1.0/../../../../arm-none-eabi/lib/thumb/libg.a(lib_a-svfiscanf.o)
                0x000000000200c78e                _sungetc_r
 .text.__ssrefill_r
                0x000000000200c80c       0x42 /opt/devkitpro/devkitARM/bin/../lib/gcc/arm-none-eabi/12.1.0/../../../../arm-none-eabi/lib/thumb/libg.a(lib_a-svfiscanf.o)
                0x000000000200c80c                __ssrefill_r
 .text._sfread_r
                0x000000000200c84e       0x88 /opt/devkitpro/devkitARM/bin/../lib/gcc/arm-none-eabi/12.1.0/../../../../arm-none-eabi/lib/thumb/libg.a(lib_a-svfiscanf.o)
                0x000000000200c84e                _sfread_r
 *fill*         0x000000000200c8d6        0x2 ff
 .text.__ssvfiscanf_r
                0x000000000200c8d8     0x1ae0 /opt/devkitpro/devkitARM/bin/../lib/gcc/arm-none-eabi/12.1.0/../../../../arm-none-eabi/lib/thumb/libg.a(lib_a-svfiscanf.o)
                0x000000000200c8d8                __ssvfiscanf_r
 .text.__submore
                0x000000000200e3b8       0x88 /opt/devkitpro/devkitARM/bin/../lib/gcc/arm-none-eabi/12.1.0/../../../../arm-none-eabi/lib/thumb/libg.a(lib_a-ungetc.o)
                0x000000000200e3b8                __submore
 .text.get_arg  0x000000000200e440      0x42c /opt/devkitpro/devkitARM/bin/../lib/gcc/arm-none-eabi/12.1.0/../../../../arm-none-eabi/lib/thumb/libg.a(lib_a-vfiprintf.o)
 .text.__sprint_r
                0x000000000200e86c       0x24 /opt/devkitpro/devkitARM/bin/../lib/gcc/arm-none-eabi/12.1.0/../../../../arm-none-eabi/lib/thumb/libg.a(lib_a-vfiprintf.o)
                0x000000000200e86c                __sprint_r
 .text._vfiprintf_r
                0x000000000200e890     0x173c /opt/devkitpro/devkitARM/bin/../lib/gcc/arm-none-eabi/12.1.0/../../../../arm-none-eabi/lib/thumb/libg.a(lib_a-vfiprintf.o)
                0x000000000200e890                _vfiprintf_r
 .text.__sbprintf
                0x000000000200ffcc       0x8c /opt/devkitpro/devkitARM/bin/../lib/gcc/arm-none-eabi/12.1.0/../../../../arm-none-eabi/lib/thumb/libg.a(lib_a-vfiprintf.o)
 .text.get_arg  0x0000000002010058      0x42c /opt/devkitpro/devkitARM/bin/../lib/gcc/arm-none-eabi/12.1.0/../../../../arm-none-eabi/lib/thumb/libg.a(lib_a-vfprintf.o)
 .text._vfprintf_r
                0x0000000002010484     0x2360 /opt/devkitpro/devkitARM/bin/../lib/gcc/arm-none-eabi/12.1.0/../../../../arm-none-eabi/lib/thumb/libg.a(lib_a-vfprintf.o)
                0x0000000002010484                _vfprintf_r
 .text.__sbprintf
                0x00000000020127e4       0x8c /opt/devkitpro/devkitARM/bin/../lib/gcc/arm-none-eabi/12.1.0/../../../../arm-none-eabi/lib/thumb/libg.a(lib_a-vfprintf.o)
 .text._vsnprintf_r
                0x0000000002012870       0x74 /opt/devkitpro/devkitARM/bin/../lib/gcc/arm-none-eabi/12.1.0/../../../../arm-none-eabi/lib/thumb/libg.a(lib_a-vsnprintf.o)
                0x0000000002012870                _vsnprintf_r
 .text.vsnprintf
                0x00000000020128e4       0x24 /opt/devkitpro/devkitARM/bin/../lib/gcc/arm-none-eabi/12.1.0/../../../../arm-none-eabi/lib/thumb/libg.a(lib_a-vsnprintf.o)
                0x00000000020128e4                vsnprintf
 .text._wcrtomb_r
                0x0000000002012908       0x5c /opt/devkitpro/devkitARM/bin/../lib/gcc/arm-none-eabi/12.1.0/../../../../arm-none-eabi/lib/thumb/libg.a(lib_a-wcrtomb.o)
                0x0000000002012908                _wcrtomb_r
 .text._wcsrtombs_r
                0x0000000002012964       0x1c /opt/devkitpro/devkitARM/bin/../lib/gcc/arm-none-eabi/12.1.0/../../../../arm-none-eabi/lib/thumb/libg.a(lib_a-wcsrtombs.o)
                0x0000000002012964                _wcsrtombs_r
 .text.__swsetup_r
                0x0000000002012980       0xd0 /opt/devkitpro/devkitARM/bin/../lib/gcc/arm-none-eabi/12.1.0/../../../../arm-none-eabi/lib/thumb/libg.a(lib_a-wsetup.o)
                0x0000000002012980                __swsetup_r
 .text.quorem   0x0000000002012a50      0x158 /opt/devkitpro/devkitARM/bin/../lib/gcc/arm-none-eabi/12.1.0/../../../../arm-none-eabi/lib/thumb/libg.a(lib_a-dtoa.o)
 .text._dtoa_r  0x0000000002012ba8      0xfcc /opt/devkitpro/devkitARM/bin/../lib/gcc/arm-none-eabi/12.1.0/../../../../arm-none-eabi/lib/thumb/libg.a(lib_a-dtoa.o)
                0x0000000002012ba8                _dtoa_r
 .text.__errno  0x0000000002013b74        0xc /opt/devkitpro/devkitARM/bin/../lib/gcc/arm-none-eabi/12.1.0/../../../../arm-none-eabi/lib/thumb/libg.a(lib_a-errno.o)
                0x0000000002013b74                __errno
 .text.__sflush_r
                0x0000000002013b80      0x18c /opt/devkitpro/devkitARM/bin/../lib/gcc/arm-none-eabi/12.1.0/../../../../arm-none-eabi/lib/thumb/libg.a(lib_a-fflush.o)
                0x0000000002013b80                __sflush_r
 .text._fflush_r
                0x0000000002013d0c       0x70 /opt/devkitpro/devkitARM/bin/../lib/gcc/arm-none-eabi/12.1.0/../../../../arm-none-eabi/lib/thumb/libg.a(lib_a-fflush.o)
                0x0000000002013d0c                _fflush_r
 .text._cleanup_r
                0x0000000002013d7c       0x14 /opt/devkitpro/devkitARM/bin/../lib/gcc/arm-none-eabi/12.1.0/../../../../arm-none-eabi/lib/thumb/libg.a(lib_a-findfp.o)
                0x0000000002013d7c                _cleanup_r
 .text.__sinit  0x0000000002013d90      0x124 /opt/devkitpro/devkitARM/bin/../lib/gcc/arm-none-eabi/12.1.0/../../../../arm-none-eabi/lib/thumb/libg.a(lib_a-findfp.o)
                0x0000000002013d90                __sinit
 .text.__sfp_lock_acquire
                0x0000000002013eb4       0x14 /opt/devkitpro/devkitARM/bin/../lib/gcc/arm-none-eabi/12.1.0/../../../../arm-none-eabi/lib/thumb/libg.a(lib_a-findfp.o)
                0x0000000002013eb4                __sfp_lock_acquire
 .text.__sfp_lock_release
                0x0000000002013ec8       0x14 /opt/devkitpro/devkitARM/bin/../lib/gcc/arm-none-eabi/12.1.0/../../../../arm-none-eabi/lib/thumb/libg.a(lib_a-findfp.o)
                0x0000000002013ec8                __sfp_lock_release
 .text._malloc_trim_r
                0x0000000002013edc       0xac /opt/devkitpro/devkitARM/bin/../lib/gcc/arm-none-eabi/12.1.0/../../../../arm-none-eabi/lib/thumb/libg.a(lib_a-freer.o)
                0x0000000002013edc                _malloc_trim_r
 .text._free_r  0x0000000002013f88      0x1d8 /opt/devkitpro/devkitARM/bin/../lib/gcc/arm-none-eabi/12.1.0/../../../../arm-none-eabi/lib/thumb/libg.a(lib_a-freer.o)
                0x0000000002013f88                _free_r
 .text.__sfvwrite_r
                0x0000000002014160      0x334 /opt/devkitpro/devkitARM/bin/../lib/gcc/arm-none-eabi/12.1.0/../../../../arm-none-eabi/lib/thumb/libg.a(lib_a-fvwrite.o)
                0x0000000002014160                __sfvwrite_r
 .text._fwalk_reent
                0x0000000002014494       0x50 /opt/devkitpro/devkitARM/bin/../lib/gcc/arm-none-eabi/12.1.0/../../../../arm-none-eabi/lib/thumb/libg.a(lib_a-fwalk.o)
                0x0000000002014494                _fwalk_reent
 .text.rshift   0x00000000020144e4       0xb4 /opt/devkitpro/devkitARM/bin/../lib/gcc/arm-none-eabi/12.1.0/../../../../arm-none-eabi/lib/thumb/libg.a(lib_a-gdtoa-gethex.o)
 .text.__gethex
                0x0000000002014598      0x5c0 /opt/devkitpro/devkitARM/bin/../lib/gcc/arm-none-eabi/12.1.0/../../../../arm-none-eabi/lib/thumb/libg.a(lib_a-gdtoa-gethex.o)
                0x0000000002014598                __gethex
 .text.__match  0x0000000002014b58       0x34 /opt/devkitpro/devkitARM/bin/../lib/gcc/arm-none-eabi/12.1.0/../../../../arm-none-eabi/lib/thumb/libg.a(lib_a-gdtoa-hexnan.o)
                0x0000000002014b58                __match
 .text.__hexnan
                0x0000000002014b8c      0x204 /opt/devkitpro/devkitARM/bin/../lib/gcc/arm-none-eabi/12.1.0/../../../../arm-none-eabi/lib/thumb/libg.a(lib_a-gdtoa-hexnan.o)
                0x0000000002014b8c                __hexnan
 .text.iswspace
                0x0000000002014d90       0x10 /opt/devkitpro/devkitARM/bin/../lib/gcc/arm-none-eabi/12.1.0/../../../../arm-none-eabi/lib/thumb/libg.a(lib_a-iswspace.o)
                0x0000000002014d90                iswspace
 .text._localeconv_r
                0x0000000002014da0        0x8 /opt/devkitpro/devkitARM/bin/../lib/gcc/arm-none-eabi/12.1.0/../../../../arm-none-eabi/lib/thumb/libg.a(lib_a-localeconv.o)
                0x0000000002014da0                _localeconv_r
 .text.__locale_mb_cur_max
                0x0000000002014da8       0x10 /opt/devkitpro/devkitARM/bin/../lib/gcc/arm-none-eabi/12.1.0/../../../../arm-none-eabi/lib/thumb/libg.a(lib_a-locale.o)
                0x0000000002014da8                __locale_mb_cur_max
 .text.__smakebuf_r
                0x0000000002014db8       0xf0 /opt/devkitpro/devkitARM/bin/../lib/gcc/arm-none-eabi/12.1.0/../../../../arm-none-eabi/lib/thumb/libg.a(lib_a-makebuf.o)
                0x0000000002014db8                __smakebuf_r
 .text.__swhatbuf_r
                0x0000000002014ea8       0x5c /opt/devkitpro/devkitARM/bin/../lib/gcc/arm-none-eabi/12.1.0/../../../../arm-none-eabi/lib/thumb/libg.a(lib_a-makebuf.o)
                0x0000000002014ea8                __swhatbuf_r
 .text._mbrtowc_r
                0x0000000002014f04       0x60 /opt/devkitpro/devkitARM/bin/../lib/gcc/arm-none-eabi/12.1.0/../../../../arm-none-eabi/lib/thumb/libg.a(lib_a-mbrtowc.o)
                0x0000000002014f04                _mbrtowc_r
 .text.__utf8_mbtowc
                0x0000000002014f64      0x27c /opt/devkitpro/devkitARM/bin/../lib/gcc/arm-none-eabi/12.1.0/../../../../arm-none-eabi/lib/thumb/libg.a(lib_a-mbtowc_r.o)
                0x0000000002014f64                __utf8_mbtowc
 .text._Balloc  0x00000000020151e0       0x54 /opt/devkitpro/devkitARM/bin/../lib/gcc/arm-none-eabi/12.1.0/../../../../arm-none-eabi/lib/thumb/libg.a(lib_a-mprec.o)
                0x00000000020151e0                _Balloc
 .text._Bfree   0x0000000002015234       0x14 /opt/devkitpro/devkitARM/bin/../lib/gcc/arm-none-eabi/12.1.0/../../../../arm-none-eabi/lib/thumb/libg.a(lib_a-mprec.o)
                0x0000000002015234                _Bfree
 .text.__multadd
                0x0000000002015248       0xac /opt/devkitpro/devkitARM/bin/../lib/gcc/arm-none-eabi/12.1.0/../../../../arm-none-eabi/lib/thumb/libg.a(lib_a-mprec.o)
                0x0000000002015248                __multadd
 .text.__s2b    0x00000000020152f4       0xb4 /opt/devkitpro/devkitARM/bin/../lib/gcc/arm-none-eabi/12.1.0/../../../../arm-none-eabi/lib/thumb/libg.a(lib_a-mprec.o)
                0x00000000020152f4                __s2b
 .text.__hi0bits
                0x00000000020153a8       0x4c /opt/devkitpro/devkitARM/bin/../lib/gcc/arm-none-eabi/12.1.0/../../../../arm-none-eabi/lib/thumb/libg.a(lib_a-mprec.o)
                0x00000000020153a8                __hi0bits
 .text.__lo0bits
                0x00000000020153f4       0x5c /opt/devkitpro/devkitARM/bin/../lib/gcc/arm-none-eabi/12.1.0/../../../../arm-none-eabi/lib/thumb/libg.a(lib_a-mprec.o)
                0x00000000020153f4                __lo0bits
 .text.__i2b    0x0000000002015450       0x64 /opt/devkitpro/devkitARM/bin/../lib/gcc/arm-none-eabi/12.1.0/../../../../arm-none-eabi/lib/thumb/libg.a(lib_a-mprec.o)
                0x0000000002015450                __i2b
 .text.__multiply
                0x00000000020154b4      0x1b4 /opt/devkitpro/devkitARM/bin/../lib/gcc/arm-none-eabi/12.1.0/../../../../arm-none-eabi/lib/thumb/libg.a(lib_a-mprec.o)
                0x00000000020154b4                __multiply
 .text.__pow5mult
                0x0000000002015668       0xd4 /opt/devkitpro/devkitARM/bin/../lib/gcc/arm-none-eabi/12.1.0/../../../../arm-none-eabi/lib/thumb/libg.a(lib_a-mprec.o)
                0x0000000002015668                __pow5mult
 .text.__lshift
                0x000000000201573c      0x100 /opt/devkitpro/devkitARM/bin/../lib/gcc/arm-none-eabi/12.1.0/../../../../arm-none-eabi/lib/thumb/libg.a(lib_a-mprec.o)
                0x000000000201573c                __lshift
 .text.__mcmp   0x000000000201583c       0x40 /opt/devkitpro/devkitARM/bin/../lib/gcc/arm-none-eabi/12.1.0/../../../../arm-none-eabi/lib/thumb/libg.a(lib_a-mprec.o)
                0x000000000201583c                __mcmp